Archive member included because of file (symbol)

../libopencm3/lib\libopencm3_stm32f4.a(rcc.o)
                              ./stm_main.o (rcc_clock_setup_hse_3v3)
../libopencm3/lib\libopencm3_stm32f4.a(gpio_common_all.o)
                              ./hw_control.o (gpio_set)
../libopencm3/lib\libopencm3_stm32f4.a(gpio_common_f0234.o)
                              ./serial_stm32.o (gpio_mode_setup)
../libopencm3/lib\libopencm3_stm32f4.a(timer_common_all.o)
                              ./hw_control.o (timer_reset)
../libopencm3/lib\libopencm3_stm32f4.a(usart_common_all.o)
                              ./serial_stm32.o (usart_set_baudrate)
../libopencm3/lib\libopencm3_stm32f4.a(usart_common_f124.o)
                              ./serial_stm32.o (usart_send)
../libopencm3/lib\libopencm3_stm32f4.a(flash_common_f234.o)
                              ../libopencm3/lib\libopencm3_stm32f4.a(rcc.o) (flash_set_ws)
../libopencm3/lib\libopencm3_stm32f4.a(rcc_common_all.o)
                              ./serial_stm32.o (rcc_periph_clock_enable)
../libopencm3/lib\libopencm3_stm32f4.a(vector.o)
                              (reset_handler)
../libopencm3/lib\libopencm3_stm32f4.a(nvic.o)
                              ./serial_stm32.o (nvic_enable_irq)
../libopencm3/lib\libopencm3_stm32f4.a(assert.o)
                              ../libopencm3/lib\libopencm3_stm32f4.a(rcc.o) (cm3_assert_failed)
../libopencm3/lib\libopencm3_stm32f4.a(pwr.o)
                              ../libopencm3/lib\libopencm3_stm32f4.a(rcc.o) (pwr_set_vos_scale)
c:/bin/gcc-arm-none-eabi-4_8-131228/bin/../lib/gcc/arm-none-eabi/4.8.3/../../../../arm-none-eabi/lib/armv7e-m/fpu\libc.a(lib_a-memset.o)
                              ./gcode.o (memset)
c:/bin/gcc-arm-none-eabi-4_8-131228/bin/../lib/gcc/arm-none-eabi/4.8.3/../../../../arm-none-eabi/lib/armv7e-m/fpu\libc.a(lib_a-sprintf.o)
                              ./hw_control.o (sprintf)
c:/bin/gcc-arm-none-eabi-4_8-131228/bin/../lib/gcc/arm-none-eabi/4.8.3/../../../../arm-none-eabi/lib/armv7e-m/fpu\libc.a(lib_a-svfprintf.o)
                              c:/bin/gcc-arm-none-eabi-4_8-131228/bin/../lib/gcc/arm-none-eabi/4.8.3/../../../../arm-none-eabi/lib/armv7e-m/fpu\libc.a(lib_a-sprintf.o) (_svfprintf_r)
c:/bin/gcc-arm-none-eabi-4_8-131228/bin/../lib/gcc/arm-none-eabi/4.8.3/../../../../arm-none-eabi/lib/armv7e-m/fpu\libc.a(lib_a-dtoa.o)
                              c:/bin/gcc-arm-none-eabi-4_8-131228/bin/../lib/gcc/arm-none-eabi/4.8.3/../../../../arm-none-eabi/lib/armv7e-m/fpu\libc.a(lib_a-svfprintf.o) (_dtoa_r)
c:/bin/gcc-arm-none-eabi-4_8-131228/bin/../lib/gcc/arm-none-eabi/4.8.3/../../../../arm-none-eabi/lib/armv7e-m/fpu\libc.a(lib_a-freer.o)
                              c:/bin/gcc-arm-none-eabi-4_8-131228/bin/../lib/gcc/arm-none-eabi/4.8.3/../../../../arm-none-eabi/lib/armv7e-m/fpu\libc.a(lib_a-svfprintf.o) (_free_r)
c:/bin/gcc-arm-none-eabi-4_8-131228/bin/../lib/gcc/arm-none-eabi/4.8.3/../../../../arm-none-eabi/lib/armv7e-m/fpu\libc.a(lib_a-impure.o)
                              c:/bin/gcc-arm-none-eabi-4_8-131228/bin/../lib/gcc/arm-none-eabi/4.8.3/../../../../arm-none-eabi/lib/armv7e-m/fpu\libc.a(lib_a-sprintf.o) (_impure_ptr)
c:/bin/gcc-arm-none-eabi-4_8-131228/bin/../lib/gcc/arm-none-eabi/4.8.3/../../../../arm-none-eabi/lib/armv7e-m/fpu\libc.a(lib_a-locale.o)
                              c:/bin/gcc-arm-none-eabi-4_8-131228/bin/../lib/gcc/arm-none-eabi/4.8.3/../../../../arm-none-eabi/lib/armv7e-m/fpu\libc.a(lib_a-svfprintf.o) (_localeconv_r)
c:/bin/gcc-arm-none-eabi-4_8-131228/bin/../lib/gcc/arm-none-eabi/4.8.3/../../../../arm-none-eabi/lib/armv7e-m/fpu\libc.a(lib_a-malloc.o)
                              c:/bin/gcc-arm-none-eabi-4_8-131228/bin/../lib/gcc/arm-none-eabi/4.8.3/../../../../arm-none-eabi/lib/armv7e-m/fpu\libc.a(lib_a-dtoa.o) (malloc)
c:/bin/gcc-arm-none-eabi-4_8-131228/bin/../lib/gcc/arm-none-eabi/4.8.3/../../../../arm-none-eabi/lib/armv7e-m/fpu\libc.a(lib_a-mallocr.o)
                              c:/bin/gcc-arm-none-eabi-4_8-131228/bin/../lib/gcc/arm-none-eabi/4.8.3/../../../../arm-none-eabi/lib/armv7e-m/fpu\libc.a(lib_a-svfprintf.o) (_malloc_r)
c:/bin/gcc-arm-none-eabi-4_8-131228/bin/../lib/gcc/arm-none-eabi/4.8.3/../../../../arm-none-eabi/lib/armv7e-m/fpu\libc.a(lib_a-memchr-stub.o)
                              c:/bin/gcc-arm-none-eabi-4_8-131228/bin/../lib/gcc/arm-none-eabi/4.8.3/../../../../arm-none-eabi/lib/armv7e-m/fpu\libc.a(lib_a-svfprintf.o) (memchr)
c:/bin/gcc-arm-none-eabi-4_8-131228/bin/../lib/gcc/arm-none-eabi/4.8.3/../../../../arm-none-eabi/lib/armv7e-m/fpu\libc.a(lib_a-memcpy.o)
                              c:/bin/gcc-arm-none-eabi-4_8-131228/bin/../lib/gcc/arm-none-eabi/4.8.3/../../../../arm-none-eabi/lib/armv7e-m/fpu\libc.a(lib_a-dtoa.o) (memcpy)
c:/bin/gcc-arm-none-eabi-4_8-131228/bin/../lib/gcc/arm-none-eabi/4.8.3/../../../../arm-none-eabi/lib/armv7e-m/fpu\libc.a(lib_a-mlock.o)
[...]
Memory Configuration

Name             Origin             Length             Attributes
rom              0x08000000         0x00080000         xr
ram              0x20000000         0x00020000         xrw
*default*        0x00000000         0xffffffff

Linker script and memory map

LOAD ./motion_control.o
LOAD ./gcode.o
LOAD ./spindle_control.o
LOAD ./coolant_control.o
LOAD ./protocol.o
LOAD ./stepper.o
LOAD ./eeprom.o
LOAD ./settings.o
LOAD ./planner.o
LOAD ./nuts_bolts.o
LOAD ./limits.o
LOAD ./print.o
LOAD ./probe.o
LOAD ./report.o
LOAD ./system.o
LOAD ./stm_main.o
LOAD ./serial_stm32.o
LOAD ./delay.o
LOAD ./hw_control.o
LOAD ../libopencm3/lib\libopencm3_stm32f4.a
START GROUP
LOAD c:/bin/gcc-arm-none-eabi-4_8-131228/bin/../lib/gcc/arm-none-eabi/4.8.3/../../../../arm-none-eabi/lib/armv7e-m/fpu\libc.a
LOAD c:/bin/gcc-arm-none-eabi-4_8-131228/bin/../lib/gcc/arm-none-eabi/4.8.3/../../../../arm-none-eabi/lib/armv7e-m/fpu\libm.a
LOAD c:/bin/gcc-arm-none-eabi-4_8-131228/bin/../lib/gcc/arm-none-eabi/4.8.3/armv7e-m/fpu\libgcc.a
LOAD c:/bin/gcc-arm-none-eabi-4_8-131228/bin/../lib/gcc/arm-none-eabi/4.8.3/../../../../arm-none-eabi/lib/armv7e-m/fpu\libnosys.a
END GROUP
START GROUP
LOAD c:/bin/gcc-arm-none-eabi-4_8-131228/bin/../lib/gcc/arm-none-eabi/4.8.3/armv7e-m/fpu\libgcc.a
LOAD c:/bin/gcc-arm-none-eabi-4_8-131228/bin/../lib/gcc/arm-none-eabi/4.8.3/../../../../arm-none-eabi/lib/armv7e-m/fpu\libc.a
END GROUP

.text           0x08000000     0xc560
 *(.vectors)
 .vectors       0x08000000      0x1ac ../libopencm3/lib\libopencm3_stm32f4.a(vector.o)
                0x08000000                vector_table
 *(.text*)
 .text.mc_line  0x080001ac       0x5c ./motion_control.o
                0x080001ac                mc_line
 .text.mc_arc   0x08000208      0x310 ./motion_control.o
                0x08000208                mc_arc
 .text.mc_dwell
                0x08000518       0x8c ./motion_control.o
                0x08000518                mc_dwell
 .text.mc_homing_cycle
                0x080005a4       0x30 ./motion_control.o
                0x080005a4                mc_homing_cycle
 .text.mc_probe_cycle
                0x080005d4       0xd0 ./motion_control.o
                0x080005d4                mc_probe_cycle
 .text.mc_reset
                0x080006a4       0x48 ./motion_control.o
                0x080006a4                mc_reset
 .text.gc_init  0x080006ec       0x2c ./gcode.o
                0x080006ec                gc_init
 .text.gc_sync_position
                0x08000718       0x10 ./gcode.o
                0x08000718                gc_sync_position
 .text.gc_execute_line
                0x08000728      0xe88 ./gcode.o
                0x08000728                gc_execute_line
 .text.spindle_stop
                0x080015b0       0x10 ./spindle_control.o
                0x080015b0                spindle_stop
 .text.spindle_init
                0x080015c0        0x4 ./spindle_control.o
                0x080015c0                spindle_init
 .text.spindle_set_state
                0x080015c4       0x30 ./spindle_control.o
                0x080015c4                spindle_set_state
 .text.spindle_run
                0x080015f4       0x34 ./spindle_control.o
                0x080015f4                spindle_run
 .text.coolant_init
                0x08001628        0x2 ./coolant_control.o
                0x08001628                coolant_init
 .text.coolant_stop
                0x0800162a        0x2 ./coolant_control.o
                0x0800162a                coolant_stop
 .text.coolant_set_state
                0x0800162c        0x2 ./coolant_control.o
                0x0800162c                coolant_set_state
 *fill*         0x0800162e        0x2 
 .text.coolant_run
                0x08001630       0x14 ./coolant_control.o
                0x08001630                coolant_run
 .text.protocol_execute_realtime
                0x08001644      0x1d4 ./protocol.o
                0x08001644                protocol_execute_realtime
 .text.protocol_auto_cycle_start
                0x08001818       0x10 ./protocol.o
                0x08001818                protocol_auto_cycle_start
 .text.protocol_main_loop
                0x08001828       0xec ./protocol.o
                0x08001828                protocol_main_loop
 .text.protocol_buffer_synchronize
                0x08001914       0x24 ./protocol.o
                0x08001914                protocol_buffer_synchronize
 .text.st_wake_up
                0x08001938       0x44 ./stepper.o
                0x08001938                st_wake_up
 .text.st_go_idle
                0x0800197c       0x38 ./stepper.o
                0x0800197c                st_go_idle
 .text.main_step_isr
                0x080019b4      0x188 ./stepper.o
                0x080019b4                main_step_isr
 .text.st_generate_step_dir_invert_masks
                0x08001b3c       0x60 ./stepper.o
                0x08001b3c                st_generate_step_dir_invert_masks
 .text.st_reset
                0x08001b9c       0x58 ./stepper.o
                0x08001b9c                st_reset
 .text.stepper_init
                0x08001bf4       0x12 ./stepper.o
                0x08001bf4                stepper_init
 *fill*         0x08001c06        0x2 
 .text.st_update_plan_block_parameters
                0x08001c08       0x28 ./stepper.o
                0x08001c08                st_update_plan_block_parameters
 .text.st_prep_buffer
                0x08001c30      0x6a8 ./stepper.o
                0x08001c30                st_prep_buffer
 .text.eeprom_get_char
                0x080022d8        0x4 ./eeprom.o
                0x080022d8                eeprom_get_char
 .text.eeprom_put_char
                0x080022dc        0x2 ./eeprom.o
                0x080022dc                eeprom_put_char
 .text.memcpy_to_eeprom_with_checksum
                0x080022de        0x2 ./eeprom.o
                0x080022de                memcpy_to_eeprom_with_checksum
 .text.memcpy_from_eeprom_with_checksum
                0x080022e0       0x12 ./eeprom.o
                0x080022e0                memcpy_from_eeprom_with_checksum
 .text.settings_store_startup_line
                0x080022f2       0x10 ./settings.o
                0x080022f2                settings_store_startup_line
 .text.settings_store_build_info
                0x08002302        0xc ./settings.o
                0x08002302                settings_store_build_info
 .text.settings_write_coord_data
                0x0800230e       0x10 ./settings.o
                0x0800230e                settings_write_coord_data
 *fill*         0x0800231e        0x2 
 .text.write_global_settings
                0x08002320       0x1c ./settings.o
                0x08002320                write_global_settings
 .text.settings_restore
                0x0800233c       0xe4 ./settings.o
                0x0800233c                settings_restore
 .text.settings_read_startup_line
                0x08002420       0x2e ./settings.o
                0x08002420                settings_read_startup_line
 .text.settings_read_build_info
                0x0800244e       0x22 ./settings.o
                0x0800244e                settings_read_build_info
 .text.settings_read_coord_data
                0x08002470       0x36 ./settings.o
                0x08002470                settings_read_coord_data
 *fill*         0x080024a6        0x2 
 .text.read_global_settings
                0x080024a8       0x28 ./settings.o
                0x080024a8                read_global_settings
 .text.settings_store_global_setting
                0x080024d0      0x1dc ./settings.o
                0x080024d0                settings_store_global_setting
 .text.settings_init
                0x080026ac       0x14 ./settings.o
                0x080026ac                settings_init
 .text.get_step_pin_mask
                0x080026c0       0x10 ./settings.o
                0x080026c0                get_step_pin_mask
 .text.get_direction_pin_mask
                0x080026d0       0x10 ./settings.o
                0x080026d0                get_direction_pin_mask
 .text.planner_recalculate
                0x080026e0      0x158 ./planner.o
 .text.plan_reset
                0x08002838       0x38 ./planner.o
                0x08002838                plan_reset
 .text.plan_discard_current_block
                0x08002870       0x34 ./planner.o
                0x08002870                plan_discard_current_block
 .text.plan_get_current_block
                0x080028a4       0x28 ./planner.o
                0x080028a4                plan_get_current_block
 .text.plan_get_exec_block_exit_speed
                0x080028cc       0x4c ./planner.o
                0x080028cc                plan_get_exec_block_exit_speed
 .text.plan_check_full_buffer
                0x08002918       0x18 ./planner.o
                0x08002918                plan_check_full_buffer
 .text.plan_buffer_line
                0x08002930      0x360 ./planner.o
                0x08002930                plan_buffer_line
 .text.plan_sync_position
                0x08002c90       0x1c ./planner.o
                0x08002c90                plan_sync_position
 .text.plan_get_block_buffer_count
                0x08002cac       0x1c ./planner.o
                0x08002cac                plan_get_block_buffer_count
 .text.plan_cycle_reinitialize
                0x08002cc8       0x20 ./planner.o
                0x08002cc8                plan_cycle_reinitialize
 .text.read_float
                0x08002ce8      0x110 ./nuts_bolts.o
                0x08002ce8                read_float
 .text.hypot_f  0x08002df8       0x28 ./nuts_bolts.o
                0x08002df8                hypot_f
 .text.limit_isr
                0x08002e20       0x20 ./limits.o
                0x08002e20                limit_isr
 .text.limits_go_home
                0x08002e40      0x204 ./limits.o
                0x08002e40                limits_go_home
 .text.limits_soft_check
                0x08003044       0x98 ./limits.o
                0x08003044                limits_soft_check
 .text.printString
                0x080030dc       0x12 ./print.o
                0x080030dc                printString
 .text.printPgmString
                0x080030ee       0x12 ./print.o
                0x080030ee                printPgmString
 .text.print_unsigned_int8
                0x08003100       0x44 ./print.o
                0x08003100                print_unsigned_int8
 .text.print_uint8_base2
                0x08003144        0x8 ./print.o
                0x08003144                print_uint8_base2
 .text.print_uint8_base10
                0x0800314c       0x16 ./print.o
                0x0800314c                print_uint8_base10
 *fill*         0x08003162        0x2 
 .text.printFloat
                0x08003164       0xd0 ./print.o
                0x08003164                printFloat
 *fill*         0x08003234        0x4 
 .text.printFloat_CoordValue
                0x08003238       0x48 ./print.o
                0x08003238                printFloat_CoordValue
 .text.printFloat_RateValue
                0x08003280       0x48 ./print.o
                0x08003280                printFloat_RateValue
 .text.printFloat_SettingValue
                0x080032c8        0x6 ./print.o
                0x080032c8                printFloat_SettingValue
 *fill*         0x080032ce        0x2 
 .text.probe_state_monitor
                0x080032d0       0x30 ./probe.o
                0x080032d0                probe_state_monitor
 .text.report_status_message
                0x08003300       0xcc ./report.o
                0x08003300                report_status_message
 .text.report_alarm_message
                0x080033cc       0x60 ./report.o
                0x080033cc                report_alarm_message
 .text.report_feedback_message
                0x0800342c       0x70 ./report.o
                0x0800342c                report_feedback_message
 .text.report_init_message
                0x0800349c        0xc ./report.o
                0x0800349c                report_init_message
 .text.report_grbl_help
                0x080034a8        0xc ./report.o
                0x080034a8                report_grbl_help
 .text.report_grbl_settings
                0x080034b4      0x2b0 ./report.o
                0x080034b4                report_grbl_settings
 .text.report_probe_parameters
                0x08003764       0x5c ./report.o
                0x08003764                report_probe_parameters
 .text.report_ngc_parameters
                0x080037c0       0xd8 ./report.o
                0x080037c0                report_ngc_parameters
 .text.report_gcode_modes
                0x08003898      0x18c ./report.o
                0x08003898                report_gcode_modes
 .text.report_startup_line
                0x08003a24       0x34 ./report.o
                0x08003a24                report_startup_line
 .text.report_build_info
                0x08003a58       0x24 ./report.o
                0x08003a58                report_build_info
 .text.report_realtime_status
                0x08003a7c      0x19c ./report.o
                0x08003a7c                report_realtime_status
 .text.system_init
                0x08003c18        0x2 ./system.o
                0x08003c18                system_init
 .text.system_check_safety_door_ajar
                0x08003c1a        0x4 ./system.o
                0x08003c1a                system_check_safety_door_ajar
 .text.system_execute_startup
                0x08003c1e       0x30 ./system.o
                0x08003c1e                system_execute_startup
 *fill*         0x08003c4e        0x2 
 .text.system_execute_line
                0x08003c50      0x284 ./system.o
                0x08003c50                system_execute_line
 .text.system_convert_axis_steps_to_mpos
                0x08003ed4       0x20 ./system.o
                0x08003ed4                system_convert_axis_steps_to_mpos
 .text.system_convert_array_steps_to_mpos
                0x08003ef4       0x1c ./system.o
                0x08003ef4                system_convert_array_steps_to_mpos
 .text.startup.main
                0x08003f10       0x78 ./stm_main.o
                0x08003f10                main
 .text.serial_get_rx_buffer_count
                0x08003f88       0x18 ./serial_stm32.o
                0x08003f88                serial_get_rx_buffer_count
 .text.serial_init
                0x08003fa0       0xa4 ./serial_stm32.o
                0x08003fa0                serial_init
 .text.serial_write
                0x08004044       0x44 ./serial_stm32.o
                0x08004044                serial_write
 .text.serial_txint
                0x08004088       0x48 ./serial_stm32.o
                0x08004088                serial_txint
 .text.serial_read
                0x080040d0       0x30 ./serial_stm32.o
                0x080040d0                serial_read
 .text.serial_rxint
                0x08004100       0x84 ./serial_stm32.o
                0x08004100                serial_rxint
 .text.usart2_isr
                0x08004184       0x3c ./serial_stm32.o
                0x08004184                usart2_isr
 .text.serial_reset_read_buffer
                0x080041c0       0x14 ./serial_stm32.o
                0x080041c0                serial_reset_read_buffer
 .text._delay_us
                0x080041d4        0xe ./delay.o
                0x080041d4                _delay_us
 .text._delay_ms
                0x080041e2       0x14 ./delay.o
                0x080041e2                _delay_ms
 *fill*         0x080041f6        0x2 
 .text.init_step_timer
                0x080041f8       0x90 ./hw_control.o
                0x080041f8                init_step_timer
 .text.set_step_timer_period
                0x08004288        0xa ./hw_control.o
                0x08004288                set_step_timer_period
 *fill*         0x08004292        0x2 
 .text.enable_step_timer_isr
                0x08004294        0xc ./hw_control.o
                0x08004294                enable_step_timer_isr
 .text.disable_step_timer_isr
                0x080042a0        0xc ./hw_control.o
                0x080042a0                disable_step_timer_isr
 .text.init_step_pins
                0x080042ac       0x90 ./hw_control.o
                0x080042ac                init_step_pins
 .text.init_spindle
                0x0800433c       0xac ./hw_control.o
                0x0800433c                init_spindle
 .text.set_step_pins
                0x080043e8       0x50 ./hw_control.o
                0x080043e8                set_step_pins
 .text.set_dir_pins
                0x08004438       0x50 ./hw_control.o
                0x08004438                set_dir_pins
 .text.limits_get_state
                0x08004488       0x38 ./hw_control.o
                0x08004488                limits_get_state
 .text.limits_init
                0x080044c0       0x4c ./hw_control.o
                0x080044c0                limits_init
 .text.limits_disable
                0x0800450c        0xc ./hw_control.o
                0x0800450c                limits_disable
 .text.tim2_isr
                0x08004518       0x40 ./hw_control.o
                0x08004518                tim2_isr
 .text.spibytes
                0x08004558       0xf4 ./hw_control.o
                0x08004558                spibytes
 .text.init_steppers
                0x0800464c      0x11c ./hw_control.o
                0x0800464c                init_steppers
 .text.printstepperstatus
                0x08004768       0x58 ./hw_control.o
                0x08004768                printstepperstatus
 .text.dma1_stream6_isr
                0x080047c0       0x88 ./hw_control.o
                0x080047c0                dma1_stream6_isr
 .text.probe_init
                0x08004848       0x28 ./hw_control.o
                0x08004848                probe_init
 .text.probe_configure_invert_mask
                0x08004870       0x14 ./hw_control.o
                0x08004870                probe_configure_invert_mask
 .text.probe_get_state
                0x08004884       0x20 ./hw_control.o
                0x08004884                probe_get_state
 .text.rcc_wait_for_osc_ready
                0x080048a4       0x4c ../libopencm3/lib\libopencm3_stm32f4.a(rcc.o)
                0x080048a4                rcc_wait_for_osc_ready
 .text.rcc_wait_for_sysclk_status
                0x080048f0       0x38 ../libopencm3/lib\libopencm3_stm32f4.a(rcc.o)
                0x080048f0                rcc_wait_for_sysclk_status
 .text.rcc_osc_on
                0x08004928       0x44 ../libopencm3/lib\libopencm3_stm32f4.a(rcc.o)
                0x08004928                rcc_osc_on
 .text.rcc_osc_off
                0x0800496c       0x44 ../libopencm3/lib\libopencm3_stm32f4.a(rcc.o)
                0x0800496c                rcc_osc_off
 .text.rcc_set_sysclk_source
                0x080049b0       0x14 ../libopencm3/lib\libopencm3_stm32f4.a(rcc.o)
                0x080049b0                rcc_set_sysclk_source
 .text.rcc_set_ppre2
                0x080049c4       0x14 ../libopencm3/lib\libopencm3_stm32f4.a(rcc.o)
                0x080049c4                rcc_set_ppre2
 .text.rcc_set_ppre1
                0x080049d8       0x14 ../libopencm3/lib\libopencm3_stm32f4.a(rcc.o)
                0x080049d8                rcc_set_ppre1
 .text.rcc_set_hpre
                0x080049ec       0x14 ../libopencm3/lib\libopencm3_stm32f4.a(rcc.o)
                0x080049ec                rcc_set_hpre
 .text.rcc_set_main_pll_hse
                0x08004a00       0x20 ../libopencm3/lib\libopencm3_stm32f4.a(rcc.o)
                0x08004a00                rcc_set_main_pll_hse
 .text.rcc_clock_setup_hse_3v3
                0x08004a20       0x90 ../libopencm3/lib\libopencm3_stm32f4.a(rcc.o)
                0x08004a20                rcc_clock_setup_hse_3v3
 .text.gpio_set
                0x08004ab0        0x4 ../libopencm3/lib\libopencm3_stm32f4.a(gpio_common_all.o)
                0x08004ab0                gpio_set
 .text.gpio_clear
                0x08004ab4        0x6 ../libopencm3/lib\libopencm3_stm32f4.a(gpio_common_all.o)
                0x08004ab4                gpio_clear
 .text.gpio_get
                0x08004aba        0x6 ../libopencm3/lib\libopencm3_stm32f4.a(gpio_common_all.o)
                0x08004aba                gpio_get
 .text.gpio_mode_setup
                0x08004ac0       0x44 ../libopencm3/lib\libopencm3_stm32f4.a(gpio_common_f0234.o)
                0x08004ac0                gpio_mode_setup
 .text.gpio_set_output_options
                0x08004b04       0x34 ../libopencm3/lib\libopencm3_stm32f4.a(gpio_common_f0234.o)
                0x08004b04                gpio_set_output_options
 .text.gpio_set_af
                0x08004b38       0x50 ../libopencm3/lib\libopencm3_stm32f4.a(gpio_common_f0234.o)
                0x08004b38                gpio_set_af
 .text.timer_reset
                0x08004b88       0x80 ../libopencm3/lib\libopencm3_stm32f4.a(timer_common_all.o)
                0x08004b88                timer_reset
 .text.timer_enable_irq
                0x08004c08        0x8 ../libopencm3/lib\libopencm3_stm32f4.a(timer_common_all.o)
                0x08004c08                timer_enable_irq
 .text.timer_get_flag
                0x08004c10        0xc ../libopencm3/lib\libopencm3_stm32f4.a(timer_common_all.o)
                0x08004c10                timer_get_flag
 .text.timer_clear_flag
                0x08004c1c        0x6 ../libopencm3/lib\libopencm3_stm32f4.a(timer_common_all.o)
                0x08004c1c                timer_clear_flag
 .text.timer_set_mode
                0x08004c22       0x12 ../libopencm3/lib\libopencm3_stm32f4.a(timer_common_all.o)
                0x08004c22                timer_set_mode
 .text.timer_enable_preload
                0x08004c34        0xa ../libopencm3/lib\libopencm3_stm32f4.a(timer_common_all.o)
                0x08004c34                timer_enable_preload
 .text.timer_disable_preload
                0x08004c3e        0xa ../libopencm3/lib\libopencm3_stm32f4.a(timer_common_all.o)
                0x08004c3e                timer_disable_preload
 .text.timer_continuous_mode
                0x08004c48        0xa ../libopencm3/lib\libopencm3_stm32f4.a(timer_common_all.o)
                0x08004c48                timer_continuous_mode
 .text.timer_enable_update_event
                0x08004c52        0xa ../libopencm3/lib\libopencm3_stm32f4.a(timer_common_all.o)
                0x08004c52                timer_enable_update_event
 .text.timer_enable_counter
                0x08004c5c        0xa ../libopencm3/lib\libopencm3_stm32f4.a(timer_common_all.o)
                0x08004c5c                timer_enable_counter
 .text.timer_set_prescaler
                0x08004c66        0x4 ../libopencm3/lib\libopencm3_stm32f4.a(timer_common_all.o)
                0x08004c66                timer_set_prescaler
 .text.timer_set_period
                0x08004c6a        0x4 ../libopencm3/lib\libopencm3_stm32f4.a(timer_common_all.o)
                0x08004c6a                timer_set_period
 .text.timer_set_oc_mode
                0x08004c6e      0x198 ../libopencm3/lib\libopencm3_stm32f4.a(timer_common_all.o)
                0x08004c6e                timer_set_oc_mode
 .text.timer_enable_oc_preload
                0x08004e06       0x34 ../libopencm3/lib\libopencm3_stm32f4.a(timer_common_all.o)
                0x08004e06                timer_enable_oc_preload
 *fill*         0x08004e3a        0x2 
 .text.timer_set_oc_polarity_high
                0x08004e3c       0x64 ../libopencm3/lib\libopencm3_stm32f4.a(timer_common_all.o)
                0x08004e3c                timer_set_oc_polarity_high
 .text.timer_enable_oc_output
                0x08004ea0       0x64 ../libopencm3/lib\libopencm3_stm32f4.a(timer_common_all.o)
                0x08004ea0                timer_enable_oc_output
 .text.timer_set_oc_value
                0x08004f04       0x20 ../libopencm3/lib\libopencm3_stm32f4.a(timer_common_all.o)
                0x08004f04                timer_set_oc_value
 .text.timer_generate_event
                0x08004f24        0x8 ../libopencm3/lib\libopencm3_stm32f4.a(timer_common_all.o)
                0x08004f24                timer_generate_event
 .text.usart_set_baudrate
                0x08004f2c       0x30 ../libopencm3/lib\libopencm3_stm32f4.a(usart_common_all.o)
                0x08004f2c                usart_set_baudrate
 .text.usart_set_databits
                0x08004f5c       0x12 ../libopencm3/lib\libopencm3_stm32f4.a(usart_common_all.o)
                0x08004f5c                usart_set_databits
 .text.usart_set_stopbits
                0x08004f6e        0xc ../libopencm3/lib\libopencm3_stm32f4.a(usart_common_all.o)
                0x08004f6e                usart_set_stopbits
 .text.usart_set_parity
                0x08004f7a        0xc ../libopencm3/lib\libopencm3_stm32f4.a(usart_common_all.o)
                0x08004f7a                usart_set_parity
 .text.usart_set_mode
                0x08004f86        0xc ../libopencm3/lib\libopencm3_stm32f4.a(usart_common_all.o)
                0x08004f86                usart_set_mode
 .text.usart_set_flow_control
                0x08004f92        0xc ../libopencm3/lib\libopencm3_stm32f4.a(usart_common_all.o)
                0x08004f92                usart_set_flow_control
 .text.usart_enable
                0x08004f9e        0xa ../libopencm3/lib\libopencm3_stm32f4.a(usart_common_all.o)
                0x08004f9e                usart_enable
 .text.usart_enable_rx_interrupt
                0x08004fa8        0xa ../libopencm3/lib\libopencm3_stm32f4.a(usart_common_all.o)
                0x08004fa8                usart_enable_rx_interrupt
 .text.usart_enable_tx_interrupt
                0x08004fb2        0xa ../libopencm3/lib\libopencm3_stm32f4.a(usart_common_all.o)
                0x08004fb2                usart_enable_tx_interrupt
 .text.usart_disable_tx_interrupt
                0x08004fbc        0xa ../libopencm3/lib\libopencm3_stm32f4.a(usart_common_all.o)
                0x08004fbc                usart_disable_tx_interrupt
 .text.usart_send
                0x08004fc6        0x8 ../libopencm3/lib\libopencm3_stm32f4.a(usart_common_f124.o)
                0x08004fc6                usart_send
 .text.usart_recv
                0x08004fce        0x8 ../libopencm3/lib\libopencm3_stm32f4.a(usart_common_f124.o)
                0x08004fce                usart_recv
 *fill*         0x08004fd6        0x2 
 .text.flash_set_ws
                0x08004fd8       0x14 ../libopencm3/lib\libopencm3_stm32f4.a(flash_common_f234.o)
                0x08004fd8                flash_set_ws
 .text.rcc_periph_clock_enable
                0x08004fec       0x1c ../libopencm3/lib\libopencm3_stm32f4.a(rcc_common_all.o)
                0x08004fec                rcc_periph_clock_enable
 .text.rcc_periph_reset_pulse
                0x08005008       0x24 ../libopencm3/lib\libopencm3_stm32f4.a(rcc_common_all.o)
                0x08005008                rcc_periph_reset_pulse
 .text.blocking_handler
                0x0800502c        0x2 ../libopencm3/lib\libopencm3_stm32f4.a(vector.o)
                0x0800502c                dma2_stream1_isr
                0x0800502c                tim8_brk_tim12_isr
                0x0800502c                dma1_stream7_isr
                0x0800502c                usart3_isr
                0x0800502c                tim7_isr
                0x0800502c                dma2d_isr
                0x0800502c                uart8_isr
                0x0800502c                dma1_stream2_isr
                0x0800502c                otg_hs_isr
                0x0800502c                blocking_handler
                0x0800502c                tim5_isr
                0x0800502c                rtc_wkup_isr
                0x0800502c                otg_fs_isr
                0x0800502c                spi1_isr
                0x0800502c                i2c3_er_isr
                0x0800502c                exti2_isr
                0x0800502c                spi5_isr
                0x0800502c                usb_fs_wkup_isr
                0x0800502c                tamp_stamp_isr
                0x0800502c                can1_rx1_isr
                0x0800502c                dma2_stream0_isr
                0x0800502c                usart1_isr
                0x0800502c                i2c3_ev_isr
                0x0800502c                usage_fault_handler
                0x0800502c                can2_rx0_isr
                0x0800502c                can2_rx1_isr
                0x0800502c                can1_sce_isr
                0x0800502c                tim1_cc_isr
                0x0800502c                can1_tx_isr
                0x0800502c                tim1_up_tim10_isr
                0x0800502c                sdio_isr
                0x0800502c                eth_isr
                0x0800502c                spi6_isr
                0x0800502c                dma2_stream5_isr
                0x0800502c                pvd_isr
                0x0800502c                can1_rx0_isr
                0x0800502c                rcc_isr
                0x0800502c                dma2_stream3_isr
                0x0800502c                flash_isr
                0x0800502c                uart4_isr
                0x0800502c                lcd_tft_isr
                0x0800502c                rtc_alarm_isr
                0x0800502c                exti15_10_isr
                0x0800502c                hash_rng_isr
                0x0800502c                tim1_trg_com_tim11_isr
                0x0800502c                hard_fault_handler
                0x0800502c                exti1_isr
                0x0800502c                i2c1_ev_isr
                0x0800502c                usart6_isr
                0x0800502c                spi2_isr
                0x0800502c                cryp_isr
                0x0800502c                nvic_wwdg_isr
                0x0800502c                dma1_stream1_isr
                0x0800502c                dma2_stream4_isr
                0x0800502c                exti3_isr
                0x0800502c                tim3_isr
                0x0800502c                sai1_isr
                0x0800502c                fpu_isr
                0x0800502c                dma1_stream4_isr
                0x0800502c                i2c2_er_isr
                0x0800502c                i2c2_ev_isr
                0x0800502c                uart5_isr
                0x0800502c                dma2_stream6_isr
                0x0800502c                spi4_isr
                0x0800502c                adc_isr
                0x0800502c                dma2_stream7_isr
                0x0800502c                tim8_up_tim13_isr
                0x0800502c                fsmc_isr
                0x0800502c                exti4_isr
                0x0800502c                tim6_dac_isr
                0x0800502c                dma1_stream3_isr
                0x0800502c                tim8_trg_com_tim14_isr
                0x0800502c                mem_manage_handler
                0x0800502c                lcd_tft_err_isr
                0x0800502c                can2_tx_isr
                0x0800502c                exti9_5_isr
                0x0800502c                tim1_brk_tim9_isr
                0x0800502c                uart7_isr
                0x0800502c                can2_sce_isr
                0x0800502c                tim4_isr
                0x0800502c                otg_hs_wkup_isr
                0x0800502c                i2c1_er_isr
                0x0800502c                dma1_stream0_isr
                0x0800502c                tim8_cc_isr
                0x0800502c                dcmi_isr
                0x0800502c                dma2_stream2_isr
                0x0800502c                eth_wkup_isr
                0x0800502c                bus_fault_handler
                0x0800502c                otg_hs_ep1_out_isr
                0x0800502c                spi3_isr
                0x0800502c                dma1_stream5_isr
                0x0800502c                otg_hs_ep1_in_isr
                0x0800502c                exti0_isr
 .text.null_handler
                0x0800502e        0x2 ../libopencm3/lib\libopencm3_stm32f4.a(vector.o)
                0x0800502e                sv_call_handler
                0x0800502e                pend_sv_handler
                0x0800502e                debug_monitor_handler
                0x0800502e                sys_tick_handler
                0x0800502e                nmi_handler
                0x0800502e                null_handler
 .text.reset_handler
                0x08005030       0x90 ../libopencm3/lib\libopencm3_stm32f4.a(vector.o)
                0x08005030                reset_handler
 .text.nvic_enable_irq
                0x080050c0       0x1c ../libopencm3/lib\libopencm3_stm32f4.a(nvic.o)
                0x080050c0                nvic_enable_irq
 .text.nvic_set_pending_irq
                0x080050dc       0x1c ../libopencm3/lib\libopencm3_stm32f4.a(nvic.o)
                0x080050dc                nvic_set_pending_irq
 .text.nvic_clear_pending_irq
                0x080050f8       0x1c ../libopencm3/lib\libopencm3_stm32f4.a(nvic.o)
                0x080050f8                nvic_clear_pending_irq
 .text.nvic_set_priority
                0x08005114       0x20 ../libopencm3/lib\libopencm3_stm32f4.a(nvic.o)
                0x08005114                nvic_set_priority
 .text.pwr_set_vos_scale
                0x08005134       0x20 ../libopencm3/lib\libopencm3_stm32f4.a(pwr.o)
                0x08005134                pwr_set_vos_scale
 .text.memset   0x08005154       0x94 c:/bin/gcc-arm-none-eabi-4_8-131228/bin/../lib/gcc/arm-none-eabi/4.8.3/../../../../arm-none-eabi/lib/armv7e-m/fpu\libc.a(lib_a-memset.o)
                0x08005154                memset
 .text.sprintf  0x080051e8       0x4c c:/bin/gcc-arm-none-eabi-4_8-131228/bin/../lib/gcc/arm-none-eabi/4.8.3/../../../../arm-none-eabi/lib/armv7e-m/fpu\libc.a(lib_a-sprintf.o)
                0x080051e8                sprintf
 *fill*         0x08005234        0x4 
 .text._svfprintf_r
                0x08005238     0x13c0 c:/bin/gcc-arm-none-eabi-4_8-131228/bin/../lib/gcc/arm-none-eabi/4.8.3/../../../../arm-none-eabi/lib/armv7e-m/fpu\libc.a(lib_a-svfprintf.o)
                0x08005238                _svfprintf_r
 .text.quorem   0x080065f8      0x130 c:/bin/gcc-arm-none-eabi-4_8-131228/bin/../lib/gcc/arm-none-eabi/4.8.3/../../../../arm-none-eabi/lib/armv7e-m/fpu\libc.a(lib_a-dtoa.o)
 .text._dtoa_r  0x08006728      0xe80 c:/bin/gcc-arm-none-eabi-4_8-131228/bin/../lib/gcc/arm-none-eabi/4.8.3/../../../../arm-none-eabi/lib/armv7e-m/fpu\libc.a(lib_a-dtoa.o)
                0x08006728                _dtoa_r
 .text._malloc_trim_r
                0x080075a8       0x9c c:/bin/gcc-arm-none-eabi-4_8-131228/bin/../lib/gcc/arm-none-eabi/4.8.3/../../../../arm-none-eabi/lib/armv7e-m/fpu\libc.a(lib_a-freer.o)
                0x080075a8                _malloc_trim_r
 .text._free_r  0x08007644      0x19c c:/bin/gcc-arm-none-eabi-4_8-131228/bin/../lib/gcc/arm-none-eabi/4.8.3/../../../../arm-none-eabi/lib/armv7e-m/fpu\libc.a(lib_a-freer.o)
                0x08007644                _free_r
 .text._localeconv_r
                0x080077e0        0x8 c:/bin/gcc-arm-none-eabi-4_8-131228/bin/../lib/gcc/arm-none-eabi/4.8.3/../../../../arm-none-eabi/lib/armv7e-m/fpu\libc.a(lib_a-locale.o)
                0x080077e0                _localeconv_r
 .text.malloc   0x080077e8       0x10 c:/bin/gcc-arm-none-eabi-4_8-131228/bin/../lib/gcc/arm-none-eabi/4.8.3/../../../../arm-none-eabi/lib/armv7e-m/fpu\libc.a(lib_a-malloc.o)
                0x080077e8                malloc
 .text._malloc_r
                0x080077f8      0x538 c:/bin/gcc-arm-none-eabi-4_8-131228/bin/../lib/gcc/arm-none-eabi/4.8.3/../../../../arm-none-eabi/lib/armv7e-m/fpu\libc.a(lib_a-mallocr.o)
                0x080077f8                _malloc_r
 .text.memchr   0x08007d30       0x90 c:/bin/gcc-arm-none-eabi-4_8-131228/bin/../lib/gcc/arm-none-eabi/4.8.3/../../../../arm-none-eabi/lib/armv7e-m/fpu\libc.a(lib_a-memchr-stub.o)
                0x08007d30                memchr
 .text          0x08007dc0      0x134 c:/bin/gcc-arm-none-eabi-4_8-131228/bin/../lib/gcc/arm-none-eabi/4.8.3/../../../../arm-none-eabi/lib/armv7e-m/fpu\libc.a(lib_a-memcpy.o)
                0x08007dc0                memcpy
 .text.__malloc_lock
                0x08007ef4        0x4 c:/bin/gcc-arm-none-eabi-4_8-131228/bin/../lib/gcc/arm-none-eabi/4.8.3/../../../../arm-none-eabi/lib/armv7e-m/fpu\libc.a(lib_a-mlock.o)
                0x08007ef4                __malloc_lock
 .text.__malloc_unlock
                0x08007ef8        0x4 c:/bin/gcc-arm-none-eabi-4_8-131228/bin/../lib/gcc/arm-none-eabi/4.8.3/../../../../arm-none-eabi/lib/armv7e-m/fpu\libc.a(lib_a-mlock.o)
                0x08007ef8                __malloc_unlock
 .text._Balloc  0x08007efc       0x68 c:/bin/gcc-arm-none-eabi-4_8-131228/bin/../lib/gcc/arm-none-eabi/4.8.3/../../../../arm-none-eabi/lib/armv7e-m/fpu\libc.a(lib_a-mprec.o)
                0x08007efc                _Balloc
 .text._Bfree   0x08007f64       0x38 c:/bin/gcc-arm-none-eabi-4_8-131228/bin/../lib/gcc/arm-none-eabi/4.8.3/../../../../arm-none-eabi/lib/armv7e-m/fpu\libc.a(lib_a-mprec.o)
                0x08007f64                _Bfree
 .text.__multadd
                0x08007f9c       0x8c c:/bin/gcc-arm-none-eabi-4_8-131228/bin/../lib/gcc/arm-none-eabi/4.8.3/../../../../arm-none-eabi/lib/armv7e-m/fpu\libc.a(lib_a-mprec.o)
                0x08007f9c                __multadd
 .text.__hi0bits
                0x08008028       0x40 c:/bin/gcc-arm-none-eabi-4_8-131228/bin/../lib/gcc/arm-none-eabi/4.8.3/../../../../arm-none-eabi/lib/armv7e-m/fpu\libc.a(lib_a-mprec.o)
                0x08008028                __hi0bits
 .text.__lo0bits
                0x08008068       0x5c c:/bin/gcc-arm-none-eabi-4_8-131228/bin/../lib/gcc/arm-none-eabi/4.8.3/../../../../arm-none-eabi/lib/armv7e-m/fpu\libc.a(lib_a-mprec.o)
                0x08008068                __lo0bits
 .text.__i2b    0x080080c4       0x14 c:/bin/gcc-arm-none-eabi-4_8-131228/bin/../lib/gcc/arm-none-eabi/4.8.3/../../../../arm-none-eabi/lib/armv7e-m/fpu\libc.a(lib_a-mprec.o)
                0x080080c4                __i2b
 .text.__multiply
                0x080080d8      0x13c c:/bin/gcc-arm-none-eabi-4_8-131228/bin/../lib/gcc/arm-none-eabi/4.8.3/../../../../arm-none-eabi/lib/armv7e-m/fpu\libc.a(lib_a-mprec.o)
                0x080080d8                __multiply
 .text.__pow5mult
                0x08008214       0xb8 c:/bin/gcc-arm-none-eabi-4_8-131228/bin/../lib/gcc/arm-none-eabi/4.8.3/../../../../arm-none-eabi/lib/armv7e-m/fpu\libc.a(lib_a-mprec.o)
                0x08008214                __pow5mult
 .text.__lshift
                0x080082cc       0xb8 c:/bin/gcc-arm-none-eabi-4_8-131228/bin/../lib/gcc/arm-none-eabi/4.8.3/../../../../arm-none-eabi/lib/armv7e-m/fpu\libc.a(lib_a-mprec.o)
                0x080082cc                __lshift
 .text.__mcmp   0x08008384       0x48 c:/bin/gcc-arm-none-eabi-4_8-131228/bin/../lib/gcc/arm-none-eabi/4.8.3/../../../../arm-none-eabi/lib/armv7e-m/fpu\libc.a(lib_a-mprec.o)
                0x08008384                __mcmp
 .text.__mdiff  0x080083cc       0xd4 c:/bin/gcc-arm-none-eabi-4_8-131228/bin/../lib/gcc/arm-none-eabi/4.8.3/../../../../arm-none-eabi/lib/armv7e-m/fpu\libc.a(lib_a-mprec.o)
                0x080083cc                __mdiff
 .text.__d2b    0x080084a0       0xb4 c:/bin/gcc-arm-none-eabi-4_8-131228/bin/../lib/gcc/arm-none-eabi/4.8.3/../../../../arm-none-eabi/lib/armv7e-m/fpu\libc.a(lib_a-mprec.o)
                0x080084a0                __d2b
 .text.__fpclassifyd
                0x08008554       0x54 c:/bin/gcc-arm-none-eabi-4_8-131228/bin/../lib/gcc/arm-none-eabi/4.8.3/../../../../arm-none-eabi/lib/armv7e-m/fpu\libc.a(lib_a-s_fpclassify.o)
                0x08008554                __fpclassifyd
 .text.frexp    0x080085a8       0x6c c:/bin/gcc-arm-none-eabi-4_8-131228/bin/../lib/gcc/arm-none-eabi/4.8.3/../../../../arm-none-eabi/lib/armv7e-m/fpu\libc.a(lib_a-s_frexp.o)
                0x080085a8                frexp
 .text._sbrk_r  0x08008614       0x24 c:/bin/gcc-arm-none-eabi-4_8-131228/bin/../lib/gcc/arm-none-eabi/4.8.3/../../../../arm-none-eabi/lib/armv7e-m/fpu\libc.a(lib_a-sbrkr.o)
                0x08008614                _sbrk_r
 .text.strlen   0x08008638       0x60 c:/bin/gcc-arm-none-eabi-4_8-131228/bin/../lib/gcc/arm-none-eabi/4.8.3/../../../../arm-none-eabi/lib/armv7e-m/fpu\libc.a(lib_a-strlen.o)
                0x08008638                strlen
 .text.strncpy  0x08008698       0x64 c:/bin/gcc-arm-none-eabi-4_8-131228/bin/../lib/gcc/arm-none-eabi/4.8.3/../../../../arm-none-eabi/lib/armv7e-m/fpu\libc.a(lib_a-strncpy.o)
                0x08008698                strncpy
 .text.__ssputs_r
                0x080086fc       0xc8 c:/bin/gcc-arm-none-eabi-4_8-131228/bin/../lib/gcc/arm-none-eabi/4.8.3/../../../../arm-none-eabi/lib/armv7e-m/fpu\libc.a(lib_a-svfiprintf.o)
                0x080086fc                __ssputs_r
 .text._calloc_r
                0x080087c4       0x60 c:/bin/gcc-arm-none-eabi-4_8-131228/bin/../lib/gcc/arm-none-eabi/4.8.3/../../../../arm-none-eabi/lib/armv7e-m/fpu\libc.a(lib_a-callocr.o)
                0x080087c4                _calloc_r
 .text.memmove  0x08008824       0xc0 c:/bin/gcc-arm-none-eabi-4_8-131228/bin/../lib/gcc/arm-none-eabi/4.8.3/../../../../arm-none-eabi/lib/armv7e-m/fpu\libc.a(lib_a-memmove.o)
                0x08008824                memmove
 .text._realloc_r
                0x080088e4      0x3cc c:/bin/gcc-arm-none-eabi-4_8-131228/bin/../lib/gcc/arm-none-eabi/4.8.3/../../../../arm-none-eabi/lib/armv7e-m/fpu\libc.a(lib_a-reallocr.o)
                0x080088e4                _realloc_r
 .text.ceil     0x08008cb0      0x130 c:/bin/gcc-arm-none-eabi-4_8-131228/bin/../lib/gcc/arm-none-eabi/4.8.3/../../../../arm-none-eabi/lib/armv7e-m/fpu\libm.a(lib_a-s_ceil.o)
                0x08008cb0                ceil
 .text.cos      0x08008de0       0xa8 c:/bin/gcc-arm-none-eabi-4_8-131228/bin/../lib/gcc/arm-none-eabi/4.8.3/../../../../arm-none-eabi/lib/armv7e-m/fpu\libm.a(lib_a-s_cos.o)
                0x08008de0                cos
 .text.floor    0x08008e88      0x138 c:/bin/gcc-arm-none-eabi-4_8-131228/bin/../lib/gcc/arm-none-eabi/4.8.3/../../../../arm-none-eabi/lib/armv7e-m/fpu\libm.a(lib_a-s_floor.o)
                0x08008e88                floor
 .text.lround   0x08008fc0       0x9c c:/bin/gcc-arm-none-eabi-4_8-131228/bin/../lib/gcc/arm-none-eabi/4.8.3/../../../../arm-none-eabi/lib/armv7e-m/fpu\libm.a(lib_a-s_lround.o)
                0x08008fc0                lround
 .text.round    0x0800905c       0x98 c:/bin/gcc-arm-none-eabi-4_8-131228/bin/../lib/gcc/arm-none-eabi/4.8.3/../../../../arm-none-eabi/lib/armv7e-m/fpu\libm.a(lib_a-s_round.o)
                0x0800905c                round
 *fill*         0x080090f4        0x4 
 .text.sin      0x080090f8       0xb0 c:/bin/gcc-arm-none-eabi-4_8-131228/bin/../lib/gcc/arm-none-eabi/4.8.3/../../../../arm-none-eabi/lib/armv7e-m/fpu\libm.a(lib_a-s_sin.o)
                0x080090f8                sin
 .text.trunc    0x080091a8       0x70 c:/bin/gcc-arm-none-eabi-4_8-131228/bin/../lib/gcc/arm-none-eabi/4.8.3/../../../../arm-none-eabi/lib/armv7e-m/fpu\libm.a(lib_a-s_trunc.o)
                0x080091a8                trunc
 .text.atan2    0x08009218        0x4 c:/bin/gcc-arm-none-eabi-4_8-131228/bin/../lib/gcc/arm-none-eabi/4.8.3/../../../../arm-none-eabi/lib/armv7e-m/fpu\libm.a(lib_a-w_atan2.o)
                0x08009218                atan2
 .text.sqrt     0x0800921c       0xbc c:/bin/gcc-arm-none-eabi-4_8-131228/bin/../lib/gcc/arm-none-eabi/4.8.3/../../../../arm-none-eabi/lib/armv7e-m/fpu\libm.a(lib_a-w_sqrt.o)
                0x0800921c                sqrt
 .text.__ieee754_atan2
                0x080092d8      0x1e8 c:/bin/gcc-arm-none-eabi-4_8-131228/bin/../lib/gcc/arm-none-eabi/4.8.3/../../../../arm-none-eabi/lib/armv7e-m/fpu\libm.a(lib_a-e_atan2.o)
                0x080092d8                __ieee754_atan2
 .text.__ieee754_rem_pio2
                0x080094c0      0x450 c:/bin/gcc-arm-none-eabi-4_8-131228/bin/../lib/gcc/arm-none-eabi/4.8.3/../../../../arm-none-eabi/lib/armv7e-m/fpu\libm.a(lib_a-e_rem_pio2.o)
                0x080094c0                __ieee754_rem_pio2
 .text.__ieee754_sqrt
                0x08009910      0x198 c:/bin/gcc-arm-none-eabi-4_8-131228/bin/../lib/gcc/arm-none-eabi/4.8.3/../../../../arm-none-eabi/lib/armv7e-m/fpu\libm.a(lib_a-e_sqrt.o)
                0x08009910                __ieee754_sqrt
 .text.__kernel_cos
                0x08009aa8      0x280 c:/bin/gcc-arm-none-eabi-4_8-131228/bin/../lib/gcc/arm-none-eabi/4.8.3/../../../../arm-none-eabi/lib/armv7e-m/fpu\libm.a(lib_a-k_cos.o)
                0x08009aa8                __kernel_cos
 .text.__kernel_rem_pio2
                0x08009d28      0x798 c:/bin/gcc-arm-none-eabi-4_8-131228/bin/../lib/gcc/arm-none-eabi/4.8.3/../../../../arm-none-eabi/lib/armv7e-m/fpu\libm.a(lib_a-k_rem_pio2.o)
                0x08009d28                __kernel_rem_pio2
 .text.__kernel_sin
                0x0800a4c0      0x190 c:/bin/gcc-arm-none-eabi-4_8-131228/bin/../lib/gcc/arm-none-eabi/4.8.3/../../../../arm-none-eabi/lib/armv7e-m/fpu\libm.a(lib_a-k_sin.o)
                0x0800a4c0                __kernel_sin
 .text.atan     0x0800a650      0x378 c:/bin/gcc-arm-none-eabi-4_8-131228/bin/../lib/gcc/arm-none-eabi/4.8.3/../../../../arm-none-eabi/lib/armv7e-m/fpu\libm.a(lib_a-s_atan.o)
                0x0800a650                atan
 .text.fabs     0x0800a9c8       0x14 c:/bin/gcc-arm-none-eabi-4_8-131228/bin/../lib/gcc/arm-none-eabi/4.8.3/../../../../arm-none-eabi/lib/armv7e-m/fpu\libm.a(lib_a-s_fabs.o)
                0x0800a9c8                fabs
 .text.matherr  0x0800a9dc        0x4 c:/bin/gcc-arm-none-eabi-4_8-131228/bin/../lib/gcc/arm-none-eabi/4.8.3/../../../../arm-none-eabi/lib/armv7e-m/fpu\libm.a(lib_a-s_matherr.o)
                0x0800a9dc                matherr
 .text.scalbn   0x0800a9e0      0x120 c:/bin/gcc-arm-none-eabi-4_8-131228/bin/../lib/gcc/arm-none-eabi/4.8.3/../../../../arm-none-eabi/lib/armv7e-m/fpu\libm.a(lib_a-s_scalbn.o)
                0x0800a9e0                scalbn
 .text.copysign
                0x0800ab00       0x24 c:/bin/gcc-arm-none-eabi-4_8-131228/bin/../lib/gcc/arm-none-eabi/4.8.3/../../../../arm-none-eabi/lib/armv7e-m/fpu\libm.a(lib_a-s_copysign.o)
                0x0800ab00                copysign
 .text          0x0800ab24      0x370 c:/bin/gcc-arm-none-eabi-4_8-131228/bin/../lib/gcc/arm-none-eabi/4.8.3/armv7e-m/fpu\libgcc.a(_arm_addsubdf3.o)
                0x0800ab24                __aeabi_drsub
                0x0800ab2c                __aeabi_dsub
                0x0800ab2c                __subdf3
                0x0800ab30                __aeabi_dadd
                0x0800ab30                __adddf3
                0x0800ada8                __floatunsidf
                0x0800ada8                __aeabi_ui2d
                0x0800adc8                __floatsidf
                0x0800adc8                __aeabi_i2d
                0x0800adec                __aeabi_f2d
                0x0800adec                __extendsfdf2
                0x0800ae28                __floatundidf
                0x0800ae28                __aeabi_ul2d
                0x0800ae38                __floatdidf
                0x0800ae38                __aeabi_l2d
 .text          0x0800ae94      0x424 c:/bin/gcc-arm-none-eabi-4_8-131228/bin/../lib/gcc/arm-none-eabi/4.8.3/armv7e-m/fpu\libgcc.a(_arm_muldivdf3.o)
                0x0800ae94                __aeabi_dmul
                0x0800ae94                __muldf3
                0x0800b0e8                __divdf3
                0x0800b0e8                __aeabi_ddiv
 .text          0x0800b2b8      0x110 c:/bin/gcc-arm-none-eabi-4_8-131228/bin/../lib/gcc/arm-none-eabi/4.8.3/armv7e-m/fpu\libgcc.a(_arm_cmpdf2.o)
                0x0800b2b8                __gtdf2
                0x0800b2b8                __gedf2
                0x0800b2c0                __ltdf2
                0x0800b2c0                __ledf2
                0x0800b2c8                __nedf2
                0x0800b2c8                __eqdf2
                0x0800b2c8                __cmpdf2
                0x0800b344                __aeabi_cdrcmple
                0x0800b354                __aeabi_cdcmpeq
                0x0800b354                __aeabi_cdcmple
                0x0800b364                __aeabi_dcmpeq
                0x0800b378                __aeabi_dcmplt
                0x0800b38c                __aeabi_dcmple
                0x0800b3a0                __aeabi_dcmpge
                0x0800b3b4                __aeabi_dcmpgt
 .text          0x0800b3c8       0x50 c:/bin/gcc-arm-none-eabi-4_8-131228/bin/../lib/gcc/arm-none-eabi/4.8.3/armv7e-m/fpu\libgcc.a(_arm_fixdfsi.o)
                0x0800b3c8                __aeabi_d2iz
                0x0800b3c8                __fixdfsi
 .text          0x0800b418       0x40 c:/bin/gcc-arm-none-eabi-4_8-131228/bin/../lib/gcc/arm-none-eabi/4.8.3/armv7e-m/fpu\libgcc.a(_arm_fixunsdfsi.o)
                0x0800b418                __aeabi_d2uiz
                0x0800b418                __fixunsdfsi
 .text          0x0800b458       0xa0 c:/bin/gcc-arm-none-eabi-4_8-131228/bin/../lib/gcc/arm-none-eabi/4.8.3/armv7e-m/fpu\libgcc.a(_arm_truncdfsf2.o)
                0x0800b458                __truncdfsf2
                0x0800b458                __aeabi_d2f
 .text          0x0800b4f8       0x2c c:/bin/gcc-arm-none-eabi-4_8-131228/bin/../lib/gcc/arm-none-eabi/4.8.3/armv7e-m/fpu\libgcc.a(_aeabi_uldivmod.o)
                0x0800b4f8                __aeabi_uldivmod
 .text          0x0800b524       0x60 c:/bin/gcc-arm-none-eabi-4_8-131228/bin/../lib/gcc/arm-none-eabi/4.8.3/armv7e-m/fpu\libgcc.a(bpabi.o)
                0x0800b524                __gnu_ldivmod_helper
                0x0800b554                __gnu_uldivmod_helper
 .text          0x0800b584        0x4 c:/bin/gcc-arm-none-eabi-4_8-131228/bin/../lib/gcc/arm-none-eabi/4.8.3/armv7e-m/fpu\libgcc.a(_dvmd_tls.o)
                0x0800b584                __aeabi_idiv0
                0x0800b584                __aeabi_ldiv0
 .text          0x0800b588      0x298 c:/bin/gcc-arm-none-eabi-4_8-131228/bin/../lib/gcc/arm-none-eabi/4.8.3/armv7e-m/fpu\libgcc.a(_divdi3.o)
                0x0800b588                __divdi3
 .text          0x0800b820      0x284 c:/bin/gcc-arm-none-eabi-4_8-131228/bin/../lib/gcc/arm-none-eabi/4.8.3/armv7e-m/fpu\libgcc.a(_udivdi3.o)
                0x0800b820                __udivdi3
 .text._sbrk    0x0800baa4       0x1c c:/bin/gcc-arm-none-eabi-4_8-131228/bin/../lib/gcc/arm-none-eabi/4.8.3/../../../../arm-none-eabi/lib/armv7e-m/fpu\libnosys.a(sbrk.o)
                0x0800baa4                _sbrk
 .text.__errno  0x0800bac0        0xc c:/bin/gcc-arm-none-eabi-4_8-131228/bin/../lib/gcc/arm-none-eabi/4.8.3/../../../../arm-none-eabi/lib/armv7e-m/fpu\libc.a(lib_a-errno.o)
                0x0800bac0                __errno
                0x0800bacc                . = ALIGN (0x4)
 *(.rodata*)
 .rodata.str1.1
                0x0800bacc      0x6a6 ./report.o
                                0x6b5 (size before relaxing)
 *fill*         0x0800c172        0x2 
 .rodata.hse_8mhz_3v3_100mhz
                0x0800c174       0x18 ./stm_main.o
                0x0800c174                hse_8mhz_3v3_100mhz
 .rodata.str1.1
                0x0800c18c       0x29 ./hw_control.o
 *fill*         0x0800c1b5        0x3 
 .rodata.zeroes.6774
                0x0800c1b8       0x10 c:/bin/gcc-arm-none-eabi-4_8-131228/bin/../lib/gcc/arm-none-eabi/4.8.3/../../../../arm-none-eabi/lib/armv7e-m/fpu\libc.a(lib_a-svfprintf.o)
 .rodata.str1.4
                0x0800c1c8       0x42 c:/bin/gcc-arm-none-eabi-4_8-131228/bin/../lib/gcc/arm-none-eabi/4.8.3/../../../../arm-none-eabi/lib/armv7e-m/fpu\libc.a(lib_a-svfprintf.o)
                                 0x44 (size before relaxing)
 *fill*         0x0800c20a        0x2 
 .rodata.blanks.6773
                0x0800c20c       0x10 c:/bin/gcc-arm-none-eabi-4_8-131228/bin/../lib/gcc/arm-none-eabi/4.8.3/../../../../arm-none-eabi/lib/armv7e-m/fpu\libc.a(lib_a-svfprintf.o)
 .rodata.str1.4
                0x0800c21c       0x10 c:/bin/gcc-arm-none-eabi-4_8-131228/bin/../lib/gcc/arm-none-eabi/4.8.3/../../../../arm-none-eabi/lib/armv7e-m/fpu\libc.a(lib_a-dtoa.o)
                                 0x14 (size before relaxing)
 .rodata.str1.4
                0x0800c22c        0x2 c:/bin/gcc-arm-none-eabi-4_8-131228/bin/../lib/gcc/arm-none-eabi/4.8.3/../../../../arm-none-eabi/lib/armv7e-m/fpu\libc.a(lib_a-impure.o)
                                  0x4 (size before relaxing)
 *fill*         0x0800c22e        0x2 
 .rodata.str1.4
                0x0800c230        0xa c:/bin/gcc-arm-none-eabi-4_8-131228/bin/../lib/gcc/arm-none-eabi/4.8.3/../../../../arm-none-eabi/lib/armv7e-m/fpu\libc.a(lib_a-locale.o)
                                 0x14 (size before relaxing)
 *fill*         0x0800c23a        0x6 
 .rodata.__mprec_tens
                0x0800c240       0xc8 c:/bin/gcc-arm-none-eabi-4_8-131228/bin/../lib/gcc/arm-none-eabi/4.8.3/../../../../arm-none-eabi/lib/armv7e-m/fpu\libc.a(lib_a-mprec.o)
                0x0800c240                __mprec_tens
 .rodata.__mprec_bigtens
                0x0800c308       0x28 c:/bin/gcc-arm-none-eabi-4_8-131228/bin/../lib/gcc/arm-none-eabi/4.8.3/../../../../arm-none-eabi/lib/armv7e-m/fpu\libc.a(lib_a-mprec.o)
                0x0800c308                __mprec_bigtens
 .rodata.p05.5277
                0x0800c330        0xc c:/bin/gcc-arm-none-eabi-4_8-131228/bin/../lib/gcc/arm-none-eabi/4.8.3/../../../../arm-none-eabi/lib/armv7e-m/fpu\libc.a(lib_a-mprec.o)
 .rodata.str1.4
                0x0800c33c        0x8 c:/bin/gcc-arm-none-eabi-4_8-131228/bin/../lib/gcc/arm-none-eabi/4.8.3/../../../../arm-none-eabi/lib/armv7e-m/fpu\libm.a(lib_a-w_sqrt.o)
 .rodata.npio2_hw
                0x0800c344       0x80 c:/bin/gcc-arm-none-eabi-4_8-131228/bin/../lib/gcc/arm-none-eabi/4.8.3/../../../../arm-none-eabi/lib/armv7e-m/fpu\libm.a(lib_a-e_rem_pio2.o)
 .rodata.two_over_pi
                0x0800c3c4      0x108 c:/bin/gcc-arm-none-eabi-4_8-131228/bin/../lib/gcc/arm-none-eabi/4.8.3/../../../../arm-none-eabi/lib/armv7e-m/fpu\libm.a(lib_a-e_rem_pio2.o)
 .rodata.init_jk
                0x0800c4cc       0x10 c:/bin/gcc-arm-none-eabi-4_8-131228/bin/../lib/gcc/arm-none-eabi/4.8.3/../../../../arm-none-eabi/lib/armv7e-m/fpu\libm.a(lib_a-k_rem_pio2.o)
 *fill*         0x0800c4dc        0x4 
 .rodata.PIo2   0x0800c4e0       0x40 c:/bin/gcc-arm-none-eabi-4_8-131228/bin/../lib/gcc/arm-none-eabi/4.8.3/../../../../arm-none-eabi/lib/armv7e-m/fpu\libm.a(lib_a-k_rem_pio2.o)
 .rodata.atanlo
                0x0800c520       0x20 c:/bin/gcc-arm-none-eabi-4_8-131228/bin/../lib/gcc/arm-none-eabi/4.8.3/../../../../arm-none-eabi/lib/armv7e-m/fpu\libm.a(lib_a-s_atan.o)
 .rodata.atanhi
                0x0800c540       0x20 c:/bin/gcc-arm-none-eabi-4_8-131228/bin/../lib/gcc/arm-none-eabi/4.8.3/../../../../arm-none-eabi/lib/armv7e-m/fpu\libm.a(lib_a-s_atan.o)
                0x0800c560                . = ALIGN (0x4)

.glue_7         0x0800c560        0x0
 .glue_7        0x00000000        0x0 linker stubs

.glue_7t        0x0800c560        0x0
 .glue_7t       0x00000000        0x0 linker stubs

.vfp11_veneer   0x0800c560        0x0
 .vfp11_veneer  0x00000000        0x0 linker stubs

.v4_bx          0x0800c560        0x0
 .v4_bx         0x00000000        0x0 linker stubs

.iplt           0x0800c560        0x0
 .iplt          0x00000000        0x0 ./motion_control.o

.preinit_array  0x0800c560        0x0
                0x0800c560                . = ALIGN (0x4)
                0x0800c560                __preinit_array_start = .
 *(.preinit_array)
                0x0800c560                __preinit_array_end = .

.init_array     0x0800c560        0x0
                0x0800c560                . = ALIGN (0x4)
                0x0800c560                __init_array_start = .
 *(SORT(.init_array.*))
 *(.init_array)
                0x0800c560                __init_array_end = .

.fini_array     0x0800c560        0x0
                0x0800c560                . = ALIGN (0x4)
                0x0800c560                __fini_array_start = .
 *(.fini_array)
 *(SORT(.fini_array.*))
                0x0800c560                __fini_array_end = .

.ARM.extab
 *(.ARM.extab*)

.ARM.exidx      0x0800c560        0x8
                0x0800c560                __exidx_start = .
 *(.ARM.exidx*)
 .ARM.exidx     0x0800c560        0x8 c:/bin/gcc-arm-none-eabi-4_8-131228/bin/../lib/gcc/arm-none-eabi/4.8.3/armv7e-m/fpu\libgcc.a(_divdi3.o)
 .ARM.exidx     0x0800c568        0x0 c:/bin/gcc-arm-none-eabi-4_8-131228/bin/../lib/gcc/arm-none-eabi/4.8.3/armv7e-m/fpu\libgcc.a(_udivdi3.o)
                                  0x8 (size before relaxing)
                0x0800c568                __exidx_end = .

.rel.dyn        0x0800c568        0x0
 .rel.iplt      0x00000000        0x0 ./motion_control.o
                0x0800c568                . = ALIGN (0x4)
                0x0800c568                _etext = .

.data           0x20000000      0x4b8 load address 0x0800c568
                0x20000000                _data = .
 *(.data*)
 .data.rcc_apb1_frequency
                0x20000000        0x4 ../libopencm3/lib\libopencm3_stm32f4.a(rcc.o)
                0x20000000                rcc_apb1_frequency
 .data.rcc_apb2_frequency
                0x20000004        0x4 ../libopencm3/lib\libopencm3_stm32f4.a(rcc.o)
                0x20000004                rcc_apb2_frequency
 .data.impure_data
                0x20000008       0x60 c:/bin/gcc-arm-none-eabi-4_8-131228/bin/../lib/gcc/arm-none-eabi/4.8.3/../../../../arm-none-eabi/lib/armv7e-m/fpu\libc.a(lib_a-impure.o)
 .data._impure_ptr
                0x20000068        0x4 c:/bin/gcc-arm-none-eabi-4_8-131228/bin/../lib/gcc/arm-none-eabi/4.8.3/../../../../arm-none-eabi/lib/armv7e-m/fpu\libc.a(lib_a-impure.o)
                0x20000068                _impure_ptr
 .data.lconv    0x2000006c       0x38 c:/bin/gcc-arm-none-eabi-4_8-131228/bin/../lib/gcc/arm-none-eabi/4.8.3/../../../../arm-none-eabi/lib/armv7e-m/fpu\libc.a(lib_a-locale.o)
 .data.__malloc_av_
                0x200000a4      0x408 c:/bin/gcc-arm-none-eabi-4_8-131228/bin/../lib/gcc/arm-none-eabi/4.8.3/../../../../arm-none-eabi/lib/armv7e-m/fpu\libc.a(lib_a-mallocr.o)
                0x200000a4                __malloc_av_
 .data.__malloc_trim_threshold
                0x200004ac        0x4 c:/bin/gcc-arm-none-eabi-4_8-131228/bin/../lib/gcc/arm-none-eabi/4.8.3/../../../../arm-none-eabi/lib/armv7e-m/fpu\libc.a(lib_a-mallocr.o)
                0x200004ac                __malloc_trim_threshold
 .data.__malloc_sbrk_base
                0x200004b0        0x4 c:/bin/gcc-arm-none-eabi-4_8-131228/bin/../lib/gcc/arm-none-eabi/4.8.3/../../../../arm-none-eabi/lib/armv7e-m/fpu\libc.a(lib_a-mallocr.o)
                0x200004b0                __malloc_sbrk_base
 .data.__fdlib_version
                0x200004b4        0x1 c:/bin/gcc-arm-none-eabi-4_8-131228/bin/../lib/gcc/arm-none-eabi/4.8.3/../../../../arm-none-eabi/lib/armv7e-m/fpu\libm.a(lib_a-s_lib_ver.o)
                0x200004b4                __fdlib_version
                0x200004b8                . = ALIGN (0x4)
 *fill*         0x200004b5        0x3 
                0x200004b8                _edata = .
                0x0800c568                _data_loadaddr = LOADADDR (.data)

.igot.plt       0x200004b8        0x0 load address 0x0800ca20
 .igot.plt      0x00000000        0x0 ./motion_control.o

.bss            0x200004b8      0xa2c load address 0x0800ca20
 *(.bss*)
 .bss.gc_state  0x200004b8       0x44 ./gcode.o
                0x200004b8                gc_state
 .bss.gc_block  0x200004fc       0x40 ./gcode.o
                0x200004fc                gc_block
 .bss.line      0x2000053c       0x50 ./protocol.o
 .bss.segment_buffer
                0x2000058c       0x30 ./stepper.o
 .bss.step_port_invert_mask
                0x200005bc        0x1 ./stepper.o
 .bss.segment_next_head
                0x200005bd        0x1 ./stepper.o
 *fill*         0x200005be        0x2 
 .bss.st        0x200005c0       0x28 ./stepper.o
 .bss.prep      0x200005e8       0x30 ./stepper.o
 .bss.busy      0x20000618        0x1 ./stepper.o
 *fill*         0x20000619        0x3 
 .bss.pl_block  0x2000061c        0x4 ./stepper.o
 .bss.segment_buffer_tail
                0x20000620        0x1 ./stepper.o
 *fill*         0x20000621        0x3 
 .bss.st_prep_block
                0x20000624        0x4 ./stepper.o
 .bss.segment_buffer_head
                0x20000628        0x1 ./stepper.o
 .bss.dir_port_invert_mask
                0x20000629        0x1 ./stepper.o
 *fill*         0x2000062a        0x2 
 .bss.st_block_buffer
                0x2000062c       0x64 ./stepper.o
 .bss.settings  0x20000690       0x54 ./settings.o
                0x20000690                settings
 .bss.block_buffer_planned
                0x200006e4        0x1 ./planner.o
 .bss.block_buffer_head
                0x200006e5        0x1 ./planner.o
 *fill*         0x200006e6        0x2 
 .bss.block_buffer
                0x200006e8      0x318 ./planner.o
 .bss.pl        0x20000a00       0x1c ./planner.o
 .bss.next_buffer_head
                0x20000a1c        0x1 ./planner.o
 .bss.block_buffer_tail
                0x20000a1d        0x1 ./planner.o
 *fill*         0x20000a1e        0x2 
 .bss.sys       0x20000a20       0x28 ./stm_main.o
                0x20000a20                sys
 .bss.serial_tx_buffer_head
                0x20000a48        0x4 ./serial_stm32.o
                0x20000a48                serial_tx_buffer_head
 .bss.serial_rx_buffer_tail
                0x20000a4c        0x4 ./serial_stm32.o
                0x20000a4c                serial_rx_buffer_tail
 .bss.serial_tx_buffer
                0x20000a50       0x40 ./serial_stm32.o
                0x20000a50                serial_tx_buffer
 .bss.serial_rx_buffer_head
                0x20000a90        0x4 ./serial_stm32.o
                0x20000a90                serial_rx_buffer_head
 .bss.serial_rx_buffer
                0x20000a94      0x400 ./serial_stm32.o
                0x20000a94                serial_rx_buffer
 .bss.serial_tx_buffer_tail
                0x20000e94        0x4 ./serial_stm32.o
                0x20000e94                serial_tx_buffer_tail
 .bss.newlimits
                0x20000e98        0x1 ./hw_control.o
                0x20000e98                newlimits
 .bss.probe_invert_mask
                0x20000e99        0x1 ./hw_control.o
                0x20000e99                probe_invert_mask
 *fill*         0x20000e9a        0x2 
 .bss.limits_enabled
                0x20000e9c        0x4 ./hw_control.o
                0x20000e9c                limits_enabled
 .bss.oldlimits
                0x20000ea0        0x1 ./hw_control.o
                0x20000ea0                oldlimits
 *fill*         0x20000ea1        0x3 
 .bss.timerrunning
                0x20000ea4        0x4 ./hw_control.o
                0x20000ea4                timerrunning
 .bss.__malloc_max_total_mem
                0x20000ea8        0x4 c:/bin/gcc-arm-none-eabi-4_8-131228/bin/../lib/gcc/arm-none-eabi/4.8.3/../../../../arm-none-eabi/lib/armv7e-m/fpu\libc.a(lib_a-mallocr.o)
                0x20000ea8                __malloc_max_total_mem
 .bss.__malloc_max_sbrked_mem
                0x20000eac        0x4 c:/bin/gcc-arm-none-eabi-4_8-131228/bin/../lib/gcc/arm-none-eabi/4.8.3/../../../../arm-none-eabi/lib/armv7e-m/fpu\libc.a(lib_a-mallocr.o)
                0x20000eac                __malloc_max_sbrked_mem
 .bss.__malloc_top_pad
                0x20000eb0        0x4 c:/bin/gcc-arm-none-eabi-4_8-131228/bin/../lib/gcc/arm-none-eabi/4.8.3/../../../../arm-none-eabi/lib/armv7e-m/fpu\libc.a(lib_a-mallocr.o)
                0x20000eb0                __malloc_top_pad
 .bss.__malloc_current_mallinfo
                0x20000eb4       0x28 c:/bin/gcc-arm-none-eabi-4_8-131228/bin/../lib/gcc/arm-none-eabi/4.8.3/../../../../arm-none-eabi/lib/armv7e-m/fpu\libc.a(lib_a-mallocr.o)
                0x20000eb4                __malloc_current_mallinfo
 .bss.heap_end.4061
                0x20000edc        0x4 c:/bin/gcc-arm-none-eabi-4_8-131228/bin/../lib/gcc/arm-none-eabi/4.8.3/../../../../arm-none-eabi/lib/armv7e-m/fpu\libnosys.a(sbrk.o)
 *(COMMON)
 COMMON         0x20000ee0        0x4 c:/bin/gcc-arm-none-eabi-4_8-131228/bin/../lib/gcc/arm-none-eabi/4.8.3/../../../../arm-none-eabi/lib/armv7e-m/fpu\libc.a(lib_a-reent.o)
                0x20000ee0                errno
                0x20000ee4                . = ALIGN (0x4)
                0x20000ee4                _ebss = .

/DISCARD/
 *(.eh_frame)
                0x20000ee4                . = ALIGN (0x4)
                0x20000ee4                end = .
                0x20020000                PROVIDE (_stack, (ORIGIN (ram) + 0x20000))
OUTPUT(stm_main.elf elf32-littlearm)

.debug_info     0x00000000    0x1c294
 .debug_info    0x00000000      0x8ed ./motion_control.o
 .debug_info    0x000008ed      0xa47 ./gcode.o
 .debug_info    0x00001334      0x307 ./spindle_control.o
 .debug_info    0x0000163b      0x1f9 ./coolant_control.o
 .debug_info    0x00001834      0x6e1 ./protocol.o
 .debug_info    0x00001f15      0xa5d ./stepper.o
 .debug_info    0x00002972      0x16d ./eeprom.o
 .debug_info    0x00002adf      0x7b5 ./settings.o
 .debug_info    0x00003294      0x80f ./planner.o
 .debug_info    0x00003aa3      0x1f5 ./nuts_bolts.o
 .debug_info    0x00003c98      0x569 ./limits.o
 .debug_info    0x00004201      0x52b ./print.o
 .debug_info    0x0000472c      0x193 ./probe.o
 .debug_info    0x000048bf     0x103f ./report.o
 .debug_info    0x000058fe      0x789 ./system.o
 .debug_info    0x00006087      0x550 ./stm_main.o
 .debug_info    0x000065d7      0xb34 ./serial_stm32.o
 .debug_info    0x0000710b       0x96 ./delay.o
 .debug_info    0x000071a1     0x190d ./hw_control.o
 .debug_info    0x00008aae      0x7f3 ../libopencm3/lib\libopencm3_stm32f4.a(rcc.o)
 .debug_info    0x000092a1      0x22c ../libopencm3/lib\libopencm3_stm32f4.a(gpio_common_all.o)
 .debug_info    0x000094cd      0x1eb ../libopencm3/lib\libopencm3_stm32f4.a(gpio_common_f0234.o)
 .debug_info    0x000096b8     0x11d5 ../libopencm3/lib\libopencm3_stm32f4.a(timer_common_all.o)
 .debug_info    0x0000a88d      0x4cf ../libopencm3/lib\libopencm3_stm32f4.a(usart_common_all.o)
 .debug_info    0x0000ad5c      0x1bb ../libopencm3/lib\libopencm3_stm32f4.a(usart_common_f124.o)
 .debug_info    0x0000af17      0x11f ../libopencm3/lib\libopencm3_stm32f4.a(flash_common_f234.o)
 .debug_info    0x0000b036      0x7cc ../libopencm3/lib\libopencm3_stm32f4.a(rcc_common_all.o)
 .debug_info    0x0000b802      0x2b3 ../libopencm3/lib\libopencm3_stm32f4.a(vector.o)
 .debug_info    0x0000bab5      0x214 ../libopencm3/lib\libopencm3_stm32f4.a(nvic.o)
 .debug_info    0x0000bcc9       0xc5 ../libopencm3/lib\libopencm3_stm32f4.a(pwr.o)
 .debug_info    0x0000bd8e      0x113 c:/bin/gcc-arm-none-eabi-4_8-131228/bin/../lib/gcc/arm-none-eabi/4.8.3/../../../../arm-none-eabi/lib/armv7e-m/fpu\libc.a(lib_a-memset.o)
 .debug_info    0x0000bea1      0x89a c:/bin/gcc-arm-none-eabi-4_8-131228/bin/../lib/gcc/arm-none-eabi/4.8.3/../../../../arm-none-eabi/lib/armv7e-m/fpu\libc.a(lib_a-sprintf.o)
 .debug_info    0x0000c73b     0x1813 c:/bin/gcc-arm-none-eabi-4_8-131228/bin/../lib/gcc/arm-none-eabi/4.8.3/../../../../arm-none-eabi/lib/armv7e-m/fpu\libc.a(lib_a-svfprintf.o)
 .debug_info    0x0000df4e     0x125b c:/bin/gcc-arm-none-eabi-4_8-131228/bin/../lib/gcc/arm-none-eabi/4.8.3/../../../../arm-none-eabi/lib/armv7e-m/fpu\libc.a(lib_a-dtoa.o)
 .debug_info    0x0000f1a9      0xac6 c:/bin/gcc-arm-none-eabi-4_8-131228/bin/../lib/gcc/arm-none-eabi/4.8.3/../../../../arm-none-eabi/lib/armv7e-m/fpu\libc.a(lib_a-freer.o)
 .debug_info    0x0000fc6f      0x7cf c:/bin/gcc-arm-none-eabi-4_8-131228/bin/../lib/gcc/arm-none-eabi/4.8.3/../../../../arm-none-eabi/lib/armv7e-m/fpu\libc.a(lib_a-impure.o)
 .debug_info    0x0001043e      0xa91 c:/bin/gcc-arm-none-eabi-4_8-131228/bin/../lib/gcc/arm-none-eabi/4.8.3/../../../../arm-none-eabi/lib/armv7e-m/fpu\libc.a(lib_a-locale.o)
 .debug_info    0x00010ecf      0x7bd c:/bin/gcc-arm-none-eabi-4_8-131228/bin/../lib/gcc/arm-none-eabi/4.8.3/../../../../arm-none-eabi/lib/armv7e-m/fpu\libc.a(lib_a-malloc.o)
 .debug_info    0x0001168c      0xc2d c:/bin/gcc-arm-none-eabi-4_8-131228/bin/../lib/gcc/arm-none-eabi/4.8.3/../../../../arm-none-eabi/lib/armv7e-m/fpu\libc.a(lib_a-mallocr.o)
 .debug_info    0x000122b9      0x125 c:/bin/gcc-arm-none-eabi-4_8-131228/bin/../lib/gcc/arm-none-eabi/4.8.3/../../../../arm-none-eabi/lib/armv7e-m/fpu\libc.a(lib_a-memchr-stub.o)
 .debug_info    0x000123de       0xef c:/bin/gcc-arm-none-eabi-4_8-131228/bin/../lib/gcc/arm-none-eabi/4.8.3/../../../../arm-none-eabi/lib/armv7e-m/fpu\libc.a(lib_a-memcpy.o)
 .debug_info    0x000124cd      0x75c c:/bin/gcc-arm-none-eabi-4_8-131228/bin/../lib/gcc/arm-none-eabi/4.8.3/../../../../arm-none-eabi/lib/armv7e-m/fpu\libc.a(lib_a-mlock.o)
 .debug_info    0x00012c29     0x15ce c:/bin/gcc-arm-none-eabi-4_8-131228/bin/../lib/gcc/arm-none-eabi/4.8.3/../../../../arm-none-eabi/lib/armv7e-m/fpu\libc.a(lib_a-mprec.o)
 .debug_info    0x000141f7      0x146 c:/bin/gcc-arm-none-eabi-4_8-131228/bin/../lib/gcc/arm-none-eabi/4.8.3/../../../../arm-none-eabi/lib/armv7e-m/fpu\libc.a(lib_a-s_fpclassify.o)
 .debug_info    0x0001433d      0x1b9 c:/bin/gcc-arm-none-eabi-4_8-131228/bin/../lib/gcc/arm-none-eabi/4.8.3/../../../../arm-none-eabi/lib/armv7e-m/fpu\libc.a(lib_a-s_frexp.o)
 .debug_info    0x000144f6      0x79c c:/bin/gcc-arm-none-eabi-4_8-131228/bin/../lib/gcc/arm-none-eabi/4.8.3/../../../../arm-none-eabi/lib/armv7e-m/fpu\libc.a(lib_a-sbrkr.o)
 .debug_info    0x00014c92       0xb1 c:/bin/gcc-arm-none-eabi-4_8-131228/bin/../lib/gcc/arm-none-eabi/4.8.3/../../../../arm-none-eabi/lib/armv7e-m/fpu\libc.a(lib_a-strlen.o)
 .debug_info    0x00014d43      0x124 c:/bin/gcc-arm-none-eabi-4_8-131228/bin/../lib/gcc/arm-none-eabi/4.8.3/../../../../arm-none-eabi/lib/armv7e-m/fpu\libc.a(lib_a-strncpy.o)
 .debug_info    0x00014e67     0x117a c:/bin/gcc-arm-none-eabi-4_8-131228/bin/../lib/gcc/arm-none-eabi/4.8.3/../../../../arm-none-eabi/lib/armv7e-m/fpu\libc.a(lib_a-svfiprintf.o)
 .debug_info    0x00015fe1      0x88c c:/bin/gcc-arm-none-eabi-4_8-131228/bin/../lib/gcc/arm-none-eabi/4.8.3/../../../../arm-none-eabi/lib/armv7e-m/fpu\libc.a(lib_a-callocr.o)
 .debug_info    0x0001686d      0x12d c:/bin/gcc-arm-none-eabi-4_8-131228/bin/../lib/gcc/arm-none-eabi/4.8.3/../../../../arm-none-eabi/lib/armv7e-m/fpu\libc.a(lib_a-memmove.o)
 .debug_info    0x0001699a      0xb6a c:/bin/gcc-arm-none-eabi-4_8-131228/bin/../lib/gcc/arm-none-eabi/4.8.3/../../../../arm-none-eabi/lib/armv7e-m/fpu\libc.a(lib_a-reallocr.o)
 .debug_info    0x00017504      0x8f7 c:/bin/gcc-arm-none-eabi-4_8-131228/bin/../lib/gcc/arm-none-eabi/4.8.3/../../../../arm-none-eabi/lib/armv7e-m/fpu\libc.a(lib_a-reent.o)
 .debug_info    0x00017dfb      0x1a5 c:/bin/gcc-arm-none-eabi-4_8-131228/bin/../lib/gcc/arm-none-eabi/4.8.3/../../../../arm-none-eabi/lib/armv7e-m/fpu\libm.a(lib_a-s_ceil.o)
 .debug_info    0x00017fa0      0x23b c:/bin/gcc-arm-none-eabi-4_8-131228/bin/../lib/gcc/arm-none-eabi/4.8.3/../../../../arm-none-eabi/lib/armv7e-m/fpu\libm.a(lib_a-s_cos.o)
 .debug_info    0x000181db      0x1a5 c:/bin/gcc-arm-none-eabi-4_8-131228/bin/../lib/gcc/arm-none-eabi/4.8.3/../../../../arm-none-eabi/lib/armv7e-m/fpu\libm.a(lib_a-s_floor.o)
 .debug_info    0x00018380      0x196 c:/bin/gcc-arm-none-eabi-4_8-131228/bin/../lib/gcc/arm-none-eabi/4.8.3/../../../../arm-none-eabi/lib/armv7e-m/fpu\libm.a(lib_a-s_lround.o)
 .debug_info    0x00018516      0x1bb c:/bin/gcc-arm-none-eabi-4_8-131228/bin/../lib/gcc/arm-none-eabi/4.8.3/../../../../arm-none-eabi/lib/armv7e-m/fpu\libm.a(lib_a-s_round.o)
 .debug_info    0x000186d1      0x246 c:/bin/gcc-arm-none-eabi-4_8-131228/bin/../lib/gcc/arm-none-eabi/4.8.3/../../../../arm-none-eabi/lib/armv7e-m/fpu\libm.a(lib_a-s_sin.o)
 .debug_info    0x00018917      0x1b8 c:/bin/gcc-arm-none-eabi-4_8-131228/bin/../lib/gcc/arm-none-eabi/4.8.3/../../../../arm-none-eabi/lib/armv7e-m/fpu\libm.a(lib_a-s_trunc.o)
 .debug_info    0x00018acf       0xff c:/bin/gcc-arm-none-eabi-4_8-131228/bin/../lib/gcc/arm-none-eabi/4.8.3/../../../../arm-none-eabi/lib/armv7e-m/fpu\libm.a(lib_a-w_atan2.o)
 .debug_info    0x00018bce      0x217 c:/bin/gcc-arm-none-eabi-4_8-131228/bin/../lib/gcc/arm-none-eabi/4.8.3/../../../../arm-none-eabi/lib/armv7e-m/fpu\libm.a(lib_a-w_sqrt.o)
 .debug_info    0x00018de5      0x2ca c:/bin/gcc-arm-none-eabi-4_8-131228/bin/../lib/gcc/arm-none-eabi/4.8.3/../../../../arm-none-eabi/lib/armv7e-m/fpu\libm.a(lib_a-e_atan2.o)
 .debug_info    0x000190af      0x3fb c:/bin/gcc-arm-none-eabi-4_8-131228/bin/../lib/gcc/arm-none-eabi/4.8.3/../../../../arm-none-eabi/lib/armv7e-m/fpu\libm.a(lib_a-e_rem_pio2.o)
 .debug_info    0x000194aa      0x22d c:/bin/gcc-arm-none-eabi-4_8-131228/bin/../lib/gcc/arm-none-eabi/4.8.3/../../../../arm-none-eabi/lib/armv7e-m/fpu\libm.a(lib_a-e_sqrt.o)
 .debug_info    0x000196d7      0x21c c:/bin/gcc-arm-none-eabi-4_8-131228/bin/../lib/gcc/arm-none-eabi/4.8.3/../../../../arm-none-eabi/lib/armv7e-m/fpu\libm.a(lib_a-k_cos.o)
 .debug_info    0x000198f3      0x3a6 c:/bin/gcc-arm-none-eabi-4_8-131228/bin/../lib/gcc/arm-none-eabi/4.8.3/../../../../arm-none-eabi/lib/armv7e-m/fpu\libm.a(lib_a-k_rem_pio2.o)
 .debug_info    0x00019c99      0x194 c:/bin/gcc-arm-none-eabi-4_8-131228/bin/../lib/gcc/arm-none-eabi/4.8.3/../../../../arm-none-eabi/lib/armv7e-m/fpu\libm.a(lib_a-k_sin.o)
 .debug_info    0x00019e2d      0x24c c:/bin/gcc-arm-none-eabi-4_8-131228/bin/../lib/gcc/arm-none-eabi/4.8.3/../../../../arm-none-eabi/lib/armv7e-m/fpu\libm.a(lib_a-s_atan.o)
 .debug_info    0x0001a079      0x151 c:/bin/gcc-arm-none-eabi-4_8-131228/bin/../lib/gcc/arm-none-eabi/4.8.3/../../../../arm-none-eabi/lib/armv7e-m/fpu\libm.a(lib_a-s_fabs.o)
 .debug_info    0x0001a1ca       0xba c:/bin/gcc-arm-none-eabi-4_8-131228/bin/../lib/gcc/arm-none-eabi/4.8.3/../../../../arm-none-eabi/lib/armv7e-m/fpu\libm.a(lib_a-s_lib_ver.o)
 .debug_info    0x0001a284      0x125 c:/bin/gcc-arm-none-eabi-4_8-131228/bin/../lib/gcc/arm-none-eabi/4.8.3/../../../../arm-none-eabi/lib/armv7e-m/fpu\libm.a(lib_a-s_matherr.o)
 .debug_info    0x0001a3a9      0x265 c:/bin/gcc-arm-none-eabi-4_8-131228/bin/../lib/gcc/arm-none-eabi/4.8.3/../../../../arm-none-eabi/lib/armv7e-m/fpu\libm.a(lib_a-s_scalbn.o)
 .debug_info    0x0001a60e      0x18d c:/bin/gcc-arm-none-eabi-4_8-131228/bin/../lib/gcc/arm-none-eabi/4.8.3/../../../../arm-none-eabi/lib/armv7e-m/fpu\libm.a(lib_a-s_copysign.o)
 .debug_info    0x0001a79b       0xd5 c:/bin/gcc-arm-none-eabi-4_8-131228/bin/../lib/gcc/arm-none-eabi/4.8.3/armv7e-m/fpu\libgcc.a(_arm_addsubdf3.o)
 .debug_info    0x0001a870       0xd5 c:/bin/gcc-arm-none-eabi-4_8-131228/bin/../lib/gcc/arm-none-eabi/4.8.3/armv7e-m/fpu\libgcc.a(_arm_muldivdf3.o)
 .debug_info    0x0001a945       0xd5 c:/bin/gcc-arm-none-eabi-4_8-131228/bin/../lib/gcc/arm-none-eabi/4.8.3/armv7e-m/fpu\libgcc.a(_arm_cmpdf2.o)
 .debug_info    0x0001aa1a       0xd5 c:/bin/gcc-arm-none-eabi-4_8-131228/bin/../lib/gcc/arm-none-eabi/4.8.3/armv7e-m/fpu\libgcc.a(_arm_fixdfsi.o)
 .debug_info    0x0001aaef       0xd5 c:/bin/gcc-arm-none-eabi-4_8-131228/bin/../lib/gcc/arm-none-eabi/4.8.3/armv7e-m/fpu\libgcc.a(_arm_fixunsdfsi.o)
 .debug_info    0x0001abc4       0xd5 c:/bin/gcc-arm-none-eabi-4_8-131228/bin/../lib/gcc/arm-none-eabi/4.8.3/armv7e-m/fpu\libgcc.a(_arm_truncdfsf2.o)
 .debug_info    0x0001ac99       0xd0 c:/bin/gcc-arm-none-eabi-4_8-131228/bin/../lib/gcc/arm-none-eabi/4.8.3/armv7e-m/fpu\libgcc.a(_aeabi_uldivmod.o)
 .debug_info    0x0001ad69      0x160 c:/bin/gcc-arm-none-eabi-4_8-131228/bin/../lib/gcc/arm-none-eabi/4.8.3/armv7e-m/fpu\libgcc.a(bpabi.o)
 .debug_info    0x0001aec9       0xd4 c:/bin/gcc-arm-none-eabi-4_8-131228/bin/../lib/gcc/arm-none-eabi/4.8.3/armv7e-m/fpu\libgcc.a(_dvmd_tls.o)
 .debug_info    0x0001af9d      0x5b3 c:/bin/gcc-arm-none-eabi-4_8-131228/bin/../lib/gcc/arm-none-eabi/4.8.3/armv7e-m/fpu\libgcc.a(_divdi3.o)
 .debug_info    0x0001b550      0x57e c:/bin/gcc-arm-none-eabi-4_8-131228/bin/../lib/gcc/arm-none-eabi/4.8.3/armv7e-m/fpu\libgcc.a(_udivdi3.o)
 .debug_info    0x0001bace       0x95 c:/bin/gcc-arm-none-eabi-4_8-131228/bin/../lib/gcc/arm-none-eabi/4.8.3/../../../../arm-none-eabi/lib/armv7e-m/fpu\libnosys.a(sbrk.o)
 .debug_info    0x0001bb63      0x731 c:/bin/gcc-arm-none-eabi-4_8-131228/bin/../lib/gcc/arm-none-eabi/4.8.3/../../../../arm-none-eabi/lib/armv7e-m/fpu\libc.a(lib_a-errno.o)

.debug_abbrev   0x00000000     0x6c4b
 .debug_abbrev  0x00000000      0x243 ./motion_control.o
 .debug_abbrev  0x00000243      0x266 ./gcode.o
 .debug_abbrev  0x000004a9      0x17e ./spindle_control.o
 .debug_abbrev  0x00000627      0x138 ./coolant_control.o
 .debug_abbrev  0x0000075f      0x1da ./protocol.o
 .debug_abbrev  0x00000939      0x221 ./stepper.o
 .debug_abbrev  0x00000b5a       0xfc ./eeprom.o
 .debug_abbrev  0x00000c56      0x267 ./settings.o
 .debug_abbrev  0x00000ebd      0x2f4 ./planner.o
 .debug_abbrev  0x000011b1       0xbd ./nuts_bolts.o
 .debug_abbrev  0x0000126e      0x1e9 ./limits.o
 .debug_abbrev  0x00001457      0x18c ./print.o
 .debug_abbrev  0x000015e3       0xb6 ./probe.o
 .debug_abbrev  0x00001699      0x23d ./report.o
 .debug_abbrev  0x000018d6      0x246 ./system.o
 .debug_abbrev  0x00001b1c      0x1c3 ./stm_main.o
 .debug_abbrev  0x00001cdf      0x1df ./serial_stm32.o
 .debug_abbrev  0x00001ebe       0x91 ./delay.o
 .debug_abbrev  0x00001f4f      0x328 ./hw_control.o
 .debug_abbrev  0x00002277      0x289 ../libopencm3/lib\libopencm3_stm32f4.a(rcc.o)
 .debug_abbrev  0x00002500      0x10e ../libopencm3/lib\libopencm3_stm32f4.a(gpio_common_all.o)
 .debug_abbrev  0x0000260e       0xb7 ../libopencm3/lib\libopencm3_stm32f4.a(gpio_common_f0234.o)
 .debug_abbrev  0x000026c5      0x15c ../libopencm3/lib\libopencm3_stm32f4.a(timer_common_all.o)
 .debug_abbrev  0x00002821      0x12b ../libopencm3/lib\libopencm3_stm32f4.a(usart_common_all.o)
 .debug_abbrev  0x0000294c       0xb7 ../libopencm3/lib\libopencm3_stm32f4.a(usart_common_f124.o)
 .debug_abbrev  0x00002a03       0x8a ../libopencm3/lib\libopencm3_stm32f4.a(flash_common_f234.o)
 .debug_abbrev  0x00002a8d       0xc1 ../libopencm3/lib\libopencm3_stm32f4.a(rcc_common_all.o)
 .debug_abbrev  0x00002b4e      0x13a ../libopencm3/lib\libopencm3_stm32f4.a(vector.o)
 .debug_abbrev  0x00002c88       0xa6 ../libopencm3/lib\libopencm3_stm32f4.a(nvic.o)
 .debug_abbrev  0x00002d2e       0x77 ../libopencm3/lib\libopencm3_stm32f4.a(pwr.o)
 .debug_abbrev  0x00002da5       0x9d c:/bin/gcc-arm-none-eabi-4_8-131228/bin/../lib/gcc/arm-none-eabi/4.8.3/../../../../arm-none-eabi/lib/armv7e-m/fpu\libc.a(lib_a-memset.o)
 .debug_abbrev  0x00002e42      0x1bd c:/bin/gcc-arm-none-eabi-4_8-131228/bin/../lib/gcc/arm-none-eabi/4.8.3/../../../../arm-none-eabi/lib/armv7e-m/fpu\libc.a(lib_a-sprintf.o)
 .debug_abbrev  0x00002fff      0x330 c:/bin/gcc-arm-none-eabi-4_8-131228/bin/../lib/gcc/arm-none-eabi/4.8.3/../../../../arm-none-eabi/lib/armv7e-m/fpu\libc.a(lib_a-svfprintf.o)
 .debug_abbrev  0x0000332f      0x288 c:/bin/gcc-arm-none-eabi-4_8-131228/bin/../lib/gcc/arm-none-eabi/4.8.3/../../../../arm-none-eabi/lib/armv7e-m/fpu\libc.a(lib_a-dtoa.o)
 .debug_abbrev  0x000035b7      0x220 c:/bin/gcc-arm-none-eabi-4_8-131228/bin/../lib/gcc/arm-none-eabi/4.8.3/../../../../arm-none-eabi/lib/armv7e-m/fpu\libc.a(lib_a-freer.o)
 .debug_abbrev  0x000037d7      0x134 c:/bin/gcc-arm-none-eabi-4_8-131228/bin/../lib/gcc/arm-none-eabi/4.8.3/../../../../arm-none-eabi/lib/armv7e-m/fpu\libc.a(lib_a-impure.o)
 .debug_abbrev  0x0000390b      0x248 c:/bin/gcc-arm-none-eabi-4_8-131228/bin/../lib/gcc/arm-none-eabi/4.8.3/../../../../arm-none-eabi/lib/armv7e-m/fpu\libc.a(lib_a-locale.o)
 .debug_abbrev  0x00003b53      0x19d c:/bin/gcc-arm-none-eabi-4_8-131228/bin/../lib/gcc/arm-none-eabi/4.8.3/../../../../arm-none-eabi/lib/armv7e-m/fpu\libc.a(lib_a-malloc.o)
 .debug_abbrev  0x00003cf0      0x238 c:/bin/gcc-arm-none-eabi-4_8-131228/bin/../lib/gcc/arm-none-eabi/4.8.3/../../../../arm-none-eabi/lib/armv7e-m/fpu\libc.a(lib_a-mallocr.o)
 .debug_abbrev  0x00003f28       0xb8 c:/bin/gcc-arm-none-eabi-4_8-131228/bin/../lib/gcc/arm-none-eabi/4.8.3/../../../../arm-none-eabi/lib/armv7e-m/fpu\libc.a(lib_a-memchr-stub.o)
 .debug_abbrev  0x00003fe0       0x14 c:/bin/gcc-arm-none-eabi-4_8-131228/bin/../lib/gcc/arm-none-eabi/4.8.3/../../../../arm-none-eabi/lib/armv7e-m/fpu\libc.a(lib_a-memcpy.o)
 .debug_abbrev  0x00003ff4      0x13d c:/bin/gcc-arm-none-eabi-4_8-131228/bin/../lib/gcc/arm-none-eabi/4.8.3/../../../../arm-none-eabi/lib/armv7e-m/fpu\libc.a(lib_a-mlock.o)
 .debug_abbrev  0x00004131      0x346 c:/bin/gcc-arm-none-eabi-4_8-131228/bin/../lib/gcc/arm-none-eabi/4.8.3/../../../../arm-none-eabi/lib/armv7e-m/fpu\libc.a(lib_a-mprec.o)
 .debug_abbrev  0x00004477       0xc8 c:/bin/gcc-arm-none-eabi-4_8-131228/bin/../lib/gcc/arm-none-eabi/4.8.3/../../../../arm-none-eabi/lib/armv7e-m/fpu\libc.a(lib_a-s_fpclassify.o)
 .debug_abbrev  0x0000453f       0xff c:/bin/gcc-arm-none-eabi-4_8-131228/bin/../lib/gcc/arm-none-eabi/4.8.3/../../../../arm-none-eabi/lib/armv7e-m/fpu\libc.a(lib_a-s_frexp.o)
 .debug_abbrev  0x0000463e      0x1a0 c:/bin/gcc-arm-none-eabi-4_8-131228/bin/../lib/gcc/arm-none-eabi/4.8.3/../../../../arm-none-eabi/lib/armv7e-m/fpu\libc.a(lib_a-sbrkr.o)
 .debug_abbrev  0x000047de       0x6e c:/bin/gcc-arm-none-eabi-4_8-131228/bin/../lib/gcc/arm-none-eabi/4.8.3/../../../../arm-none-eabi/lib/armv7e-m/fpu\libc.a(lib_a-strlen.o)
 .debug_abbrev  0x0000484c       0x9d c:/bin/gcc-arm-none-eabi-4_8-131228/bin/../lib/gcc/arm-none-eabi/4.8.3/../../../../arm-none-eabi/lib/armv7e-m/fpu\libc.a(lib_a-strncpy.o)
 .debug_abbrev  0x000048e9      0x2b3 c:/bin/gcc-arm-none-eabi-4_8-131228/bin/../lib/gcc/arm-none-eabi/4.8.3/../../../../arm-none-eabi/lib/armv7e-m/fpu\libc.a(lib_a-svfiprintf.o)
 .debug_abbrev  0x00004b9c      0x1a9 c:/bin/gcc-arm-none-eabi-4_8-131228/bin/../lib/gcc/arm-none-eabi/4.8.3/../../../../arm-none-eabi/lib/armv7e-m/fpu\libc.a(lib_a-callocr.o)
 .debug_abbrev  0x00004d45       0xa9 c:/bin/gcc-arm-none-eabi-4_8-131228/bin/../lib/gcc/arm-none-eabi/4.8.3/../../../../arm-none-eabi/lib/armv7e-m/fpu\libc.a(lib_a-memmove.o)
 .debug_abbrev  0x00004dee      0x1f6 c:/bin/gcc-arm-none-eabi-4_8-131228/bin/../lib/gcc/arm-none-eabi/4.8.3/../../../../arm-none-eabi/lib/armv7e-m/fpu\libc.a(lib_a-reallocr.o)
 .debug_abbrev  0x00004fe4      0x1fb c:/bin/gcc-arm-none-eabi-4_8-131228/bin/../lib/gcc/arm-none-eabi/4.8.3/../../../../arm-none-eabi/lib/armv7e-m/fpu\libc.a(lib_a-reent.o)
 .debug_abbrev  0x000051df       0xe7 c:/bin/gcc-arm-none-eabi-4_8-131228/bin/../lib/gcc/arm-none-eabi/4.8.3/../../../../arm-none-eabi/lib/armv7e-m/fpu\libm.a(lib_a-s_ceil.o)
 .debug_abbrev  0x000052c6      0x158 c:/bin/gcc-arm-none-eabi-4_8-131228/bin/../lib/gcc/arm-none-eabi/4.8.3/../../../../arm-none-eabi/lib/armv7e-m/fpu\libm.a(lib_a-s_cos.o)
 .debug_abbrev  0x0000541e       0xe7 c:/bin/gcc-arm-none-eabi-4_8-131228/bin/../lib/gcc/arm-none-eabi/4.8.3/../../../../arm-none-eabi/lib/armv7e-m/fpu\libm.a(lib_a-s_floor.o)
 .debug_abbrev  0x00005505       0xe2 c:/bin/gcc-arm-none-eabi-4_8-131228/bin/../lib/gcc/arm-none-eabi/4.8.3/../../../../arm-none-eabi/lib/armv7e-m/fpu\libm.a(lib_a-s_lround.o)
 .debug_abbrev  0x000055e7       0xdc c:/bin/gcc-arm-none-eabi-4_8-131228/bin/../lib/gcc/arm-none-eabi/4.8.3/../../../../arm-none-eabi/lib/armv7e-m/fpu\libm.a(lib_a-s_round.o)
 .debug_abbrev  0x000056c3      0x163 c:/bin/gcc-arm-none-eabi-4_8-131228/bin/../lib/gcc/arm-none-eabi/4.8.3/../../../../arm-none-eabi/lib/armv7e-m/fpu\libm.a(lib_a-s_sin.o)
 .debug_abbrev  0x00005826       0xd3 c:/bin/gcc-arm-none-eabi-4_8-131228/bin/../lib/gcc/arm-none-eabi/4.8.3/../../../../arm-none-eabi/lib/armv7e-m/fpu\libm.a(lib_a-s_trunc.o)
 .debug_abbrev  0x000058f9       0x87 c:/bin/gcc-arm-none-eabi-4_8-131228/bin/../lib/gcc/arm-none-eabi/4.8.3/../../../../arm-none-eabi/lib/armv7e-m/fpu\libm.a(lib_a-w_atan2.o)
 .debug_abbrev  0x00005980      0x138 c:/bin/gcc-arm-none-eabi-4_8-131228/bin/../lib/gcc/arm-none-eabi/4.8.3/../../../../arm-none-eabi/lib/armv7e-m/fpu\libm.a(lib_a-w_sqrt.o)
 .debug_abbrev  0x00005ab8      0x14f c:/bin/gcc-arm-none-eabi-4_8-131228/bin/../lib/gcc/arm-none-eabi/4.8.3/../../../../arm-none-eabi/lib/armv7e-m/fpu\libm.a(lib_a-e_atan2.o)
 .debug_abbrev  0x00005c07      0x184 c:/bin/gcc-arm-none-eabi-4_8-131228/bin/../lib/gcc/arm-none-eabi/4.8.3/../../../../arm-none-eabi/lib/armv7e-m/fpu\libm.a(lib_a-e_rem_pio2.o)
 .debug_abbrev  0x00005d8b      0x107 c:/bin/gcc-arm-none-eabi-4_8-131228/bin/../lib/gcc/arm-none-eabi/4.8.3/../../../../arm-none-eabi/lib/armv7e-m/fpu\libm.a(lib_a-e_sqrt.o)
 .debug_abbrev  0x00005e92       0xe0 c:/bin/gcc-arm-none-eabi-4_8-131228/bin/../lib/gcc/arm-none-eabi/4.8.3/../../../../arm-none-eabi/lib/armv7e-m/fpu\libm.a(lib_a-k_cos.o)
 .debug_abbrev  0x00005f72      0x156 c:/bin/gcc-arm-none-eabi-4_8-131228/bin/../lib/gcc/arm-none-eabi/4.8.3/../../../../arm-none-eabi/lib/armv7e-m/fpu\libm.a(lib_a-k_rem_pio2.o)
 .debug_abbrev  0x000060c8       0xa1 c:/bin/gcc-arm-none-eabi-4_8-131228/bin/../lib/gcc/arm-none-eabi/4.8.3/../../../../arm-none-eabi/lib/armv7e-m/fpu\libm.a(lib_a-k_sin.o)
 .debug_abbrev  0x00006169      0x15c c:/bin/gcc-arm-none-eabi-4_8-131228/bin/../lib/gcc/arm-none-eabi/4.8.3/../../../../arm-none-eabi/lib/armv7e-m/fpu\libm.a(lib_a-s_atan.o)
 .debug_abbrev  0x000062c5       0xd3 c:/bin/gcc-arm-none-eabi-4_8-131228/bin/../lib/gcc/arm-none-eabi/4.8.3/../../../../arm-none-eabi/lib/armv7e-m/fpu\libm.a(lib_a-s_fabs.o)
 .debug_abbrev  0x00006398       0x4d c:/bin/gcc-arm-none-eabi-4_8-131228/bin/../lib/gcc/arm-none-eabi/4.8.3/../../../../arm-none-eabi/lib/armv7e-m/fpu\libm.a(lib_a-s_lib_ver.o)
 .debug_abbrev  0x000063e5       0x98 c:/bin/gcc-arm-none-eabi-4_8-131228/bin/../lib/gcc/arm-none-eabi/4.8.3/../../../../arm-none-eabi/lib/armv7e-m/fpu\libm.a(lib_a-s_matherr.o)
 .debug_abbrev  0x0000647d      0x136 c:/bin/gcc-arm-none-eabi-4_8-131228/bin/../lib/gcc/arm-none-eabi/4.8.3/../../../../arm-none-eabi/lib/armv7e-m/fpu\libm.a(lib_a-s_scalbn.o)
 .debug_abbrev  0x000065b3       0xe2 c:/bin/gcc-arm-none-eabi-4_8-131228/bin/../lib/gcc/arm-none-eabi/4.8.3/../../../../arm-none-eabi/lib/armv7e-m/fpu\libm.a(lib_a-s_copysign.o)
 .debug_abbrev  0x00006695       0x14 c:/bin/gcc-arm-none-eabi-4_8-131228/bin/../lib/gcc/arm-none-eabi/4.8.3/armv7e-m/fpu\libgcc.a(_arm_addsubdf3.o)
 .debug_abbrev  0x000066a9       0x14 c:/bin/gcc-arm-none-eabi-4_8-131228/bin/../lib/gcc/arm-none-eabi/4.8.3/armv7e-m/fpu\libgcc.a(_arm_muldivdf3.o)
 .debug_abbrev  0x000066bd       0x14 c:/bin/gcc-arm-none-eabi-4_8-131228/bin/../lib/gcc/arm-none-eabi/4.8.3/armv7e-m/fpu\libgcc.a(_arm_cmpdf2.o)
 .debug_abbrev  0x000066d1       0x14 c:/bin/gcc-arm-none-eabi-4_8-131228/bin/../lib/gcc/arm-none-eabi/4.8.3/armv7e-m/fpu\libgcc.a(_arm_fixdfsi.o)
 .debug_abbrev  0x000066e5       0x14 c:/bin/gcc-arm-none-eabi-4_8-131228/bin/../lib/gcc/arm-none-eabi/4.8.3/armv7e-m/fpu\libgcc.a(_arm_fixunsdfsi.o)
 .debug_abbrev  0x000066f9       0x14 c:/bin/gcc-arm-none-eabi-4_8-131228/bin/../lib/gcc/arm-none-eabi/4.8.3/armv7e-m/fpu\libgcc.a(_arm_truncdfsf2.o)
 .debug_abbrev  0x0000670d       0x14 c:/bin/gcc-arm-none-eabi-4_8-131228/bin/../lib/gcc/arm-none-eabi/4.8.3/armv7e-m/fpu\libgcc.a(_aeabi_uldivmod.o)
 .debug_abbrev  0x00006721       0xb5 c:/bin/gcc-arm-none-eabi-4_8-131228/bin/../lib/gcc/arm-none-eabi/4.8.3/armv7e-m/fpu\libgcc.a(bpabi.o)
 .debug_abbrev  0x000067d6       0x14 c:/bin/gcc-arm-none-eabi-4_8-131228/bin/../lib/gcc/arm-none-eabi/4.8.3/armv7e-m/fpu\libgcc.a(_dvmd_tls.o)
 .debug_abbrev  0x000067ea      0x15a c:/bin/gcc-arm-none-eabi-4_8-131228/bin/../lib/gcc/arm-none-eabi/4.8.3/armv7e-m/fpu\libgcc.a(_divdi3.o)
 .debug_abbrev  0x00006944      0x154 c:/bin/gcc-arm-none-eabi-4_8-131228/bin/../lib/gcc/arm-none-eabi/4.8.3/armv7e-m/fpu\libgcc.a(_udivdi3.o)
 .debug_abbrev  0x00006a98       0x81 c:/bin/gcc-arm-none-eabi-4_8-131228/bin/../lib/gcc/arm-none-eabi/4.8.3/../../../../arm-none-eabi/lib/armv7e-m/fpu\libnosys.a(sbrk.o)
 .debug_abbrev  0x00006b19      0x132 c:/bin/gcc-arm-none-eabi-4_8-131228/bin/../lib/gcc/arm-none-eabi/4.8.3/../../../../arm-none-eabi/lib/armv7e-m/fpu\libc.a(lib_a-errno.o)

.debug_loc      0x00000000    0x14963
 .debug_loc     0x00000000      0x60f ./motion_control.o
 .debug_loc     0x0000060f      0xaae ./gcode.o
 .debug_loc     0x000010bd       0xee ./spindle_control.o
 .debug_loc     0x000011ab       0x2c ./coolant_control.o
 .debug_loc     0x000011d7      0x131 ./protocol.o
 .debug_loc     0x00001308      0x3af ./stepper.o
 .debug_loc     0x000016b7       0x8b ./eeprom.o
 .debug_loc     0x00001742      0x4a6 ./settings.o
 .debug_loc     0x00001be8      0x476 ./planner.o
 .debug_loc     0x0000205e      0x344 ./nuts_bolts.o
 .debug_loc     0x000023a2      0x2a0 ./limits.o
 .debug_loc     0x00002642      0x473 ./print.o
 .debug_loc     0x00002ab5      0x2f7 ./report.o
 .debug_loc     0x00002dac      0x36a ./system.o
 .debug_loc     0x00003116       0xa6 ./serial_stm32.o
 .debug_loc     0x000031bc       0x86 ./delay.o
 .debug_loc     0x00003242      0x1e9 ./hw_control.o
 .debug_loc     0x0000342b      0x372 ../libopencm3/lib\libopencm3_stm32f4.a(rcc.o)
 .debug_loc     0x0000379d       0x76 ../libopencm3/lib\libopencm3_stm32f4.a(gpio_common_all.o)
 .debug_loc     0x00003813      0x10b ../libopencm3/lib\libopencm3_stm32f4.a(gpio_common_f0234.o)
 .debug_loc     0x0000391e      0x52e ../libopencm3/lib\libopencm3_stm32f4.a(timer_common_all.o)
 .debug_loc     0x00003e4c      0x1ca ../libopencm3/lib\libopencm3_stm32f4.a(usart_common_all.o)
 .debug_loc     0x00004016       0xd4 ../libopencm3/lib\libopencm3_stm32f4.a(usart_common_f124.o)
 .debug_loc     0x000040ea       0x3f ../libopencm3/lib\libopencm3_stm32f4.a(flash_common_f234.o)
 .debug_loc     0x00004129      0x14a ../libopencm3/lib\libopencm3_stm32f4.a(rcc_common_all.o)
 .debug_loc     0x00004273       0xf5 ../libopencm3/lib\libopencm3_stm32f4.a(vector.o)
 .debug_loc     0x00004368      0x142 ../libopencm3/lib\libopencm3_stm32f4.a(nvic.o)
 .debug_loc     0x000044aa      0x18b c:/bin/gcc-arm-none-eabi-4_8-131228/bin/../lib/gcc/arm-none-eabi/4.8.3/../../../../arm-none-eabi/lib/armv7e-m/fpu\libc.a(lib_a-memset.o)
 .debug_loc     0x00004635       0x79 c:/bin/gcc-arm-none-eabi-4_8-131228/bin/../lib/gcc/arm-none-eabi/4.8.3/../../../../arm-none-eabi/lib/armv7e-m/fpu\libc.a(lib_a-sprintf.o)
 .debug_loc     0x000046ae     0x2a40 c:/bin/gcc-arm-none-eabi-4_8-131228/bin/../lib/gcc/arm-none-eabi/4.8.3/../../../../arm-none-eabi/lib/armv7e-m/fpu\libc.a(lib_a-svfprintf.o)
 .debug_loc     0x000070ee     0x2b94 c:/bin/gcc-arm-none-eabi-4_8-131228/bin/../lib/gcc/arm-none-eabi/4.8.3/../../../../arm-none-eabi/lib/armv7e-m/fpu\libc.a(lib_a-dtoa.o)
 .debug_loc     0x00009c82      0x4f1 c:/bin/gcc-arm-none-eabi-4_8-131228/bin/../lib/gcc/arm-none-eabi/4.8.3/../../../../arm-none-eabi/lib/armv7e-m/fpu\libc.a(lib_a-freer.o)
 .debug_loc     0x0000a173       0xe7 c:/bin/gcc-arm-none-eabi-4_8-131228/bin/../lib/gcc/arm-none-eabi/4.8.3/../../../../arm-none-eabi/lib/armv7e-m/fpu\libc.a(lib_a-locale.o)
 .debug_loc     0x0000a25a       0x58 c:/bin/gcc-arm-none-eabi-4_8-131228/bin/../lib/gcc/arm-none-eabi/4.8.3/../../../../arm-none-eabi/lib/armv7e-m/fpu\libc.a(lib_a-malloc.o)
 .debug_loc     0x0000a2b2      0xd01 c:/bin/gcc-arm-none-eabi-4_8-131228/bin/../lib/gcc/arm-none-eabi/4.8.3/../../../../arm-none-eabi/lib/armv7e-m/fpu\libc.a(lib_a-mallocr.o)
 .debug_loc     0x0000afb3      0x17b c:/bin/gcc-arm-none-eabi-4_8-131228/bin/../lib/gcc/arm-none-eabi/4.8.3/../../../../arm-none-eabi/lib/armv7e-m/fpu\libc.a(lib_a-memchr-stub.o)
 .debug_loc     0x0000b12e     0x1de4 c:/bin/gcc-arm-none-eabi-4_8-131228/bin/../lib/gcc/arm-none-eabi/4.8.3/../../../../arm-none-eabi/lib/armv7e-m/fpu\libc.a(lib_a-mprec.o)
 .debug_loc     0x0000cf12      0x15d c:/bin/gcc-arm-none-eabi-4_8-131228/bin/../lib/gcc/arm-none-eabi/4.8.3/../../../../arm-none-eabi/lib/armv7e-m/fpu\libc.a(lib_a-s_frexp.o)
 .debug_loc     0x0000d06f       0x4d c:/bin/gcc-arm-none-eabi-4_8-131228/bin/../lib/gcc/arm-none-eabi/4.8.3/../../../../arm-none-eabi/lib/armv7e-m/fpu\libc.a(lib_a-sbrkr.o)
 .debug_loc     0x0000d0bc       0x21 c:/bin/gcc-arm-none-eabi-4_8-131228/bin/../lib/gcc/arm-none-eabi/4.8.3/../../../../arm-none-eabi/lib/armv7e-m/fpu\libc.a(lib_a-strlen.o)
 .debug_loc     0x0000d0dd      0x145 c:/bin/gcc-arm-none-eabi-4_8-131228/bin/../lib/gcc/arm-none-eabi/4.8.3/../../../../arm-none-eabi/lib/armv7e-m/fpu\libc.a(lib_a-strncpy.o)
 .debug_loc     0x0000d222     0x1284 c:/bin/gcc-arm-none-eabi-4_8-131228/bin/../lib/gcc/arm-none-eabi/4.8.3/../../../../arm-none-eabi/lib/armv7e-m/fpu\libc.a(lib_a-svfiprintf.o)
 .debug_loc     0x0000e4a6      0x231 c:/bin/gcc-arm-none-eabi-4_8-131228/bin/../lib/gcc/arm-none-eabi/4.8.3/../../../../arm-none-eabi/lib/armv7e-m/fpu\libc.a(lib_a-callocr.o)
 .debug_loc     0x0000e6d7      0x2a5 c:/bin/gcc-arm-none-eabi-4_8-131228/bin/../lib/gcc/arm-none-eabi/4.8.3/../../../../arm-none-eabi/lib/armv7e-m/fpu\libc.a(lib_a-memmove.o)
 .debug_loc     0x0000e97c     0x1340 c:/bin/gcc-arm-none-eabi-4_8-131228/bin/../lib/gcc/arm-none-eabi/4.8.3/../../../../arm-none-eabi/lib/armv7e-m/fpu\libc.a(lib_a-reallocr.o)
 .debug_loc     0x0000fcbc       0xff c:/bin/gcc-arm-none-eabi-4_8-131228/bin/../lib/gcc/arm-none-eabi/4.8.3/../../../../arm-none-eabi/lib/armv7e-m/fpu\libc.a(lib_a-reent.o)
 .debug_loc     0x0000fdbb      0x191 c:/bin/gcc-arm-none-eabi-4_8-131228/bin/../lib/gcc/arm-none-eabi/4.8.3/../../../../arm-none-eabi/lib/armv7e-m/fpu\libm.a(lib_a-s_ceil.o)
 .debug_loc     0x0000ff4c       0xcd c:/bin/gcc-arm-none-eabi-4_8-131228/bin/../lib/gcc/arm-none-eabi/4.8.3/../../../../arm-none-eabi/lib/armv7e-m/fpu\libm.a(lib_a-s_cos.o)
 .debug_loc     0x00010019      0x1f9 c:/bin/gcc-arm-none-eabi-4_8-131228/bin/../lib/gcc/arm-none-eabi/4.8.3/../../../../arm-none-eabi/lib/armv7e-m/fpu\libm.a(lib_a-s_floor.o)
 .debug_loc     0x00010212      0x21d c:/bin/gcc-arm-none-eabi-4_8-131228/bin/../lib/gcc/arm-none-eabi/4.8.3/../../../../arm-none-eabi/lib/armv7e-m/fpu\libm.a(lib_a-s_lround.o)
 .debug_loc     0x0001042f      0x280 c:/bin/gcc-arm-none-eabi-4_8-131228/bin/../lib/gcc/arm-none-eabi/4.8.3/../../../../arm-none-eabi/lib/armv7e-m/fpu\libm.a(lib_a-s_round.o)