Archive member included because of file (symbol)

../libopencm3/lib\libopencm3_stm32f4.a(rcc.o)
                              ./stm_main.o (rcc_clock_setup_hse_3v3)
../libopencm3/lib\libopencm3_stm32f4.a(gpio_common_all.o)
                              ./hw_control.o (gpio_set)
../libopencm3/lib\libopencm3_stm32f4.a(gpio_common_f0234.o)
                              ./serial_stm32.o (gpio_mode_setup)
../libopencm3/lib\libopencm3_stm32f4.a(timer_common_all.o)
                              ./hw_control.o (timer_reset)
../libopencm3/lib\libopencm3_stm32f4.a(usart_common_all.o)
                              ./serial_stm32.o (usart_set_baudrate)
../libopencm3/lib\libopencm3_stm32f4.a(usart_common_f124.o)
                              ./serial_stm32.o (usart_send)
../libopencm3/lib\libopencm3_stm32f4.a(flash_common_f234.o)
                              ../libopencm3/lib\libopencm3_stm32f4.a(rcc.o) (flash_set_ws)
../libopencm3/lib\libopencm3_stm32f4.a(flash_common_f24.o)
                              ./eeprom.o (flash_program)
../libopencm3/lib\libopencm3_stm32f4.a(rcc_common_all.o)
                              ./serial_stm32.o (rcc_periph_clock_enable)
../libopencm3/lib\libopencm3_stm32f4.a(vector.o)
                              (reset_handler)
../libopencm3/lib\libopencm3_stm32f4.a(nvic.o)
                              ./serial_stm32.o (nvic_enable_irq)
../libopencm3/lib\libopencm3_stm32f4.a(assert.o)
                              ../libopencm3/lib\libopencm3_stm32f4.a(rcc.o) (cm3_assert_failed)
../libopencm3/lib\libopencm3_stm32f4.a(pwr.o)
                              ../libopencm3/lib\libopencm3_stm32f4.a(rcc.o) (pwr_set_vos_scale)
c:/bin/gcc-arm-none-eabi-4_8-131228/bin/../lib/gcc/arm-none-eabi/4.8.3/../../../../arm-none-eabi/lib/armv7e-m/fpu\libc.a(lib_a-memset.o)
                              ./gcode.o (memset)
c:/bin/gcc-arm-none-eabi-4_8-131228/bin/../lib/gcc/arm-none-eabi/4.8.3/../../../../arm-none-eabi/lib/armv7e-m/fpu\libc.a(lib_a-sprintf.o)
                              ./hw_control.o (sprintf)
c:/bin/gcc-arm-none-eabi-4_8-131228/bin/../lib/gcc/arm-none-eabi/4.8.3/../../../../arm-none-eabi/lib/armv7e-m/fpu\libc.a(lib_a-svfprintf.o)
                              c:/bin/gcc-arm-none-eabi-4_8-131228/bin/../lib/gcc/arm-none-eabi/4.8.3/../../../../arm-none-eabi/lib/armv7e-m/fpu\libc.a(lib_a-sprintf.o) (_svfprintf_r)
c:/bin/gcc-arm-none-eabi-4_8-131228/bin/../lib/gcc/arm-none-eabi/4.8.3/../../../../arm-none-eabi/lib/armv7e-m/fpu\libc.a(lib_a-dtoa.o)
                              c:/bin/gcc-arm-none-eabi-4_8-131228/bin/../lib/gcc/arm-none-eabi/4.8.3/../../../../arm-none-eabi/lib/armv7e-m/fpu\libc.a(lib_a-svfprintf.o) (_dtoa_r)
c:/bin/gcc-arm-none-eabi-4_8-131228/bin/../lib/gcc/arm-none-eabi/4.8.3/../../../../arm-none-eabi/lib/armv7e-m/fpu\libc.a(lib_a-freer.o)
                              c:/bin/gcc-arm-none-eabi-4_8-131228/bin/../lib/gcc/arm-none-eabi/4.8.3/../../../../arm-none-eabi/lib/armv7e-m/fpu\libc.a(lib_a-svfprintf.o) (_free_r)
c:/bin/gcc-arm-none-eabi-4_8-131228/bin/../lib/gcc/arm-none-eabi/4.8.3/../../../../arm-none-eabi/lib/armv7e-m/fpu\libc.a(lib_a-impure.o)
                              c:/bin/gcc-arm-none-eabi-4_8-131228/bin/../lib/gcc/arm-none-eabi/4.8.3/../../../../arm-none-eabi/lib/armv7e-m/fpu\libc.a(lib_a-sprintf.o) (_impure_ptr)
c:/bin/gcc-arm-none-eabi-4_8-131228/bin/../lib/gcc/arm-none-eabi/4.8.3/../../../../arm-none-eabi/lib/armv7e-m/fpu\libc.a(lib_a-locale.o)
                              c:/bin/gcc-arm-none-eabi-4_8-131228/bin/../lib/gcc/arm-none-eabi/4.8.3/../../../../arm-none-eabi/lib/armv7e-m/fpu\libc.a(lib_a-svfprintf.o) (_localeconv_r)
c:/bin/gcc-arm-none-eabi-4_8-131228/bin/../lib/gcc/arm-none-eabi/4.8.3/../../../../arm-none-eabi/lib/armv7e-m/fpu\libc.a(lib_a-malloc.o)
                              c:/bin/gcc-arm-none-eabi-4_8-131228/bin/../lib/gcc/arm-none-eabi/4.8.3/../../../../arm-none-eabi/lib/armv7e-m/fpu\libc.a(lib_a-dtoa.o) (malloc)
c:/bin/gcc-arm-none-eabi-4_8-131228/bin/../lib/gcc/arm-none-eabi/4.8.3/../../../../arm-none-eabi/lib/armv7e-m/fpu\libc.a(lib_a-mallocr.o)
                              c:/bin/gcc-arm-none-eabi-4_8-131228/bin/../lib/gcc/arm-none-eabi/4.8.3/../../../../arm-none-eabi/lib/armv7e-m/fpu\libc.a(lib_a-svfprintf.o) (_malloc_r)
c:/bin/gcc-arm-none-eabi-4_8-131228/bin/../lib/gcc/arm-none-eabi/4.8.3/../../../../arm-none-eabi/lib/armv7e-m/fpu\libc.a(lib_a-memchr-stub.o)
                              c:/bin/gcc-arm-none-eabi-4_8-131228/bin/../lib/gcc/arm-none-eabi/4.8.3/../../../../arm-none-eabi/lib/armv7e-m/fpu\libc.a(lib_a-svfprintf.o) (memchr)
c:/bin/gcc-arm-none-eabi-4_8-131228/bin/../lib/gcc/arm-none-eabi/4.8.3/../../../../arm-none-eabi/lib/armv7e-m/fpu\libc.a(lib_a-memcpy.o)
                              c:/bin/gcc-arm-none-eabi-4_8-131228/bin/../lib/gcc/arm-none-eabi/4.8.3/../../../../arm-none-eabi/lib/armv7e-m/fpu\libc.a(lib_a-dtoa.o) (memcpy)
[...]
Memory Configuration

Name             Origin             Length             Attributes
rom0             0x08000000         0x00008000         xr
rom1             0x08008000         0x00004000         r
rom2             0x0800c000         0x00074000         xr
ram              0x20000000         0x00020000         xrw
*default*        0x00000000         0xffffffff

Linker script and memory map

LOAD ./motion_control.o
LOAD ./gcode.o
LOAD ./spindle_control.o
LOAD ./coolant_control.o
LOAD ./protocol.o
LOAD ./stepper.o
LOAD ./eeprom.o
LOAD ./settings.o
LOAD ./planner.o
LOAD ./nuts_bolts.o
LOAD ./limits.o
LOAD ./print.o
LOAD ./probe.o
LOAD ./report.o
LOAD ./system.o
LOAD ./stm_main.o
LOAD ./serial_stm32.o
LOAD ./delay.o
LOAD ./hw_control.o
LOAD ../libopencm3/lib\libopencm3_stm32f4.a
START GROUP
LOAD c:/bin/gcc-arm-none-eabi-4_8-131228/bin/../lib/gcc/arm-none-eabi/4.8.3/../../../../arm-none-eabi/lib/armv7e-m/fpu\libc.a
LOAD c:/bin/gcc-arm-none-eabi-4_8-131228/bin/../lib/gcc/arm-none-eabi/4.8.3/../../../../arm-none-eabi/lib/armv7e-m/fpu\libm.a
LOAD c:/bin/gcc-arm-none-eabi-4_8-131228/bin/../lib/gcc/arm-none-eabi/4.8.3/armv7e-m/fpu\libgcc.a
LOAD c:/bin/gcc-arm-none-eabi-4_8-131228/bin/../lib/gcc/arm-none-eabi/4.8.3/../../../../arm-none-eabi/lib/armv7e-m/fpu\libnosys.a
END GROUP
START GROUP
LOAD c:/bin/gcc-arm-none-eabi-4_8-131228/bin/../lib/gcc/arm-none-eabi/4.8.3/armv7e-m/fpu\libgcc.a
LOAD c:/bin/gcc-arm-none-eabi-4_8-131228/bin/../lib/gcc/arm-none-eabi/4.8.3/../../../../arm-none-eabi/lib/armv7e-m/fpu\libc.a
END GROUP

.vectors        0x08000000      0x1ac
                0x08000000                . = ALIGN (0x4)
 .vectors       0x08000000      0x1ac ../libopencm3/lib\libopencm3_stm32f4.a(vector.o)
                0x08000000                vector_table

.text           0x0800c000     0xc568
 *(.text*)
 .text.mc_line  0x0800c000       0x5c ./motion_control.o
                0x0800c000                mc_line
 *fill*         0x0800c05c        0x4 
 .text.mc_arc   0x0800c060      0x310 ./motion_control.o
                0x0800c060                mc_arc
 .text.mc_dwell
                0x0800c370       0x8c ./motion_control.o
                0x0800c370                mc_dwell
 .text.mc_homing_cycle
                0x0800c3fc       0x30 ./motion_control.o
                0x0800c3fc                mc_homing_cycle
 .text.mc_probe_cycle
                0x0800c42c       0xd0 ./motion_control.o
                0x0800c42c                mc_probe_cycle
 .text.mc_reset
                0x0800c4fc       0x48 ./motion_control.o
                0x0800c4fc                mc_reset
 .text.gc_init  0x0800c544       0x2c ./gcode.o
                0x0800c544                gc_init
 .text.gc_sync_position
                0x0800c570       0x10 ./gcode.o
                0x0800c570                gc_sync_position
 .text.gc_execute_line
                0x0800c580      0xe88 ./gcode.o
                0x0800c580                gc_execute_line
 .text.spindle_stop
                0x0800d408       0x10 ./spindle_control.o
                0x0800d408                spindle_stop
 .text.spindle_init
                0x0800d418        0x4 ./spindle_control.o
                0x0800d418                spindle_init
 .text.spindle_set_state
                0x0800d41c       0x30 ./spindle_control.o
                0x0800d41c                spindle_set_state
 .text.spindle_run
                0x0800d44c       0x34 ./spindle_control.o
                0x0800d44c                spindle_run
 .text.coolant_init
                0x0800d480        0x2 ./coolant_control.o
                0x0800d480                coolant_init
 .text.coolant_stop
                0x0800d482        0x2 ./coolant_control.o
                0x0800d482                coolant_stop
 .text.coolant_set_state
                0x0800d484        0x2 ./coolant_control.o
                0x0800d484                coolant_set_state
 *fill*         0x0800d486        0x2 
 .text.coolant_run
                0x0800d488       0x14 ./coolant_control.o
                0x0800d488                coolant_run
 .text.protocol_execute_realtime
                0x0800d49c      0x1d4 ./protocol.o
                0x0800d49c                protocol_execute_realtime
 .text.protocol_auto_cycle_start
                0x0800d670       0x10 ./protocol.o
                0x0800d670                protocol_auto_cycle_start
 .text.protocol_main_loop
                0x0800d680       0xec ./protocol.o
                0x0800d680                protocol_main_loop
 .text.protocol_buffer_synchronize
                0x0800d76c       0x24 ./protocol.o
                0x0800d76c                protocol_buffer_synchronize
 .text.st_wake_up
                0x0800d790       0x44 ./stepper.o
                0x0800d790                st_wake_up
 .text.st_go_idle
                0x0800d7d4       0x38 ./stepper.o
                0x0800d7d4                st_go_idle
 .text.main_step_isr
                0x0800d80c      0x188 ./stepper.o
                0x0800d80c                main_step_isr
 .text.st_generate_step_dir_invert_masks
                0x0800d994       0x60 ./stepper.o
                0x0800d994                st_generate_step_dir_invert_masks
 .text.st_reset
                0x0800d9f4       0x58 ./stepper.o
                0x0800d9f4                st_reset
 .text.stepper_init
                0x0800da4c       0x12 ./stepper.o
                0x0800da4c                stepper_init
 *fill*         0x0800da5e        0x2 
 .text.st_update_plan_block_parameters
                0x0800da60       0x28 ./stepper.o
                0x0800da60                st_update_plan_block_parameters
 .text.st_prep_buffer
                0x0800da88      0x6a8 ./stepper.o
                0x0800da88                st_prep_buffer
 .text.eeprom_get_char
                0x0800e130       0x2c ./eeprom.o
                0x0800e130                eeprom_get_char
 .text.eeprom_put_char
                0x0800e15c        0xc ./eeprom.o
                0x0800e15c                eeprom_put_char
 .text.memcpy_to_eeprom_with_checksum
                0x0800e168       0x58 ./eeprom.o
                0x0800e168                memcpy_to_eeprom_with_checksum
 .text.memcpy_from_eeprom_with_checksum
                0x0800e1c0       0x3c ./eeprom.o
                0x0800e1c0                memcpy_from_eeprom_with_checksum
 .text.settings_store_startup_line
                0x0800e1fc       0x10 ./settings.o
                0x0800e1fc                settings_store_startup_line
 .text.settings_store_build_info
                0x0800e20c        0xc ./settings.o
                0x0800e20c                settings_store_build_info
 .text.settings_write_coord_data
                0x0800e218       0x10 ./settings.o
                0x0800e218                settings_write_coord_data
 .text.write_global_settings
                0x0800e228       0x1c ./settings.o
                0x0800e228                write_global_settings
 .text.settings_restore
                0x0800e244       0xe0 ./settings.o
                0x0800e244                settings_restore
 .text.settings_read_startup_line
                0x0800e324       0x2e ./settings.o
                0x0800e324                settings_read_startup_line
 .text.settings_read_build_info
                0x0800e352       0x22 ./settings.o
                0x0800e352                settings_read_build_info
 .text.settings_read_coord_data
                0x0800e374       0x36 ./settings.o
                0x0800e374                settings_read_coord_data
 *fill*         0x0800e3aa        0x2 
 .text.read_global_settings
                0x0800e3ac       0x28 ./settings.o
                0x0800e3ac                read_global_settings
 .text.settings_store_global_setting
                0x0800e3d4      0x1dc ./settings.o
                0x0800e3d4                settings_store_global_setting
 .text.settings_init
                0x0800e5b0       0x1e ./settings.o
                0x0800e5b0                settings_init
 .text.get_step_pin_mask
                0x0800e5ce       0x10 ./settings.o
                0x0800e5ce                get_step_pin_mask
 .text.get_direction_pin_mask
                0x0800e5de       0x10 ./settings.o
                0x0800e5de                get_direction_pin_mask
 *fill*         0x0800e5ee        0x2 
 .text.planner_recalculate
                0x0800e5f0      0x158 ./planner.o
 .text.plan_reset
                0x0800e748       0x38 ./planner.o
                0x0800e748                plan_reset
 .text.plan_discard_current_block
                0x0800e780       0x34 ./planner.o
                0x0800e780                plan_discard_current_block
 .text.plan_get_current_block
                0x0800e7b4       0x28 ./planner.o
                0x0800e7b4                plan_get_current_block
 .text.plan_get_exec_block_exit_speed
                0x0800e7dc       0x4c ./planner.o
                0x0800e7dc                plan_get_exec_block_exit_speed
 .text.plan_check_full_buffer
                0x0800e828       0x18 ./planner.o
                0x0800e828                plan_check_full_buffer
 .text.plan_buffer_line
                0x0800e840      0x360 ./planner.o
                0x0800e840                plan_buffer_line
 .text.plan_sync_position
                0x0800eba0       0x1c ./planner.o
                0x0800eba0                plan_sync_position
 .text.plan_get_block_buffer_count
                0x0800ebbc       0x1c ./planner.o
                0x0800ebbc                plan_get_block_buffer_count
 .text.plan_cycle_reinitialize
                0x0800ebd8       0x20 ./planner.o
                0x0800ebd8                plan_cycle_reinitialize
 .text.read_float
                0x0800ebf8      0x110 ./nuts_bolts.o
                0x0800ebf8                read_float
 .text.hypot_f  0x0800ed08       0x28 ./nuts_bolts.o
                0x0800ed08                hypot_f
 .text.limit_isr
                0x0800ed30       0x20 ./limits.o
                0x0800ed30                limit_isr
 .text.limits_go_home
                0x0800ed50      0x204 ./limits.o
                0x0800ed50                limits_go_home
 .text.limits_soft_check
                0x0800ef54       0x98 ./limits.o
                0x0800ef54                limits_soft_check
 .text.printString
                0x0800efec       0x12 ./print.o
                0x0800efec                printString
 .text.printPgmString
                0x0800effe       0x12 ./print.o
                0x0800effe                printPgmString
 .text.print_unsigned_int8
                0x0800f010       0x44 ./print.o
                0x0800f010                print_unsigned_int8
 .text.print_uint8_base2
                0x0800f054        0x8 ./print.o
                0x0800f054                print_uint8_base2
 .text.print_uint8_base10
                0x0800f05c       0x16 ./print.o
                0x0800f05c                print_uint8_base10
 *fill*         0x0800f072        0x2 
 .text.printFloat
                0x0800f074       0xd0 ./print.o
                0x0800f074                printFloat
 *fill*         0x0800f144        0x4 
 .text.printFloat_CoordValue
                0x0800f148       0x48 ./print.o
                0x0800f148                printFloat_CoordValue
 .text.printFloat_RateValue
                0x0800f190       0x48 ./print.o
                0x0800f190                printFloat_RateValue
 .text.printFloat_SettingValue
                0x0800f1d8        0x6 ./print.o
                0x0800f1d8                printFloat_SettingValue
 *fill*         0x0800f1de        0x2 
 .text.probe_state_monitor
                0x0800f1e0       0x30 ./probe.o
                0x0800f1e0                probe_state_monitor
 .text.report_status_message
                0x0800f210       0xcc ./report.o
                0x0800f210                report_status_message
 .text.report_alarm_message
                0x0800f2dc       0x60 ./report.o
                0x0800f2dc                report_alarm_message
 .text.report_feedback_message
                0x0800f33c       0x70 ./report.o
                0x0800f33c                report_feedback_message
 .text.report_init_message
                0x0800f3ac        0xc ./report.o
                0x0800f3ac                report_init_message
 .text.report_grbl_help
                0x0800f3b8        0xc ./report.o
                0x0800f3b8                report_grbl_help
 .text.report_grbl_settings
                0x0800f3c4      0x2b0 ./report.o
                0x0800f3c4                report_grbl_settings
 .text.report_probe_parameters
                0x0800f674       0x5c ./report.o
                0x0800f674                report_probe_parameters
 .text.report_ngc_parameters
                0x0800f6d0       0xd8 ./report.o
                0x0800f6d0                report_ngc_parameters
 .text.report_gcode_modes
                0x0800f7a8      0x18c ./report.o
                0x0800f7a8                report_gcode_modes
 .text.report_startup_line
                0x0800f934       0x34 ./report.o
                0x0800f934                report_startup_line
 .text.report_build_info
                0x0800f968       0x24 ./report.o
                0x0800f968                report_build_info
 .text.report_realtime_status
                0x0800f98c      0x19c ./report.o
                0x0800f98c                report_realtime_status
 .text.system_init
                0x0800fb28        0x2 ./system.o
                0x0800fb28                system_init
 .text.system_check_safety_door_ajar
                0x0800fb2a        0x4 ./system.o
                0x0800fb2a                system_check_safety_door_ajar
 .text.system_execute_startup
                0x0800fb2e       0x30 ./system.o
                0x0800fb2e                system_execute_startup
 *fill*         0x0800fb5e        0x2 
 .text.system_execute_line
                0x0800fb60      0x284 ./system.o
                0x0800fb60                system_execute_line
 .text.system_convert_axis_steps_to_mpos
                0x0800fde4       0x20 ./system.o
                0x0800fde4                system_convert_axis_steps_to_mpos
 .text.system_convert_array_steps_to_mpos
                0x0800fe04       0x1c ./system.o
                0x0800fe04                system_convert_array_steps_to_mpos
 .text.startup.main
                0x0800fe20       0x78 ./stm_main.o
                0x0800fe20                main
 .text.serial_get_rx_buffer_count
                0x0800fe98       0x18 ./serial_stm32.o
                0x0800fe98                serial_get_rx_buffer_count
 .text.serial_init
                0x0800feb0       0xa4 ./serial_stm32.o
                0x0800feb0                serial_init
 .text.serial_write
                0x0800ff54       0x44 ./serial_stm32.o
                0x0800ff54                serial_write
 .text.serial_txint
                0x0800ff98       0x48 ./serial_stm32.o
                0x0800ff98                serial_txint
 .text.serial_read
                0x0800ffe0       0x30 ./serial_stm32.o
                0x0800ffe0                serial_read
 .text.serial_rxint
                0x08010010       0x84 ./serial_stm32.o
                0x08010010                serial_rxint
 .text.usart2_isr
                0x08010094       0x3c ./serial_stm32.o
                0x08010094                usart2_isr
 .text.serial_reset_read_buffer
                0x080100d0       0x14 ./serial_stm32.o
                0x080100d0                serial_reset_read_buffer
 .text._delay_us
                0x080100e4        0xe ./delay.o
                0x080100e4                _delay_us
 .text._delay_ms
                0x080100f2       0x14 ./delay.o
                0x080100f2                _delay_ms
 *fill*         0x08010106        0x2 
 .text.init_step_timer
                0x08010108       0x90 ./hw_control.o
                0x08010108                init_step_timer
 .text.set_step_timer_period
                0x08010198        0xa ./hw_control.o
                0x08010198                set_step_timer_period
 *fill*         0x080101a2        0x2 
 .text.enable_step_timer_isr
                0x080101a4        0xc ./hw_control.o
                0x080101a4                enable_step_timer_isr
 .text.disable_step_timer_isr
                0x080101b0        0xc ./hw_control.o
                0x080101b0                disable_step_timer_isr
 .text.init_step_pins
                0x080101bc       0x90 ./hw_control.o
                0x080101bc                init_step_pins
 .text.init_spindle
                0x0801024c       0xac ./hw_control.o
                0x0801024c                init_spindle
 .text.set_step_pins
                0x080102f8       0x50 ./hw_control.o
                0x080102f8                set_step_pins
 .text.set_dir_pins
                0x08010348       0x50 ./hw_control.o
                0x08010348                set_dir_pins
 .text.limits_get_state
                0x08010398       0x38 ./hw_control.o
                0x08010398                limits_get_state
 .text.limits_init
                0x080103d0       0x4c ./hw_control.o
                0x080103d0                limits_init
 .text.limits_disable
                0x0801041c        0xc ./hw_control.o
                0x0801041c                limits_disable
 .text.tim2_isr
                0x08010428       0x40 ./hw_control.o
                0x08010428                tim2_isr
 .text.spibytes
                0x08010468       0xf4 ./hw_control.o
                0x08010468                spibytes
 .text.init_steppers
                0x0801055c      0x11c ./hw_control.o
                0x0801055c                init_steppers
 .text.printstepperstatus
                0x08010678       0x58 ./hw_control.o
                0x08010678                printstepperstatus
 .text.dma1_stream6_isr
                0x080106d0       0x88 ./hw_control.o
                0x080106d0                dma1_stream6_isr
 .text.probe_init
                0x08010758       0x28 ./hw_control.o
                0x08010758                probe_init
 .text.probe_configure_invert_mask
                0x08010780       0x14 ./hw_control.o
                0x08010780                probe_configure_invert_mask
 .text.probe_get_state
                0x08010794       0x20 ./hw_control.o
                0x08010794                probe_get_state
 .text.rcc_wait_for_osc_ready
                0x080107b4       0x4c ../libopencm3/lib\libopencm3_stm32f4.a(rcc.o)
                0x080107b4                rcc_wait_for_osc_ready
 .text.rcc_wait_for_sysclk_status
                0x08010800       0x38 ../libopencm3/lib\libopencm3_stm32f4.a(rcc.o)
                0x08010800                rcc_wait_for_sysclk_status
 .text.rcc_osc_on
                0x08010838       0x44 ../libopencm3/lib\libopencm3_stm32f4.a(rcc.o)
                0x08010838                rcc_osc_on
 .text.rcc_osc_off
                0x0801087c       0x44 ../libopencm3/lib\libopencm3_stm32f4.a(rcc.o)
                0x0801087c                rcc_osc_off
 .text.rcc_set_sysclk_source
                0x080108c0       0x14 ../libopencm3/lib\libopencm3_stm32f4.a(rcc.o)
                0x080108c0                rcc_set_sysclk_source
 .text.rcc_set_ppre2
                0x080108d4       0x14 ../libopencm3/lib\libopencm3_stm32f4.a(rcc.o)
                0x080108d4                rcc_set_ppre2
 .text.rcc_set_ppre1
                0x080108e8       0x14 ../libopencm3/lib\libopencm3_stm32f4.a(rcc.o)
                0x080108e8                rcc_set_ppre1
 .text.rcc_set_hpre
                0x080108fc       0x14 ../libopencm3/lib\libopencm3_stm32f4.a(rcc.o)
                0x080108fc                rcc_set_hpre
 .text.rcc_set_main_pll_hse
                0x08010910       0x20 ../libopencm3/lib\libopencm3_stm32f4.a(rcc.o)
                0x08010910                rcc_set_main_pll_hse
 .text.rcc_clock_setup_hse_3v3
                0x08010930       0x90 ../libopencm3/lib\libopencm3_stm32f4.a(rcc.o)
                0x08010930                rcc_clock_setup_hse_3v3
 .text.gpio_set
                0x080109c0        0x4 ../libopencm3/lib\libopencm3_stm32f4.a(gpio_common_all.o)
                0x080109c0                gpio_set
 .text.gpio_clear
                0x080109c4        0x6 ../libopencm3/lib\libopencm3_stm32f4.a(gpio_common_all.o)
                0x080109c4                gpio_clear
 .text.gpio_get
                0x080109ca        0x6 ../libopencm3/lib\libopencm3_stm32f4.a(gpio_common_all.o)
                0x080109ca                gpio_get
 .text.gpio_mode_setup
                0x080109d0       0x44 ../libopencm3/lib\libopencm3_stm32f4.a(gpio_common_f0234.o)
                0x080109d0                gpio_mode_setup
 .text.gpio_set_output_options
                0x08010a14       0x34 ../libopencm3/lib\libopencm3_stm32f4.a(gpio_common_f0234.o)
                0x08010a14                gpio_set_output_options
 .text.gpio_set_af
                0x08010a48       0x50 ../libopencm3/lib\libopencm3_stm32f4.a(gpio_common_f0234.o)
                0x08010a48                gpio_set_af
 .text.timer_reset
                0x08010a98       0x80 ../libopencm3/lib\libopencm3_stm32f4.a(timer_common_all.o)
                0x08010a98                timer_reset
 .text.timer_enable_irq
                0x08010b18        0x8 ../libopencm3/lib\libopencm3_stm32f4.a(timer_common_all.o)
                0x08010b18                timer_enable_irq
 .text.timer_get_flag
                0x08010b20        0xc ../libopencm3/lib\libopencm3_stm32f4.a(timer_common_all.o)
                0x08010b20                timer_get_flag
 .text.timer_clear_flag
                0x08010b2c        0x6 ../libopencm3/lib\libopencm3_stm32f4.a(timer_common_all.o)
                0x08010b2c                timer_clear_flag
 .text.timer_set_mode
                0x08010b32       0x12 ../libopencm3/lib\libopencm3_stm32f4.a(timer_common_all.o)
                0x08010b32                timer_set_mode
 .text.timer_enable_preload
                0x08010b44        0xa ../libopencm3/lib\libopencm3_stm32f4.a(timer_common_all.o)
                0x08010b44                timer_enable_preload
 .text.timer_disable_preload
                0x08010b4e        0xa ../libopencm3/lib\libopencm3_stm32f4.a(timer_common_all.o)
                0x08010b4e                timer_disable_preload
 .text.timer_continuous_mode
                0x08010b58        0xa ../libopencm3/lib\libopencm3_stm32f4.a(timer_common_all.o)
                0x08010b58                timer_continuous_mode
 .text.timer_enable_update_event
                0x08010b62        0xa ../libopencm3/lib\libopencm3_stm32f4.a(timer_common_all.o)
                0x08010b62                timer_enable_update_event
 .text.timer_enable_counter
                0x08010b6c        0xa ../libopencm3/lib\libopencm3_stm32f4.a(timer_common_all.o)
                0x08010b6c                timer_enable_counter
 .text.timer_set_prescaler
                0x08010b76        0x4 ../libopencm3/lib\libopencm3_stm32f4.a(timer_common_all.o)
                0x08010b76                timer_set_prescaler
 .text.timer_set_period
                0x08010b7a        0x4 ../libopencm3/lib\libopencm3_stm32f4.a(timer_common_all.o)
                0x08010b7a                timer_set_period
 .text.timer_set_oc_mode
                0x08010b7e      0x198 ../libopencm3/lib\libopencm3_stm32f4.a(timer_common_all.o)
                0x08010b7e                timer_set_oc_mode
 .text.timer_enable_oc_preload
                0x08010d16       0x34 ../libopencm3/lib\libopencm3_stm32f4.a(timer_common_all.o)
                0x08010d16                timer_enable_oc_preload
 *fill*         0x08010d4a        0x2 
 .text.timer_set_oc_polarity_high
                0x08010d4c       0x64 ../libopencm3/lib\libopencm3_stm32f4.a(timer_common_all.o)
                0x08010d4c                timer_set_oc_polarity_high
 .text.timer_enable_oc_output
                0x08010db0       0x64 ../libopencm3/lib\libopencm3_stm32f4.a(timer_common_all.o)
                0x08010db0                timer_enable_oc_output
 .text.timer_set_oc_value
                0x08010e14       0x20 ../libopencm3/lib\libopencm3_stm32f4.a(timer_common_all.o)
                0x08010e14                timer_set_oc_value
 .text.timer_generate_event
                0x08010e34        0x8 ../libopencm3/lib\libopencm3_stm32f4.a(timer_common_all.o)
                0x08010e34                timer_generate_event
 .text.usart_set_baudrate
                0x08010e3c       0x30 ../libopencm3/lib\libopencm3_stm32f4.a(usart_common_all.o)
                0x08010e3c                usart_set_baudrate
 .text.usart_set_databits
                0x08010e6c       0x12 ../libopencm3/lib\libopencm3_stm32f4.a(usart_common_all.o)
                0x08010e6c                usart_set_databits
 .text.usart_set_stopbits
                0x08010e7e        0xc ../libopencm3/lib\libopencm3_stm32f4.a(usart_common_all.o)
                0x08010e7e                usart_set_stopbits
 .text.usart_set_parity
                0x08010e8a        0xc ../libopencm3/lib\libopencm3_stm32f4.a(usart_common_all.o)
                0x08010e8a                usart_set_parity
 .text.usart_set_mode
                0x08010e96        0xc ../libopencm3/lib\libopencm3_stm32f4.a(usart_common_all.o)
                0x08010e96                usart_set_mode
 .text.usart_set_flow_control
                0x08010ea2        0xc ../libopencm3/lib\libopencm3_stm32f4.a(usart_common_all.o)
                0x08010ea2                usart_set_flow_control
 .text.usart_enable
                0x08010eae        0xa ../libopencm3/lib\libopencm3_stm32f4.a(usart_common_all.o)
                0x08010eae                usart_enable
 .text.usart_enable_rx_interrupt
                0x08010eb8        0xa ../libopencm3/lib\libopencm3_stm32f4.a(usart_common_all.o)
                0x08010eb8                usart_enable_rx_interrupt
 .text.usart_enable_tx_interrupt
                0x08010ec2        0xa ../libopencm3/lib\libopencm3_stm32f4.a(usart_common_all.o)
                0x08010ec2                usart_enable_tx_interrupt
 .text.usart_disable_tx_interrupt
                0x08010ecc        0xa ../libopencm3/lib\libopencm3_stm32f4.a(usart_common_all.o)
                0x08010ecc                usart_disable_tx_interrupt
 .text.usart_send
                0x08010ed6        0x8 ../libopencm3/lib\libopencm3_stm32f4.a(usart_common_f124.o)
                0x08010ed6                usart_send
 .text.usart_recv
                0x08010ede        0x8 ../libopencm3/lib\libopencm3_stm32f4.a(usart_common_f124.o)
                0x08010ede                usart_recv
 *fill*         0x08010ee6        0x2 
 .text.flash_set_ws
                0x08010ee8       0x14 ../libopencm3/lib\libopencm3_stm32f4.a(flash_common_f234.o)
                0x08010ee8                flash_set_ws
 .text.flash_unlock
                0x08010efc       0x24 ../libopencm3/lib\libopencm3_stm32f4.a(flash_common_f234.o)
                0x08010efc                flash_unlock
 .text.flash_lock
                0x08010f20       0x10 ../libopencm3/lib\libopencm3_stm32f4.a(flash_common_f234.o)
                0x08010f20                flash_lock
 .text.flash_wait_for_last_operation
                0x08010f30       0x10 ../libopencm3/lib\libopencm3_stm32f4.a(flash_common_f234.o)
                0x08010f30                flash_wait_for_last_operation
 .text.flash_set_program_size
                0x08010f40       0x18 ../libopencm3/lib\libopencm3_stm32f4.a(flash_common_f24.o)
 .text.flash_program_byte
                0x08010f58       0x30 ../libopencm3/lib\libopencm3_stm32f4.a(flash_common_f24.o)
                0x08010f58                flash_program_byte
 .text.flash_program
                0x08010f88       0x1e ../libopencm3/lib\libopencm3_stm32f4.a(flash_common_f24.o)
                0x08010f88                flash_program
 *fill*         0x08010fa6        0x2 
 .text.flash_erase_sector
                0x08010fa8       0x50 ../libopencm3/lib\libopencm3_stm32f4.a(flash_common_f24.o)
                0x08010fa8                flash_erase_sector
 .text.rcc_periph_clock_enable
                0x08010ff8       0x1c ../libopencm3/lib\libopencm3_stm32f4.a(rcc_common_all.o)
                0x08010ff8                rcc_periph_clock_enable
 .text.rcc_periph_reset_pulse
                0x08011014       0x24 ../libopencm3/lib\libopencm3_stm32f4.a(rcc_common_all.o)
                0x08011014                rcc_periph_reset_pulse
 .text.blocking_handler
                0x08011038        0x2 ../libopencm3/lib\libopencm3_stm32f4.a(vector.o)
                0x08011038                dma2_stream1_isr
                0x08011038                tim8_brk_tim12_isr
                0x08011038                dma1_stream7_isr
                0x08011038                usart3_isr
                0x08011038                tim7_isr
                0x08011038                dma2d_isr
                0x08011038                uart8_isr
                0x08011038                dma1_stream2_isr
                0x08011038                otg_hs_isr
                0x08011038                blocking_handler
                0x08011038                tim5_isr
                0x08011038                rtc_wkup_isr
                0x08011038                otg_fs_isr
                0x08011038                spi1_isr
                0x08011038                i2c3_er_isr
                0x08011038                exti2_isr
                0x08011038                spi5_isr
                0x08011038                usb_fs_wkup_isr
                0x08011038                tamp_stamp_isr
                0x08011038                can1_rx1_isr
                0x08011038                dma2_stream0_isr
                0x08011038                usart1_isr
                0x08011038                i2c3_ev_isr
                0x08011038                usage_fault_handler
                0x08011038                can2_rx0_isr
                0x08011038                can2_rx1_isr
                0x08011038                can1_sce_isr
                0x08011038                tim1_cc_isr
                0x08011038                can1_tx_isr
                0x08011038                tim1_up_tim10_isr
                0x08011038                sdio_isr
                0x08011038                eth_isr
                0x08011038                spi6_isr
                0x08011038                dma2_stream5_isr
                0x08011038                pvd_isr
                0x08011038                can1_rx0_isr
                0x08011038                rcc_isr
                0x08011038                dma2_stream3_isr
                0x08011038                flash_isr
                0x08011038                uart4_isr
                0x08011038                lcd_tft_isr
                0x08011038                rtc_alarm_isr
                0x08011038                exti15_10_isr
                0x08011038                hash_rng_isr
                0x08011038                tim1_trg_com_tim11_isr
                0x08011038                hard_fault_handler
                0x08011038                exti1_isr
                0x08011038                i2c1_ev_isr
                0x08011038                usart6_isr
                0x08011038                spi2_isr
                0x08011038                cryp_isr
                0x08011038                nvic_wwdg_isr
                0x08011038                dma1_stream1_isr
                0x08011038                dma2_stream4_isr
                0x08011038                exti3_isr
                0x08011038                tim3_isr
                0x08011038                sai1_isr
                0x08011038                fpu_isr
                0x08011038                dma1_stream4_isr
                0x08011038                i2c2_er_isr
                0x08011038                i2c2_ev_isr
                0x08011038                uart5_isr
                0x08011038                dma2_stream6_isr
                0x08011038                spi4_isr
                0x08011038                adc_isr
                0x08011038                dma2_stream7_isr
                0x08011038                tim8_up_tim13_isr
                0x08011038                fsmc_isr
                0x08011038                exti4_isr
                0x08011038                tim6_dac_isr
                0x08011038                dma1_stream3_isr
                0x08011038                tim8_trg_com_tim14_isr
                0x08011038                mem_manage_handler
                0x08011038                lcd_tft_err_isr
                0x08011038                can2_tx_isr
                0x08011038                exti9_5_isr
                0x08011038                tim1_brk_tim9_isr
                0x08011038                uart7_isr
                0x08011038                can2_sce_isr
                0x08011038                tim4_isr
                0x08011038                otg_hs_wkup_isr
                0x08011038                i2c1_er_isr
                0x08011038                dma1_stream0_isr
                0x08011038                tim8_cc_isr
                0x08011038                dcmi_isr
                0x08011038                dma2_stream2_isr
                0x08011038                eth_wkup_isr
                0x08011038                bus_fault_handler
                0x08011038                otg_hs_ep1_out_isr
                0x08011038                spi3_isr
                0x08011038                dma1_stream5_isr
                0x08011038                otg_hs_ep1_in_isr
                0x08011038                exti0_isr
 .text.null_handler
                0x0801103a        0x2 ../libopencm3/lib\libopencm3_stm32f4.a(vector.o)
                0x0801103a                sv_call_handler
                0x0801103a                pend_sv_handler
                0x0801103a                debug_monitor_handler
                0x0801103a                sys_tick_handler
                0x0801103a                nmi_handler
                0x0801103a                null_handler
 .text.reset_handler
                0x0801103c       0x90 ../libopencm3/lib\libopencm3_stm32f4.a(vector.o)
                0x0801103c                reset_handler
 .text.nvic_enable_irq
                0x080110cc       0x1c ../libopencm3/lib\libopencm3_stm32f4.a(nvic.o)
                0x080110cc                nvic_enable_irq
 .text.nvic_set_pending_irq
                0x080110e8       0x1c ../libopencm3/lib\libopencm3_stm32f4.a(nvic.o)
                0x080110e8                nvic_set_pending_irq
 .text.nvic_clear_pending_irq
                0x08011104       0x1c ../libopencm3/lib\libopencm3_stm32f4.a(nvic.o)
                0x08011104                nvic_clear_pending_irq
 .text.nvic_set_priority
                0x08011120       0x20 ../libopencm3/lib\libopencm3_stm32f4.a(nvic.o)
                0x08011120                nvic_set_priority
 .text.pwr_set_vos_scale
                0x08011140       0x20 ../libopencm3/lib\libopencm3_stm32f4.a(pwr.o)
                0x08011140                pwr_set_vos_scale
 .text.memset   0x08011160       0x94 c:/bin/gcc-arm-none-eabi-4_8-131228/bin/../lib/gcc/arm-none-eabi/4.8.3/../../../../arm-none-eabi/lib/armv7e-m/fpu\libc.a(lib_a-memset.o)
                0x08011160                memset
 .text.sprintf  0x080111f4       0x4c c:/bin/gcc-arm-none-eabi-4_8-131228/bin/../lib/gcc/arm-none-eabi/4.8.3/../../../../arm-none-eabi/lib/armv7e-m/fpu\libc.a(lib_a-sprintf.o)
                0x080111f4                sprintf
 .text._svfprintf_r
                0x08011240     0x13c0 c:/bin/gcc-arm-none-eabi-4_8-131228/bin/../lib/gcc/arm-none-eabi/4.8.3/../../../../arm-none-eabi/lib/armv7e-m/fpu\libc.a(lib_a-svfprintf.o)
                0x08011240                _svfprintf_r
 .text.quorem   0x08012600      0x130 c:/bin/gcc-arm-none-eabi-4_8-131228/bin/../lib/gcc/arm-none-eabi/4.8.3/../../../../arm-none-eabi/lib/armv7e-m/fpu\libc.a(lib_a-dtoa.o)
 .text._dtoa_r  0x08012730      0xe80 c:/bin/gcc-arm-none-eabi-4_8-131228/bin/../lib/gcc/arm-none-eabi/4.8.3/../../../../arm-none-eabi/lib/armv7e-m/fpu\libc.a(lib_a-dtoa.o)
                0x08012730                _dtoa_r
 .text._malloc_trim_r
                0x080135b0       0x9c c:/bin/gcc-arm-none-eabi-4_8-131228/bin/../lib/gcc/arm-none-eabi/4.8.3/../../../../arm-none-eabi/lib/armv7e-m/fpu\libc.a(lib_a-freer.o)
                0x080135b0                _malloc_trim_r
 .text._free_r  0x0801364c      0x19c c:/bin/gcc-arm-none-eabi-4_8-131228/bin/../lib/gcc/arm-none-eabi/4.8.3/../../../../arm-none-eabi/lib/armv7e-m/fpu\libc.a(lib_a-freer.o)
                0x0801364c                _free_r
 .text._localeconv_r
                0x080137e8        0x8 c:/bin/gcc-arm-none-eabi-4_8-131228/bin/../lib/gcc/arm-none-eabi/4.8.3/../../../../arm-none-eabi/lib/armv7e-m/fpu\libc.a(lib_a-locale.o)
                0x080137e8                _localeconv_r
 .text.malloc   0x080137f0       0x10 c:/bin/gcc-arm-none-eabi-4_8-131228/bin/../lib/gcc/arm-none-eabi/4.8.3/../../../../arm-none-eabi/lib/armv7e-m/fpu\libc.a(lib_a-malloc.o)
                0x080137f0                malloc
 .text._malloc_r
                0x08013800      0x538 c:/bin/gcc-arm-none-eabi-4_8-131228/bin/../lib/gcc/arm-none-eabi/4.8.3/../../../../arm-none-eabi/lib/armv7e-m/fpu\libc.a(lib_a-mallocr.o)
                0x08013800                _malloc_r
 .text.memchr   0x08013d38       0x90 c:/bin/gcc-arm-none-eabi-4_8-131228/bin/../lib/gcc/arm-none-eabi/4.8.3/../../../../arm-none-eabi/lib/armv7e-m/fpu\libc.a(lib_a-memchr-stub.o)
                0x08013d38                memchr
 .text          0x08013dc8      0x134 c:/bin/gcc-arm-none-eabi-4_8-131228/bin/../lib/gcc/arm-none-eabi/4.8.3/../../../../arm-none-eabi/lib/armv7e-m/fpu\libc.a(lib_a-memcpy.o)
                0x08013dc8                memcpy
 .text.__malloc_lock
                0x08013efc        0x4 c:/bin/gcc-arm-none-eabi-4_8-131228/bin/../lib/gcc/arm-none-eabi/4.8.3/../../../../arm-none-eabi/lib/armv7e-m/fpu\libc.a(lib_a-mlock.o)
                0x08013efc                __malloc_lock
 .text.__malloc_unlock
                0x08013f00        0x4 c:/bin/gcc-arm-none-eabi-4_8-131228/bin/../lib/gcc/arm-none-eabi/4.8.3/../../../../arm-none-eabi/lib/armv7e-m/fpu\libc.a(lib_a-mlock.o)
                0x08013f00                __malloc_unlock
 .text._Balloc  0x08013f04       0x68 c:/bin/gcc-arm-none-eabi-4_8-131228/bin/../lib/gcc/arm-none-eabi/4.8.3/../../../../arm-none-eabi/lib/armv7e-m/fpu\libc.a(lib_a-mprec.o)
                0x08013f04                _Balloc
 .text._Bfree   0x08013f6c       0x38 c:/bin/gcc-arm-none-eabi-4_8-131228/bin/../lib/gcc/arm-none-eabi/4.8.3/../../../../arm-none-eabi/lib/armv7e-m/fpu\libc.a(lib_a-mprec.o)
                0x08013f6c                _Bfree
 .text.__multadd
                0x08013fa4       0x8c c:/bin/gcc-arm-none-eabi-4_8-131228/bin/../lib/gcc/arm-none-eabi/4.8.3/../../../../arm-none-eabi/lib/armv7e-m/fpu\libc.a(lib_a-mprec.o)
                0x08013fa4                __multadd
 .text.__hi0bits
                0x08014030       0x40 c:/bin/gcc-arm-none-eabi-4_8-131228/bin/../lib/gcc/arm-none-eabi/4.8.3/../../../../arm-none-eabi/lib/armv7e-m/fpu\libc.a(lib_a-mprec.o)
                0x08014030                __hi0bits
 .text.__lo0bits
                0x08014070       0x5c c:/bin/gcc-arm-none-eabi-4_8-131228/bin/../lib/gcc/arm-none-eabi/4.8.3/../../../../arm-none-eabi/lib/armv7e-m/fpu\libc.a(lib_a-mprec.o)
                0x08014070                __lo0bits
 .text.__i2b    0x080140cc       0x14 c:/bin/gcc-arm-none-eabi-4_8-131228/bin/../lib/gcc/arm-none-eabi/4.8.3/../../../../arm-none-eabi/lib/armv7e-m/fpu\libc.a(lib_a-mprec.o)
                0x080140cc                __i2b
 .text.__multiply
                0x080140e0      0x13c c:/bin/gcc-arm-none-eabi-4_8-131228/bin/../lib/gcc/arm-none-eabi/4.8.3/../../../../arm-none-eabi/lib/armv7e-m/fpu\libc.a(lib_a-mprec.o)
                0x080140e0                __multiply
 .text.__pow5mult
                0x0801421c       0xb8 c:/bin/gcc-arm-none-eabi-4_8-131228/bin/../lib/gcc/arm-none-eabi/4.8.3/../../../../arm-none-eabi/lib/armv7e-m/fpu\libc.a(lib_a-mprec.o)
                0x0801421c                __pow5mult
 .text.__lshift
                0x080142d4       0xb8 c:/bin/gcc-arm-none-eabi-4_8-131228/bin/../lib/gcc/arm-none-eabi/4.8.3/../../../../arm-none-eabi/lib/armv7e-m/fpu\libc.a(lib_a-mprec.o)
                0x080142d4                __lshift
 .text.__mcmp   0x0801438c       0x48 c:/bin/gcc-arm-none-eabi-4_8-131228/bin/../lib/gcc/arm-none-eabi/4.8.3/../../../../arm-none-eabi/lib/armv7e-m/fpu\libc.a(lib_a-mprec.o)
                0x0801438c                __mcmp
 .text.__mdiff  0x080143d4       0xd4 c:/bin/gcc-arm-none-eabi-4_8-131228/bin/../lib/gcc/arm-none-eabi/4.8.3/../../../../arm-none-eabi/lib/armv7e-m/fpu\libc.a(lib_a-mprec.o)
                0x080143d4                __mdiff
 .text.__d2b    0x080144a8       0xb4 c:/bin/gcc-arm-none-eabi-4_8-131228/bin/../lib/gcc/arm-none-eabi/4.8.3/../../../../arm-none-eabi/lib/armv7e-m/fpu\libc.a(lib_a-mprec.o)
                0x080144a8                __d2b
 .text.__fpclassifyd
                0x0801455c       0x54 c:/bin/gcc-arm-none-eabi-4_8-131228/bin/../lib/gcc/arm-none-eabi/4.8.3/../../../../arm-none-eabi/lib/armv7e-m/fpu\libc.a(lib_a-s_fpclassify.o)
                0x0801455c                __fpclassifyd
 .text.frexp    0x080145b0       0x6c c:/bin/gcc-arm-none-eabi-4_8-131228/bin/../lib/gcc/arm-none-eabi/4.8.3/../../../../arm-none-eabi/lib/armv7e-m/fpu\libc.a(lib_a-s_frexp.o)
                0x080145b0                frexp
 .text._sbrk_r  0x0801461c       0x24 c:/bin/gcc-arm-none-eabi-4_8-131228/bin/../lib/gcc/arm-none-eabi/4.8.3/../../../../arm-none-eabi/lib/armv7e-m/fpu\libc.a(lib_a-sbrkr.o)
                0x0801461c                _sbrk_r
 .text.strlen   0x08014640       0x60 c:/bin/gcc-arm-none-eabi-4_8-131228/bin/../lib/gcc/arm-none-eabi/4.8.3/../../../../arm-none-eabi/lib/armv7e-m/fpu\libc.a(lib_a-strlen.o)
                0x08014640                strlen
 .text.strncpy  0x080146a0       0x64 c:/bin/gcc-arm-none-eabi-4_8-131228/bin/../lib/gcc/arm-none-eabi/4.8.3/../../../../arm-none-eabi/lib/armv7e-m/fpu\libc.a(lib_a-strncpy.o)
                0x080146a0                strncpy
 .text.__ssputs_r
                0x08014704       0xc8 c:/bin/gcc-arm-none-eabi-4_8-131228/bin/../lib/gcc/arm-none-eabi/4.8.3/../../../../arm-none-eabi/lib/armv7e-m/fpu\libc.a(lib_a-svfiprintf.o)
                0x08014704                __ssputs_r
 .text._calloc_r
                0x080147cc       0x60 c:/bin/gcc-arm-none-eabi-4_8-131228/bin/../lib/gcc/arm-none-eabi/4.8.3/../../../../arm-none-eabi/lib/armv7e-m/fpu\libc.a(lib_a-callocr.o)
                0x080147cc                _calloc_r
 .text.memmove  0x0801482c       0xc0 c:/bin/gcc-arm-none-eabi-4_8-131228/bin/../lib/gcc/arm-none-eabi/4.8.3/../../../../arm-none-eabi/lib/armv7e-m/fpu\libc.a(lib_a-memmove.o)
                0x0801482c                memmove
 .text._realloc_r
                0x080148ec      0x3cc c:/bin/gcc-arm-none-eabi-4_8-131228/bin/../lib/gcc/arm-none-eabi/4.8.3/../../../../arm-none-eabi/lib/armv7e-m/fpu\libc.a(lib_a-reallocr.o)
                0x080148ec                _realloc_r
 .text.ceil     0x08014cb8      0x130 c:/bin/gcc-arm-none-eabi-4_8-131228/bin/../lib/gcc/arm-none-eabi/4.8.3/../../../../arm-none-eabi/lib/armv7e-m/fpu\libm.a(lib_a-s_ceil.o)
                0x08014cb8                ceil
 .text.cos      0x08014de8       0xa8 c:/bin/gcc-arm-none-eabi-4_8-131228/bin/../lib/gcc/arm-none-eabi/4.8.3/../../../../arm-none-eabi/lib/armv7e-m/fpu\libm.a(lib_a-s_cos.o)
                0x08014de8                cos
 .text.floor    0x08014e90      0x138 c:/bin/gcc-arm-none-eabi-4_8-131228/bin/../lib/gcc/arm-none-eabi/4.8.3/../../../../arm-none-eabi/lib/armv7e-m/fpu\libm.a(lib_a-s_floor.o)
                0x08014e90                floor
 .text.lround   0x08014fc8       0x9c c:/bin/gcc-arm-none-eabi-4_8-131228/bin/../lib/gcc/arm-none-eabi/4.8.3/../../../../arm-none-eabi/lib/armv7e-m/fpu\libm.a(lib_a-s_lround.o)
                0x08014fc8                lround
 .text.round    0x08015064       0x98 c:/bin/gcc-arm-none-eabi-4_8-131228/bin/../lib/gcc/arm-none-eabi/4.8.3/../../../../arm-none-eabi/lib/armv7e-m/fpu\libm.a(lib_a-s_round.o)
                0x08015064                round
 *fill*         0x080150fc        0x4 
 .text.sin      0x08015100       0xb0 c:/bin/gcc-arm-none-eabi-4_8-131228/bin/../lib/gcc/arm-none-eabi/4.8.3/../../../../arm-none-eabi/lib/armv7e-m/fpu\libm.a(lib_a-s_sin.o)
                0x08015100                sin
 .text.trunc    0x080151b0       0x70 c:/bin/gcc-arm-none-eabi-4_8-131228/bin/../lib/gcc/arm-none-eabi/4.8.3/../../../../arm-none-eabi/lib/armv7e-m/fpu\libm.a(lib_a-s_trunc.o)
                0x080151b0                trunc
 .text.atan2    0x08015220        0x4 c:/bin/gcc-arm-none-eabi-4_8-131228/bin/../lib/gcc/arm-none-eabi/4.8.3/../../../../arm-none-eabi/lib/armv7e-m/fpu\libm.a(lib_a-w_atan2.o)
                0x08015220                atan2
 .text.sqrt     0x08015224       0xbc c:/bin/gcc-arm-none-eabi-4_8-131228/bin/../lib/gcc/arm-none-eabi/4.8.3/../../../../arm-none-eabi/lib/armv7e-m/fpu\libm.a(lib_a-w_sqrt.o)
                0x08015224                sqrt
 .text.__ieee754_atan2
                0x080152e0      0x1e8 c:/bin/gcc-arm-none-eabi-4_8-131228/bin/../lib/gcc/arm-none-eabi/4.8.3/../../../../arm-none-eabi/lib/armv7e-m/fpu\libm.a(lib_a-e_atan2.o)
                0x080152e0                __ieee754_atan2
 .text.__ieee754_rem_pio2
                0x080154c8      0x450 c:/bin/gcc-arm-none-eabi-4_8-131228/bin/../lib/gcc/arm-none-eabi/4.8.3/../../../../arm-none-eabi/lib/armv7e-m/fpu\libm.a(lib_a-e_rem_pio2.o)
                0x080154c8                __ieee754_rem_pio2
 .text.__ieee754_sqrt
                0x08015918      0x198 c:/bin/gcc-arm-none-eabi-4_8-131228/bin/../lib/gcc/arm-none-eabi/4.8.3/../../../../arm-none-eabi/lib/armv7e-m/fpu\libm.a(lib_a-e_sqrt.o)
                0x08015918                __ieee754_sqrt
 .text.__kernel_cos
                0x08015ab0      0x280 c:/bin/gcc-arm-none-eabi-4_8-131228/bin/../lib/gcc/arm-none-eabi/4.8.3/../../../../arm-none-eabi/lib/armv7e-m/fpu\libm.a(lib_a-k_cos.o)
                0x08015ab0                __kernel_cos
 .text.__kernel_rem_pio2
                0x08015d30      0x798 c:/bin/gcc-arm-none-eabi-4_8-131228/bin/../lib/gcc/arm-none-eabi/4.8.3/../../../../arm-none-eabi/lib/armv7e-m/fpu\libm.a(lib_a-k_rem_pio2.o)
                0x08015d30                __kernel_rem_pio2
 .text.__kernel_sin
                0x080164c8      0x190 c:/bin/gcc-arm-none-eabi-4_8-131228/bin/../lib/gcc/arm-none-eabi/4.8.3/../../../../arm-none-eabi/lib/armv7e-m/fpu\libm.a(lib_a-k_sin.o)
                0x080164c8                __kernel_sin
 .text.atan     0x08016658      0x378 c:/bin/gcc-arm-none-eabi-4_8-131228/bin/../lib/gcc/arm-none-eabi/4.8.3/../../../../arm-none-eabi/lib/armv7e-m/fpu\libm.a(lib_a-s_atan.o)
                0x08016658                atan
 .text.fabs     0x080169d0       0x14 c:/bin/gcc-arm-none-eabi-4_8-131228/bin/../lib/gcc/arm-none-eabi/4.8.3/../../../../arm-none-eabi/lib/armv7e-m/fpu\libm.a(lib_a-s_fabs.o)
                0x080169d0                fabs
 .text.matherr  0x080169e4        0x4 c:/bin/gcc-arm-none-eabi-4_8-131228/bin/../lib/gcc/arm-none-eabi/4.8.3/../../../../arm-none-eabi/lib/armv7e-m/fpu\libm.a(lib_a-s_matherr.o)
                0x080169e4                matherr
 .text.scalbn   0x080169e8      0x120 c:/bin/gcc-arm-none-eabi-4_8-131228/bin/../lib/gcc/arm-none-eabi/4.8.3/../../../../arm-none-eabi/lib/armv7e-m/fpu\libm.a(lib_a-s_scalbn.o)
                0x080169e8                scalbn
 .text.copysign
                0x08016b08       0x24 c:/bin/gcc-arm-none-eabi-4_8-131228/bin/../lib/gcc/arm-none-eabi/4.8.3/../../../../arm-none-eabi/lib/armv7e-m/fpu\libm.a(lib_a-s_copysign.o)
                0x08016b08                copysign
 .text          0x08016b2c      0x370 c:/bin/gcc-arm-none-eabi-4_8-131228/bin/../lib/gcc/arm-none-eabi/4.8.3/armv7e-m/fpu\libgcc.a(_arm_addsubdf3.o)
                0x08016b2c                __aeabi_drsub
                0x08016b34                __aeabi_dsub
                0x08016b34                __subdf3
                0x08016b38                __aeabi_dadd
                0x08016b38                __adddf3
                0x08016db0                __floatunsidf
                0x08016db0                __aeabi_ui2d
                0x08016dd0                __floatsidf
                0x08016dd0                __aeabi_i2d
                0x08016df4                __aeabi_f2d
                0x08016df4                __extendsfdf2
                0x08016e30                __floatundidf
                0x08016e30                __aeabi_ul2d
                0x08016e40                __floatdidf
                0x08016e40                __aeabi_l2d
 .text          0x08016e9c      0x424 c:/bin/gcc-arm-none-eabi-4_8-131228/bin/../lib/gcc/arm-none-eabi/4.8.3/armv7e-m/fpu\libgcc.a(_arm_muldivdf3.o)
                0x08016e9c                __aeabi_dmul
                0x08016e9c                __muldf3
                0x080170f0                __divdf3
                0x080170f0                __aeabi_ddiv
 .text          0x080172c0      0x110 c:/bin/gcc-arm-none-eabi-4_8-131228/bin/../lib/gcc/arm-none-eabi/4.8.3/armv7e-m/fpu\libgcc.a(_arm_cmpdf2.o)
                0x080172c0                __gtdf2
                0x080172c0                __gedf2
                0x080172c8                __ltdf2
                0x080172c8                __ledf2
                0x080172d0                __nedf2
                0x080172d0                __eqdf2
                0x080172d0                __cmpdf2
                0x0801734c                __aeabi_cdrcmple
                0x0801735c                __aeabi_cdcmpeq
                0x0801735c                __aeabi_cdcmple
                0x0801736c                __aeabi_dcmpeq
                0x08017380                __aeabi_dcmplt
                0x08017394                __aeabi_dcmple
                0x080173a8                __aeabi_dcmpge
                0x080173bc                __aeabi_dcmpgt
 .text          0x080173d0       0x50 c:/bin/gcc-arm-none-eabi-4_8-131228/bin/../lib/gcc/arm-none-eabi/4.8.3/armv7e-m/fpu\libgcc.a(_arm_fixdfsi.o)
                0x080173d0                __aeabi_d2iz
                0x080173d0                __fixdfsi
 .text          0x08017420       0x40 c:/bin/gcc-arm-none-eabi-4_8-131228/bin/../lib/gcc/arm-none-eabi/4.8.3/armv7e-m/fpu\libgcc.a(_arm_fixunsdfsi.o)
                0x08017420                __aeabi_d2uiz
                0x08017420                __fixunsdfsi
 .text          0x08017460       0xa0 c:/bin/gcc-arm-none-eabi-4_8-131228/bin/../lib/gcc/arm-none-eabi/4.8.3/armv7e-m/fpu\libgcc.a(_arm_truncdfsf2.o)
                0x08017460                __truncdfsf2
                0x08017460                __aeabi_d2f
 .text          0x08017500       0x2c c:/bin/gcc-arm-none-eabi-4_8-131228/bin/../lib/gcc/arm-none-eabi/4.8.3/armv7e-m/fpu\libgcc.a(_aeabi_uldivmod.o)
                0x08017500                __aeabi_uldivmod
 .text          0x0801752c       0x60 c:/bin/gcc-arm-none-eabi-4_8-131228/bin/../lib/gcc/arm-none-eabi/4.8.3/armv7e-m/fpu\libgcc.a(bpabi.o)
                0x0801752c                __gnu_ldivmod_helper
                0x0801755c                __gnu_uldivmod_helper
 .text          0x0801758c        0x4 c:/bin/gcc-arm-none-eabi-4_8-131228/bin/../lib/gcc/arm-none-eabi/4.8.3/armv7e-m/fpu\libgcc.a(_dvmd_tls.o)
                0x0801758c                __aeabi_idiv0
                0x0801758c                __aeabi_ldiv0
 .text          0x08017590      0x298 c:/bin/gcc-arm-none-eabi-4_8-131228/bin/../lib/gcc/arm-none-eabi/4.8.3/armv7e-m/fpu\libgcc.a(_divdi3.o)
                0x08017590                __divdi3
 .text          0x08017828      0x284 c:/bin/gcc-arm-none-eabi-4_8-131228/bin/../lib/gcc/arm-none-eabi/4.8.3/armv7e-m/fpu\libgcc.a(_udivdi3.o)
                0x08017828                __udivdi3
 .text._sbrk    0x08017aac       0x1c c:/bin/gcc-arm-none-eabi-4_8-131228/bin/../lib/gcc/arm-none-eabi/4.8.3/../../../../arm-none-eabi/lib/armv7e-m/fpu\libnosys.a(sbrk.o)
                0x08017aac                _sbrk
 .text.__errno  0x08017ac8        0xc c:/bin/gcc-arm-none-eabi-4_8-131228/bin/../lib/gcc/arm-none-eabi/4.8.3/../../../../arm-none-eabi/lib/armv7e-m/fpu\libc.a(lib_a-errno.o)
                0x08017ac8                __errno
                0x08017ad4                . = ALIGN (0x4)
 *(.rodata*)
 .rodata.str1.1
                0x08017ad4      0x6a6 ./report.o
                                0x6b5 (size before relaxing)
 *fill*         0x0801817a        0x2 
 .rodata.hse_8mhz_3v3_100mhz
                0x0801817c       0x18 ./stm_main.o
                0x0801817c                hse_8mhz_3v3_100mhz
 .rodata.str1.1
                0x08018194       0x29 ./hw_control.o
 *fill*         0x080181bd        0x3 
 .rodata.zeroes.6774
                0x080181c0       0x10 c:/bin/gcc-arm-none-eabi-4_8-131228/bin/../lib/gcc/arm-none-eabi/4.8.3/../../../../arm-none-eabi/lib/armv7e-m/fpu\libc.a(lib_a-svfprintf.o)
 .rodata.str1.4
                0x080181d0       0x42 c:/bin/gcc-arm-none-eabi-4_8-131228/bin/../lib/gcc/arm-none-eabi/4.8.3/../../../../arm-none-eabi/lib/armv7e-m/fpu\libc.a(lib_a-svfprintf.o)
                                 0x44 (size before relaxing)
 *fill*         0x08018212        0x2 
 .rodata.blanks.6773
                0x08018214       0x10 c:/bin/gcc-arm-none-eabi-4_8-131228/bin/../lib/gcc/arm-none-eabi/4.8.3/../../../../arm-none-eabi/lib/armv7e-m/fpu\libc.a(lib_a-svfprintf.o)
 .rodata.str1.4
                0x08018224       0x10 c:/bin/gcc-arm-none-eabi-4_8-131228/bin/../lib/gcc/arm-none-eabi/4.8.3/../../../../arm-none-eabi/lib/armv7e-m/fpu\libc.a(lib_a-dtoa.o)
                                 0x14 (size before relaxing)
 .rodata.str1.4
                0x08018234        0x2 c:/bin/gcc-arm-none-eabi-4_8-131228/bin/../lib/gcc/arm-none-eabi/4.8.3/../../../../arm-none-eabi/lib/armv7e-m/fpu\libc.a(lib_a-impure.o)
                                  0x4 (size before relaxing)
 *fill*         0x08018236        0x2 
 .rodata.str1.4
                0x08018238        0xa c:/bin/gcc-arm-none-eabi-4_8-131228/bin/../lib/gcc/arm-none-eabi/4.8.3/../../../../arm-none-eabi/lib/armv7e-m/fpu\libc.a(lib_a-locale.o)
                                 0x14 (size before relaxing)
 *fill*         0x08018242        0x6 
 .rodata.__mprec_tens
                0x08018248       0xc8 c:/bin/gcc-arm-none-eabi-4_8-131228/bin/../lib/gcc/arm-none-eabi/4.8.3/../../../../arm-none-eabi/lib/armv7e-m/fpu\libc.a(lib_a-mprec.o)
                0x08018248                __mprec_tens
 .rodata.__mprec_bigtens
                0x08018310       0x28 c:/bin/gcc-arm-none-eabi-4_8-131228/bin/../lib/gcc/arm-none-eabi/4.8.3/../../../../arm-none-eabi/lib/armv7e-m/fpu\libc.a(lib_a-mprec.o)
                0x08018310                __mprec_bigtens
 .rodata.p05.5277
                0x08018338        0xc c:/bin/gcc-arm-none-eabi-4_8-131228/bin/../lib/gcc/arm-none-eabi/4.8.3/../../../../arm-none-eabi/lib/armv7e-m/fpu\libc.a(lib_a-mprec.o)
 .rodata.str1.4
                0x08018344        0x8 c:/bin/gcc-arm-none-eabi-4_8-131228/bin/../lib/gcc/arm-none-eabi/4.8.3/../../../../arm-none-eabi/lib/armv7e-m/fpu\libm.a(lib_a-w_sqrt.o)
 .rodata.npio2_hw
                0x0801834c       0x80 c:/bin/gcc-arm-none-eabi-4_8-131228/bin/../lib/gcc/arm-none-eabi/4.8.3/../../../../arm-none-eabi/lib/armv7e-m/fpu\libm.a(lib_a-e_rem_pio2.o)
 .rodata.two_over_pi
                0x080183cc      0x108 c:/bin/gcc-arm-none-eabi-4_8-131228/bin/../lib/gcc/arm-none-eabi/4.8.3/../../../../arm-none-eabi/lib/armv7e-m/fpu\libm.a(lib_a-e_rem_pio2.o)
 .rodata.init_jk
                0x080184d4       0x10 c:/bin/gcc-arm-none-eabi-4_8-131228/bin/../lib/gcc/arm-none-eabi/4.8.3/../../../../arm-none-eabi/lib/armv7e-m/fpu\libm.a(lib_a-k_rem_pio2.o)
 *fill*         0x080184e4        0x4 
 .rodata.PIo2   0x080184e8       0x40 c:/bin/gcc-arm-none-eabi-4_8-131228/bin/../lib/gcc/arm-none-eabi/4.8.3/../../../../arm-none-eabi/lib/armv7e-m/fpu\libm.a(lib_a-k_rem_pio2.o)
 .rodata.atanlo
                0x08018528       0x20 c:/bin/gcc-arm-none-eabi-4_8-131228/bin/../lib/gcc/arm-none-eabi/4.8.3/../../../../arm-none-eabi/lib/armv7e-m/fpu\libm.a(lib_a-s_atan.o)
 .rodata.atanhi
                0x08018548       0x20 c:/bin/gcc-arm-none-eabi-4_8-131228/bin/../lib/gcc/arm-none-eabi/4.8.3/../../../../arm-none-eabi/lib/armv7e-m/fpu\libm.a(lib_a-s_atan.o)
                0x08018568                . = ALIGN (0x4)

.glue_7         0x08018568        0x0
 .glue_7        0x00000000        0x0 linker stubs

.glue_7t        0x08018568        0x0
 .glue_7t       0x00000000        0x0 linker stubs

.vfp11_veneer   0x08018568        0x0
 .vfp11_veneer  0x00000000        0x0 linker stubs

.v4_bx          0x08018568        0x0
 .v4_bx         0x00000000        0x0 linker stubs

.iplt           0x08018568        0x0
 .iplt          0x00000000        0x0 ./motion_control.o

.preinit_array  0x08018568        0x0
                0x08018568                . = ALIGN (0x4)
                0x08018568                __preinit_array_start = .
 *(.preinit_array)
                0x08018568                __preinit_array_end = .

.init_array     0x08018568        0x0
                0x08018568                . = ALIGN (0x4)
                0x08018568                __init_array_start = .
 *(SORT(.init_array.*))
 *(.init_array)
                0x08018568                __init_array_end = .

.fini_array     0x08018568        0x0
                0x08018568                . = ALIGN (0x4)
                0x08018568                __fini_array_start = .
 *(.fini_array)
 *(SORT(.fini_array.*))
                0x08018568                __fini_array_end = .

.ARM.extab
 *(.ARM.extab*)

.ARM.exidx      0x08018568        0x8
                0x08018568                __exidx_start = .
 *(.ARM.exidx*)
 .ARM.exidx     0x08018568        0x8 c:/bin/gcc-arm-none-eabi-4_8-131228/bin/../lib/gcc/arm-none-eabi/4.8.3/armv7e-m/fpu\libgcc.a(_divdi3.o)
 .ARM.exidx     0x08018570        0x0 c:/bin/gcc-arm-none-eabi-4_8-131228/bin/../lib/gcc/arm-none-eabi/4.8.3/armv7e-m/fpu\libgcc.a(_udivdi3.o)
                                  0x8 (size before relaxing)
                0x08018570                __exidx_end = .

.rel.dyn        0x08018570        0x0
 .rel.iplt      0x00000000        0x0 ./motion_control.o
                0x08018570                . = ALIGN (0x4)
                0x08018570                _etext = .

.data           0x20000000     0x14b8 load address 0x08018570
                0x20000000                _data = .
 *(.data*)
 .data.EEprom   0x20000000     0x1000 ./eeprom.o
                0x20000000                EEprom
 .data.rcc_apb1_frequency
                0x20001000        0x4 ../libopencm3/lib\libopencm3_stm32f4.a(rcc.o)
                0x20001000                rcc_apb1_frequency
 .data.rcc_apb2_frequency
                0x20001004        0x4 ../libopencm3/lib\libopencm3_stm32f4.a(rcc.o)
                0x20001004                rcc_apb2_frequency
 .data.impure_data
                0x20001008       0x60 c:/bin/gcc-arm-none-eabi-4_8-131228/bin/../lib/gcc/arm-none-eabi/4.8.3/../../../../arm-none-eabi/lib/armv7e-m/fpu\libc.a(lib_a-impure.o)
 .data._impure_ptr
                0x20001068        0x4 c:/bin/gcc-arm-none-eabi-4_8-131228/bin/../lib/gcc/arm-none-eabi/4.8.3/../../../../arm-none-eabi/lib/armv7e-m/fpu\libc.a(lib_a-impure.o)
                0x20001068                _impure_ptr
 .data.lconv    0x2000106c       0x38 c:/bin/gcc-arm-none-eabi-4_8-131228/bin/../lib/gcc/arm-none-eabi/4.8.3/../../../../arm-none-eabi/lib/armv7e-m/fpu\libc.a(lib_a-locale.o)
 .data.__malloc_av_
                0x200010a4      0x408 c:/bin/gcc-arm-none-eabi-4_8-131228/bin/../lib/gcc/arm-none-eabi/4.8.3/../../../../arm-none-eabi/lib/armv7e-m/fpu\libc.a(lib_a-mallocr.o)
                0x200010a4                __malloc_av_
 .data.__malloc_trim_threshold
                0x200014ac        0x4 c:/bin/gcc-arm-none-eabi-4_8-131228/bin/../lib/gcc/arm-none-eabi/4.8.3/../../../../arm-none-eabi/lib/armv7e-m/fpu\libc.a(lib_a-mallocr.o)
                0x200014ac                __malloc_trim_threshold
 .data.__malloc_sbrk_base
                0x200014b0        0x4 c:/bin/gcc-arm-none-eabi-4_8-131228/bin/../lib/gcc/arm-none-eabi/4.8.3/../../../../arm-none-eabi/lib/armv7e-m/fpu\libc.a(lib_a-mallocr.o)
                0x200014b0                __malloc_sbrk_base
 .data.__fdlib_version
                0x200014b4        0x1 c:/bin/gcc-arm-none-eabi-4_8-131228/bin/../lib/gcc/arm-none-eabi/4.8.3/../../../../arm-none-eabi/lib/armv7e-m/fpu\libm.a(lib_a-s_lib_ver.o)
                0x200014b4                __fdlib_version
                0x200014b8                . = ALIGN (0x4)
 *fill*         0x200014b5        0x3 
                0x200014b8                _edata = .
                0x08018570                _data_loadaddr = LOADADDR (.data)

.igot.plt       0x200014b8        0x0 load address 0x08019a28
 .igot.plt      0x00000000        0x0 ./motion_control.o

.bss            0x200014b8      0xa2c load address 0x08019a28
 *(.bss*)
 .bss.gc_state  0x200014b8       0x44 ./gcode.o
                0x200014b8                gc_state
 .bss.gc_block  0x200014fc       0x40 ./gcode.o
                0x200014fc                gc_block
 .bss.line      0x2000153c       0x50 ./protocol.o
 .bss.segment_buffer
                0x2000158c       0x30 ./stepper.o
 .bss.step_port_invert_mask
                0x200015bc        0x1 ./stepper.o
 .bss.segment_next_head
                0x200015bd        0x1 ./stepper.o
 *fill*         0x200015be        0x2 
 .bss.st        0x200015c0       0x28 ./stepper.o
 .bss.prep      0x200015e8       0x30 ./stepper.o
 .bss.busy      0x20001618        0x1 ./stepper.o
 *fill*         0x20001619        0x3 
 .bss.pl_block  0x2000161c        0x4 ./stepper.o
 .bss.segment_buffer_tail
                0x20001620        0x1 ./stepper.o
 *fill*         0x20001621        0x3 
 .bss.st_prep_block
                0x20001624        0x4 ./stepper.o
 .bss.segment_buffer_head
                0x20001628        0x1 ./stepper.o
 .bss.dir_port_invert_mask
                0x20001629        0x1 ./stepper.o
 *fill*         0x2000162a        0x2 
 .bss.st_block_buffer
                0x2000162c       0x64 ./stepper.o
 .bss.settings  0x20001690       0x54 ./settings.o
                0x20001690                settings
 .bss.block_buffer_planned
                0x200016e4        0x1 ./planner.o
 .bss.block_buffer_head
                0x200016e5        0x1 ./planner.o
 *fill*         0x200016e6        0x2 
 .bss.block_buffer
                0x200016e8      0x318 ./planner.o
 .bss.pl        0x20001a00       0x1c ./planner.o
 .bss.next_buffer_head
                0x20001a1c        0x1 ./planner.o
 .bss.block_buffer_tail
                0x20001a1d        0x1 ./planner.o
 *fill*         0x20001a1e        0x2 
 .bss.sys       0x20001a20       0x28 ./stm_main.o
                0x20001a20                sys
 .bss.serial_tx_buffer_head
                0x20001a48        0x4 ./serial_stm32.o
                0x20001a48                serial_tx_buffer_head
 .bss.serial_rx_buffer_tail
                0x20001a4c        0x4 ./serial_stm32.o
                0x20001a4c                serial_rx_buffer_tail
 .bss.serial_tx_buffer
                0x20001a50       0x40 ./serial_stm32.o
                0x20001a50                serial_tx_buffer
 .bss.serial_rx_buffer_head
                0x20001a90        0x4 ./serial_stm32.o
                0x20001a90                serial_rx_buffer_head
 .bss.serial_rx_buffer
                0x20001a94      0x400 ./serial_stm32.o
                0x20001a94                serial_rx_buffer
 .bss.serial_tx_buffer_tail
                0x20001e94        0x4 ./serial_stm32.o
                0x20001e94                serial_tx_buffer_tail
 .bss.newlimits
                0x20001e98        0x1 ./hw_control.o
                0x20001e98                newlimits
 .bss.probe_invert_mask
                0x20001e99        0x1 ./hw_control.o
                0x20001e99                probe_invert_mask
 *fill*         0x20001e9a        0x2 
 .bss.limits_enabled
                0x20001e9c        0x4 ./hw_control.o
                0x20001e9c                limits_enabled
 .bss.oldlimits
                0x20001ea0        0x1 ./hw_control.o
                0x20001ea0                oldlimits
 *fill*         0x20001ea1        0x3 
 .bss.timerrunning
                0x20001ea4        0x4 ./hw_control.o
                0x20001ea4                timerrunning
 .bss.__malloc_max_total_mem
                0x20001ea8        0x4 c:/bin/gcc-arm-none-eabi-4_8-131228/bin/../lib/gcc/arm-none-eabi/4.8.3/../../../../arm-none-eabi/lib/armv7e-m/fpu\libc.a(lib_a-mallocr.o)
                0x20001ea8                __malloc_max_total_mem
 .bss.__malloc_max_sbrked_mem
                0x20001eac        0x4 c:/bin/gcc-arm-none-eabi-4_8-131228/bin/../lib/gcc/arm-none-eabi/4.8.3/../../../../arm-none-eabi/lib/armv7e-m/fpu\libc.a(lib_a-mallocr.o)
                0x20001eac                __malloc_max_sbrked_mem
 .bss.__malloc_top_pad
                0x20001eb0        0x4 c:/bin/gcc-arm-none-eabi-4_8-131228/bin/../lib/gcc/arm-none-eabi/4.8.3/../../../../arm-none-eabi/lib/armv7e-m/fpu\libc.a(lib_a-mallocr.o)
                0x20001eb0                __malloc_top_pad
 .bss.__malloc_current_mallinfo
                0x20001eb4       0x28 c:/bin/gcc-arm-none-eabi-4_8-131228/bin/../lib/gcc/arm-none-eabi/4.8.3/../../../../arm-none-eabi/lib/armv7e-m/fpu\libc.a(lib_a-mallocr.o)
                0x20001eb4                __malloc_current_mallinfo
 .bss.heap_end.4061
                0x20001edc        0x4 c:/bin/gcc-arm-none-eabi-4_8-131228/bin/../lib/gcc/arm-none-eabi/4.8.3/../../../../arm-none-eabi/lib/armv7e-m/fpu\libnosys.a(sbrk.o)
 *(COMMON)
 COMMON         0x20001ee0        0x4 c:/bin/gcc-arm-none-eabi-4_8-131228/bin/../lib/gcc/arm-none-eabi/4.8.3/../../../../arm-none-eabi/lib/armv7e-m/fpu\libc.a(lib_a-reent.o)
                0x20001ee0                errno
                0x20001ee4                . = ALIGN (0x4)
                0x20001ee4                _ebss = .

/DISCARD/
 *(.eh_frame)
                0x20001ee4                . = ALIGN (0x4)
                0x20001ee4                end = .
                0x20020000                PROVIDE (_stack, (ORIGIN (ram) + 0x20000))
OUTPUT(stm_main.elf elf32-littlearm)

.debug_info     0x00000000    0x1c995
 .debug_info    0x00000000      0x8ed ./motion_control.o
 .debug_info    0x000008ed      0xa47 ./gcode.o
 .debug_info    0x00001334      0x307 ./spindle_control.o
 .debug_info    0x0000163b      0x1f9 ./coolant_control.o
 .debug_info    0x00001834      0x6e1 ./protocol.o
 .debug_info    0x00001f15      0xa5d ./stepper.o
 .debug_info    0x00002972      0x339 ./eeprom.o
 .debug_info    0x00002cab      0x7ef ./settings.o
 .debug_info    0x0000349a      0x80f ./planner.o
 .debug_info    0x00003ca9      0x1f5 ./nuts_bolts.o
 .debug_info    0x00003e9e      0x569 ./limits.o
 .debug_info    0x00004407      0x52b ./print.o
 .debug_info    0x00004932      0x193 ./probe.o
 .debug_info    0x00004ac5     0x103f ./report.o
 .debug_info    0x00005b04      0x789 ./system.o
 .debug_info    0x0000628d      0x550 ./stm_main.o
 .debug_info    0x000067dd      0xb34 ./serial_stm32.o
 .debug_info    0x00007311       0x96 ./delay.o
 .debug_info    0x000073a7     0x190d ./hw_control.o
 .debug_info    0x00008cb4      0x7f3 ../libopencm3/lib\libopencm3_stm32f4.a(rcc.o)
 .debug_info    0x000094a7      0x22c ../libopencm3/lib\libopencm3_stm32f4.a(gpio_common_all.o)
 .debug_info    0x000096d3      0x1eb ../libopencm3/lib\libopencm3_stm32f4.a(gpio_common_f0234.o)
 .debug_info    0x000098be     0x11d5 ../libopencm3/lib\libopencm3_stm32f4.a(timer_common_all.o)
 .debug_info    0x0000aa93      0x4cf ../libopencm3/lib\libopencm3_stm32f4.a(usart_common_all.o)
 .debug_info    0x0000af62      0x1bb ../libopencm3/lib\libopencm3_stm32f4.a(usart_common_f124.o)
 .debug_info    0x0000b11d      0x11f ../libopencm3/lib\libopencm3_stm32f4.a(flash_common_f234.o)
 .debug_info    0x0000b23c      0x4fb ../libopencm3/lib\libopencm3_stm32f4.a(flash_common_f24.o)
 .debug_info    0x0000b737      0x7cc ../libopencm3/lib\libopencm3_stm32f4.a(rcc_common_all.o)
 .debug_info    0x0000bf03      0x2b3 ../libopencm3/lib\libopencm3_stm32f4.a(vector.o)
 .debug_info    0x0000c1b6      0x214 ../libopencm3/lib\libopencm3_stm32f4.a(nvic.o)
 .debug_info    0x0000c3ca       0xc5 ../libopencm3/lib\libopencm3_stm32f4.a(pwr.o)
 .debug_info    0x0000c48f      0x113 c:/bin/gcc-arm-none-eabi-4_8-131228/bin/../lib/gcc/arm-none-eabi/4.8.3/../../../../arm-none-eabi/lib/armv7e-m/fpu\libc.a(lib_a-memset.o)
 .debug_info    0x0000c5a2      0x89a c:/bin/gcc-arm-none-eabi-4_8-131228/bin/../lib/gcc/arm-none-eabi/4.8.3/../../../../arm-none-eabi/lib/armv7e-m/fpu\libc.a(lib_a-sprintf.o)
 .debug_info    0x0000ce3c     0x1813 c:/bin/gcc-arm-none-eabi-4_8-131228/bin/../lib/gcc/arm-none-eabi/4.8.3/../../../../arm-none-eabi/lib/armv7e-m/fpu\libc.a(lib_a-svfprintf.o)
 .debug_info    0x0000e64f     0x125b c:/bin/gcc-arm-none-eabi-4_8-131228/bin/../lib/gcc/arm-none-eabi/4.8.3/../../../../arm-none-eabi/lib/armv7e-m/fpu\libc.a(lib_a-dtoa.o)
 .debug_info    0x0000f8aa      0xac6 c:/bin/gcc-arm-none-eabi-4_8-131228/bin/../lib/gcc/arm-none-eabi/4.8.3/../../../../arm-none-eabi/lib/armv7e-m/fpu\libc.a(lib_a-freer.o)
 .debug_info    0x00010370      0x7cf c:/bin/gcc-arm-none-eabi-4_8-131228/bin/../lib/gcc/arm-none-eabi/4.8.3/../../../../arm-none-eabi/lib/armv7e-m/fpu\libc.a(lib_a-impure.o)
 .debug_info    0x00010b3f      0xa91 c:/bin/gcc-arm-none-eabi-4_8-131228/bin/../lib/gcc/arm-none-eabi/4.8.3/../../../../arm-none-eabi/lib/armv7e-m/fpu\libc.a(lib_a-locale.o)
 .debug_info    0x000115d0      0x7bd c:/bin/gcc-arm-none-eabi-4_8-131228/bin/../lib/gcc/arm-none-eabi/4.8.3/../../../../arm-none-eabi/lib/armv7e-m/fpu\libc.a(lib_a-malloc.o)
 .debug_info    0x00011d8d      0xc2d c:/bin/gcc-arm-none-eabi-4_8-131228/bin/../lib/gcc/arm-none-eabi/4.8.3/../../../../arm-none-eabi/lib/armv7e-m/fpu\libc.a(lib_a-mallocr.o)
 .debug_info    0x000129ba      0x125 c:/bin/gcc-arm-none-eabi-4_8-131228/bin/../lib/gcc/arm-none-eabi/4.8.3/../../../../arm-none-eabi/lib/armv7e-m/fpu\libc.a(lib_a-memchr-stub.o)
 .debug_info    0x00012adf       0xef c:/bin/gcc-arm-none-eabi-4_8-131228/bin/../lib/gcc/arm-none-eabi/4.8.3/../../../../arm-none-eabi/lib/armv7e-m/fpu\libc.a(lib_a-memcpy.o)
 .debug_info    0x00012bce      0x75c c:/bin/gcc-arm-none-eabi-4_8-131228/bin/../lib/gcc/arm-none-eabi/4.8.3/../../../../arm-none-eabi/lib/armv7e-m/fpu\libc.a(lib_a-mlock.o)
 .debug_info    0x0001332a     0x15ce c:/bin/gcc-arm-none-eabi-4_8-131228/bin/../lib/gcc/arm-none-eabi/4.8.3/../../../../arm-none-eabi/lib/armv7e-m/fpu\libc.a(lib_a-mprec.o)
 .debug_info    0x000148f8      0x146 c:/bin/gcc-arm-none-eabi-4_8-131228/bin/../lib/gcc/arm-none-eabi/4.8.3/../../../../arm-none-eabi/lib/armv7e-m/fpu\libc.a(lib_a-s_fpclassify.o)
 .debug_info    0x00014a3e      0x1b9 c:/bin/gcc-arm-none-eabi-4_8-131228/bin/../lib/gcc/arm-none-eabi/4.8.3/../../../../arm-none-eabi/lib/armv7e-m/fpu\libc.a(lib_a-s_frexp.o)
 .debug_info    0x00014bf7      0x79c c:/bin/gcc-arm-none-eabi-4_8-131228/bin/../lib/gcc/arm-none-eabi/4.8.3/../../../../arm-none-eabi/lib/armv7e-m/fpu\libc.a(lib_a-sbrkr.o)
 .debug_info    0x00015393       0xb1 c:/bin/gcc-arm-none-eabi-4_8-131228/bin/../lib/gcc/arm-none-eabi/4.8.3/../../../../arm-none-eabi/lib/armv7e-m/fpu\libc.a(lib_a-strlen.o)
 .debug_info    0x00015444      0x124 c:/bin/gcc-arm-none-eabi-4_8-131228/bin/../lib/gcc/arm-none-eabi/4.8.3/../../../../arm-none-eabi/lib/armv7e-m/fpu\libc.a(lib_a-strncpy.o)
 .debug_info    0x00015568     0x117a c:/bin/gcc-arm-none-eabi-4_8-131228/bin/../lib/gcc/arm-none-eabi/4.8.3/../../../../arm-none-eabi/lib/armv7e-m/fpu\libc.a(lib_a-svfiprintf.o)
 .debug_info    0x000166e2      0x88c c:/bin/gcc-arm-none-eabi-4_8-131228/bin/../lib/gcc/arm-none-eabi/4.8.3/../../../../arm-none-eabi/lib/armv7e-m/fpu\libc.a(lib_a-callocr.o)
 .debug_info    0x00016f6e      0x12d c:/bin/gcc-arm-none-eabi-4_8-131228/bin/../lib/gcc/arm-none-eabi/4.8.3/../../../../arm-none-eabi/lib/armv7e-m/fpu\libc.a(lib_a-memmove.o)
 .debug_info    0x0001709b      0xb6a c:/bin/gcc-arm-none-eabi-4_8-131228/bin/../lib/gcc/arm-none-eabi/4.8.3/../../../../arm-none-eabi/lib/armv7e-m/fpu\libc.a(lib_a-reallocr.o)
 .debug_info    0x00017c05      0x8f7 c:/bin/gcc-arm-none-eabi-4_8-131228/bin/../lib/gcc/arm-none-eabi/4.8.3/../../../../arm-none-eabi/lib/armv7e-m/fpu\libc.a(lib_a-reent.o)
 .debug_info    0x000184fc      0x1a5 c:/bin/gcc-arm-none-eabi-4_8-131228/bin/../lib/gcc/arm-none-eabi/4.8.3/../../../../arm-none-eabi/lib/armv7e-m/fpu\libm.a(lib_a-s_ceil.o)
 .debug_info    0x000186a1      0x23b c:/bin/gcc-arm-none-eabi-4_8-131228/bin/../lib/gcc/arm-none-eabi/4.8.3/../../../../arm-none-eabi/lib/armv7e-m/fpu\libm.a(lib_a-s_cos.o)
 .debug_info    0x000188dc      0x1a5 c:/bin/gcc-arm-none-eabi-4_8-131228/bin/../lib/gcc/arm-none-eabi/4.8.3/../../../../arm-none-eabi/lib/armv7e-m/fpu\libm.a(lib_a-s_floor.o)
 .debug_info    0x00018a81      0x196 c:/bin/gcc-arm-none-eabi-4_8-131228/bin/../lib/gcc/arm-none-eabi/4.8.3/../../../../arm-none-eabi/lib/armv7e-m/fpu\libm.a(lib_a-s_lround.o)
 .debug_info    0x00018c17      0x1bb c:/bin/gcc-arm-none-eabi-4_8-131228/bin/../lib/gcc/arm-none-eabi/4.8.3/../../../../arm-none-eabi/lib/armv7e-m/fpu\libm.a(lib_a-s_round.o)
 .debug_info    0x00018dd2      0x246 c:/bin/gcc-arm-none-eabi-4_8-131228/bin/../lib/gcc/arm-none-eabi/4.8.3/../../../../arm-none-eabi/lib/armv7e-m/fpu\libm.a(lib_a-s_sin.o)
 .debug_info    0x00019018      0x1b8 c:/bin/gcc-arm-none-eabi-4_8-131228/bin/../lib/gcc/arm-none-eabi/4.8.3/../../../../arm-none-eabi/lib/armv7e-m/fpu\libm.a(lib_a-s_trunc.o)
 .debug_info    0x000191d0       0xff c:/bin/gcc-arm-none-eabi-4_8-131228/bin/../lib/gcc/arm-none-eabi/4.8.3/../../../../arm-none-eabi/lib/armv7e-m/fpu\libm.a(lib_a-w_atan2.o)
 .debug_info    0x000192cf      0x217 c:/bin/gcc-arm-none-eabi-4_8-131228/bin/../lib/gcc/arm-none-eabi/4.8.3/../../../../arm-none-eabi/lib/armv7e-m/fpu\libm.a(lib_a-w_sqrt.o)
 .debug_info    0x000194e6      0x2ca c:/bin/gcc-arm-none-eabi-4_8-131228/bin/../lib/gcc/arm-none-eabi/4.8.3/../../../../arm-none-eabi/lib/armv7e-m/fpu\libm.a(lib_a-e_atan2.o)
 .debug_info    0x000197b0      0x3fb c:/bin/gcc-arm-none-eabi-4_8-131228/bin/../lib/gcc/arm-none-eabi/4.8.3/../../../../arm-none-eabi/lib/armv7e-m/fpu\libm.a(lib_a-e_rem_pio2.o)
 .debug_info    0x00019bab      0x22d c:/bin/gcc-arm-none-eabi-4_8-131228/bin/../lib/gcc/arm-none-eabi/4.8.3/../../../../arm-none-eabi/lib/armv7e-m/fpu\libm.a(lib_a-e_sqrt.o)
 .debug_info    0x00019dd8      0x21c c:/bin/gcc-arm-none-eabi-4_8-131228/bin/../lib/gcc/arm-none-eabi/4.8.3/../../../../arm-none-eabi/lib/armv7e-m/fpu\libm.a(lib_a-k_cos.o)
 .debug_info    0x00019ff4      0x3a6 c:/bin/gcc-arm-none-eabi-4_8-131228/bin/../lib/gcc/arm-none-eabi/4.8.3/../../../../arm-none-eabi/lib/armv7e-m/fpu\libm.a(lib_a-k_rem_pio2.o)
 .debug_info    0x0001a39a      0x194 c:/bin/gcc-arm-none-eabi-4_8-131228/bin/../lib/gcc/arm-none-eabi/4.8.3/../../../../arm-none-eabi/lib/armv7e-m/fpu\libm.a(lib_a-k_sin.o)
 .debug_info    0x0001a52e      0x24c c:/bin/gcc-arm-none-eabi-4_8-131228/bin/../lib/gcc/arm-none-eabi/4.8.3/../../../../arm-none-eabi/lib/armv7e-m/fpu\libm.a(lib_a-s_atan.o)
 .debug_info    0x0001a77a      0x151 c:/bin/gcc-arm-none-eabi-4_8-131228/bin/../lib/gcc/arm-none-eabi/4.8.3/../../../../arm-none-eabi/lib/armv7e-m/fpu\libm.a(lib_a-s_fabs.o)
 .debug_info    0x0001a8cb       0xba c:/bin/gcc-arm-none-eabi-4_8-131228/bin/../lib/gcc/arm-none-eabi/4.8.3/../../../../arm-none-eabi/lib/armv7e-m/fpu\libm.a(lib_a-s_lib_ver.o)
 .debug_info    0x0001a985      0x125 c:/bin/gcc-arm-none-eabi-4_8-131228/bin/../lib/gcc/arm-none-eabi/4.8.3/../../../../arm-none-eabi/lib/armv7e-m/fpu\libm.a(lib_a-s_matherr.o)
 .debug_info    0x0001aaaa      0x265 c:/bin/gcc-arm-none-eabi-4_8-131228/bin/../lib/gcc/arm-none-eabi/4.8.3/../../../../arm-none-eabi/lib/armv7e-m/fpu\libm.a(lib_a-s_scalbn.o)
 .debug_info    0x0001ad0f      0x18d c:/bin/gcc-arm-none-eabi-4_8-131228/bin/../lib/gcc/arm-none-eabi/4.8.3/../../../../arm-none-eabi/lib/armv7e-m/fpu\libm.a(lib_a-s_copysign.o)
 .debug_info    0x0001ae9c       0xd5 c:/bin/gcc-arm-none-eabi-4_8-131228/bin/../lib/gcc/arm-none-eabi/4.8.3/armv7e-m/fpu\libgcc.a(_arm_addsubdf3.o)
 .debug_info    0x0001af71       0xd5 c:/bin/gcc-arm-none-eabi-4_8-131228/bin/../lib/gcc/arm-none-eabi/4.8.3/armv7e-m/fpu\libgcc.a(_arm_muldivdf3.o)
 .debug_info    0x0001b046       0xd5 c:/bin/gcc-arm-none-eabi-4_8-131228/bin/../lib/gcc/arm-none-eabi/4.8.3/armv7e-m/fpu\libgcc.a(_arm_cmpdf2.o)
 .debug_info    0x0001b11b       0xd5 c:/bin/gcc-arm-none-eabi-4_8-131228/bin/../lib/gcc/arm-none-eabi/4.8.3/armv7e-m/fpu\libgcc.a(_arm_fixdfsi.o)
 .debug_info    0x0001b1f0       0xd5 c:/bin/gcc-arm-none-eabi-4_8-131228/bin/../lib/gcc/arm-none-eabi/4.8.3/armv7e-m/fpu\libgcc.a(_arm_fixunsdfsi.o)
 .debug_info    0x0001b2c5       0xd5 c:/bin/gcc-arm-none-eabi-4_8-131228/bin/../lib/gcc/arm-none-eabi/4.8.3/armv7e-m/fpu\libgcc.a(_arm_truncdfsf2.o)
 .debug_info    0x0001b39a       0xd0 c:/bin/gcc-arm-none-eabi-4_8-131228/bin/../lib/gcc/arm-none-eabi/4.8.3/armv7e-m/fpu\libgcc.a(_aeabi_uldivmod.o)
 .debug_info    0x0001b46a      0x160 c:/bin/gcc-arm-none-eabi-4_8-131228/bin/../lib/gcc/arm-none-eabi/4.8.3/armv7e-m/fpu\libgcc.a(bpabi.o)
 .debug_info    0x0001b5ca       0xd4 c:/bin/gcc-arm-none-eabi-4_8-131228/bin/../lib/gcc/arm-none-eabi/4.8.3/armv7e-m/fpu\libgcc.a(_dvmd_tls.o)
 .debug_info    0x0001b69e      0x5b3 c:/bin/gcc-arm-none-eabi-4_8-131228/bin/../lib/gcc/arm-none-eabi/4.8.3/armv7e-m/fpu\libgcc.a(_divdi3.o)
 .debug_info    0x0001bc51      0x57e c:/bin/gcc-arm-none-eabi-4_8-131228/bin/../lib/gcc/arm-none-eabi/4.8.3/armv7e-m/fpu\libgcc.a(_udivdi3.o)
 .debug_info    0x0001c1cf       0x95 c:/bin/gcc-arm-none-eabi-4_8-131228/bin/../lib/gcc/arm-none-eabi/4.8.3/../../../../arm-none-eabi/lib/armv7e-m/fpu\libnosys.a(sbrk.o)
 .debug_info    0x0001c264      0x731 c:/bin/gcc-arm-none-eabi-4_8-131228/bin/../lib/gcc/arm-none-eabi/4.8.3/../../../../arm-none-eabi/lib/armv7e-m/fpu\libc.a(lib_a-errno.o)

.debug_abbrev   0x00000000     0x6e32
 .debug_abbrev  0x00000000      0x243 ./motion_control.o
 .debug_abbrev  0x00000243      0x266 ./gcode.o
 .debug_abbrev  0x000004a9      0x17e ./spindle_control.o
 .debug_abbrev  0x00000627      0x138 ./coolant_control.o
 .debug_abbrev  0x0000075f      0x1da ./protocol.o
 .debug_abbrev  0x00000939      0x221 ./stepper.o
 .debug_abbrev  0x00000b5a      0x195 ./eeprom.o
 .debug_abbrev  0x00000cef      0x284 ./settings.o
 .debug_abbrev  0x00000f73      0x2f4 ./planner.o
 .debug_abbrev  0x00001267       0xbd ./nuts_bolts.o
 .debug_abbrev  0x00001324      0x1e9 ./limits.o
 .debug_abbrev  0x0000150d      0x18c ./print.o
 .debug_abbrev  0x00001699       0xb6 ./probe.o
 .debug_abbrev  0x0000174f      0x23d ./report.o
 .debug_abbrev  0x0000198c      0x246 ./system.o
 .debug_abbrev  0x00001bd2      0x1c3 ./stm_main.o
 .debug_abbrev  0x00001d95      0x1df ./serial_stm32.o
 .debug_abbrev  0x00001f74       0x91 ./delay.o
 .debug_abbrev  0x00002005      0x328 ./hw_control.o
 .debug_abbrev  0x0000232d      0x289 ../libopencm3/lib\libopencm3_stm32f4.a(rcc.o)
 .debug_abbrev  0x000025b6      0x10e ../libopencm3/lib\libopencm3_stm32f4.a(gpio_common_all.o)
 .debug_abbrev  0x000026c4       0xb7 ../libopencm3/lib\libopencm3_stm32f4.a(gpio_common_f0234.o)
 .debug_abbrev  0x0000277b      0x15c ../libopencm3/lib\libopencm3_stm32f4.a(timer_common_all.o)
 .debug_abbrev  0x000028d7      0x12b ../libopencm3/lib\libopencm3_stm32f4.a(usart_common_all.o)
 .debug_abbrev  0x00002a02       0xb7 ../libopencm3/lib\libopencm3_stm32f4.a(usart_common_f124.o)
 .debug_abbrev  0x00002ab9       0x8a ../libopencm3/lib\libopencm3_stm32f4.a(flash_common_f234.o)
 .debug_abbrev  0x00002b43      0x131 ../libopencm3/lib\libopencm3_stm32f4.a(flash_common_f24.o)
 .debug_abbrev  0x00002c74       0xc1 ../libopencm3/lib\libopencm3_stm32f4.a(rcc_common_all.o)
 .debug_abbrev  0x00002d35      0x13a ../libopencm3/lib\libopencm3_stm32f4.a(vector.o)
 .debug_abbrev  0x00002e6f       0xa6 ../libopencm3/lib\libopencm3_stm32f4.a(nvic.o)
 .debug_abbrev  0x00002f15       0x77 ../libopencm3/lib\libopencm3_stm32f4.a(pwr.o)
 .debug_abbrev  0x00002f8c       0x9d c:/bin/gcc-arm-none-eabi-4_8-131228/bin/../lib/gcc/arm-none-eabi/4.8.3/../../../../arm-none-eabi/lib/armv7e-m/fpu\libc.a(lib_a-memset.o)
 .debug_abbrev  0x00003029      0x1bd c:/bin/gcc-arm-none-eabi-4_8-131228/bin/../lib/gcc/arm-none-eabi/4.8.3/../../../../arm-none-eabi/lib/armv7e-m/fpu\libc.a(lib_a-sprintf.o)
 .debug_abbrev  0x000031e6      0x330 c:/bin/gcc-arm-none-eabi-4_8-131228/bin/../lib/gcc/arm-none-eabi/4.8.3/../../../../arm-none-eabi/lib/armv7e-m/fpu\libc.a(lib_a-svfprintf.o)
 .debug_abbrev  0x00003516      0x288 c:/bin/gcc-arm-none-eabi-4_8-131228/bin/../lib/gcc/arm-none-eabi/4.8.3/../../../../arm-none-eabi/lib/armv7e-m/fpu\libc.a(lib_a-dtoa.o)
 .debug_abbrev  0x0000379e      0x220 c:/bin/gcc-arm-none-eabi-4_8-131228/bin/../lib/gcc/arm-none-eabi/4.8.3/../../../../arm-none-eabi/lib/armv7e-m/fpu\libc.a(lib_a-freer.o)
 .debug_abbrev  0x000039be      0x134 c:/bin/gcc-arm-none-eabi-4_8-131228/bin/../lib/gcc/arm-none-eabi/4.8.3/../../../../arm-none-eabi/lib/armv7e-m/fpu\libc.a(lib_a-impure.o)
 .debug_abbrev  0x00003af2      0x248 c:/bin/gcc-arm-none-eabi-4_8-131228/bin/../lib/gcc/arm-none-eabi/4.8.3/../../../../arm-none-eabi/lib/armv7e-m/fpu\libc.a(lib_a-locale.o)
 .debug_abbrev  0x00003d3a      0x19d c:/bin/gcc-arm-none-eabi-4_8-131228/bin/../lib/gcc/arm-none-eabi/4.8.3/../../../../arm-none-eabi/lib/armv7e-m/fpu\libc.a(lib_a-malloc.o)
 .debug_abbrev  0x00003ed7      0x238 c:/bin/gcc-arm-none-eabi-4_8-131228/bin/../lib/gcc/arm-none-eabi/4.8.3/../../../../arm-none-eabi/lib/armv7e-m/fpu\libc.a(lib_a-mallocr.o)
 .debug_abbrev  0x0000410f       0xb8 c:/bin/gcc-arm-none-eabi-4_8-131228/bin/../lib/gcc/arm-none-eabi/4.8.3/../../../../arm-none-eabi/lib/armv7e-m/fpu\libc.a(lib_a-memchr-stub.o)
 .debug_abbrev  0x000041c7       0x14 c:/bin/gcc-arm-none-eabi-4_8-131228/bin/../lib/gcc/arm-none-eabi/4.8.3/../../../../arm-none-eabi/lib/armv7e-m/fpu\libc.a(lib_a-memcpy.o)
 .debug_abbrev  0x000041db      0x13d c:/bin/gcc-arm-none-eabi-4_8-131228/bin/../lib/gcc/arm-none-eabi/4.8.3/../../../../arm-none-eabi/lib/armv7e-m/fpu\libc.a(lib_a-mlock.o)
 .debug_abbrev  0x00004318      0x346 c:/bin/gcc-arm-none-eabi-4_8-131228/bin/../lib/gcc/arm-none-eabi/4.8.3/../../../../arm-none-eabi/lib/armv7e-m/fpu\libc.a(lib_a-mprec.o)
 .debug_abbrev  0x0000465e       0xc8 c:/bin/gcc-arm-none-eabi-4_8-131228/bin/../lib/gcc/arm-none-eabi/4.8.3/../../../../arm-none-eabi/lib/armv7e-m/fpu\libc.a(lib_a-s_fpclassify.o)
 .debug_abbrev  0x00004726       0xff c:/bin/gcc-arm-none-eabi-4_8-131228/bin/../lib/gcc/arm-none-eabi/4.8.3/../../../../arm-none-eabi/lib/armv7e-m/fpu\libc.a(lib_a-s_frexp.o)
 .debug_abbrev  0x00004825      0x1a0 c:/bin/gcc-arm-none-eabi-4_8-131228/bin/../lib/gcc/arm-none-eabi/4.8.3/../../../../arm-none-eabi/lib/armv7e-m/fpu\libc.a(lib_a-sbrkr.o)
 .debug_abbrev  0x000049c5       0x6e c:/bin/gcc-arm-none-eabi-4_8-131228/bin/../lib/gcc/arm-none-eabi/4.8.3/../../../../arm-none-eabi/lib/armv7e-m/fpu\libc.a(lib_a-strlen.o)
 .debug_abbrev  0x00004a33       0x9d c:/bin/gcc-arm-none-eabi-4_8-131228/bin/../lib/gcc/arm-none-eabi/4.8.3/../../../../arm-none-eabi/lib/armv7e-m/fpu\libc.a(lib_a-strncpy.o)
 .debug_abbrev  0x00004ad0      0x2b3 c:/bin/gcc-arm-none-eabi-4_8-131228/bin/../lib/gcc/arm-none-eabi/4.8.3/../../../../arm-none-eabi/lib/armv7e-m/fpu\libc.a(lib_a-svfiprintf.o)
 .debug_abbrev  0x00004d83      0x1a9 c:/bin/gcc-arm-none-eabi-4_8-131228/bin/../lib/gcc/arm-none-eabi/4.8.3/../../../../arm-none-eabi/lib/armv7e-m/fpu\libc.a(lib_a-callocr.o)
 .debug_abbrev  0x00004f2c       0xa9 c:/bin/gcc-arm-none-eabi-4_8-131228/bin/../lib/gcc/arm-none-eabi/4.8.3/../../../../arm-none-eabi/lib/armv7e-m/fpu\libc.a(lib_a-memmove.o)
 .debug_abbrev  0x00004fd5      0x1f6 c:/bin/gcc-arm-none-eabi-4_8-131228/bin/../lib/gcc/arm-none-eabi/4.8.3/../../../../arm-none-eabi/lib/armv7e-m/fpu\libc.a(lib_a-reallocr.o)
 .debug_abbrev  0x000051cb      0x1fb c:/bin/gcc-arm-none-eabi-4_8-131228/bin/../lib/gcc/arm-none-eabi/4.8.3/../../../../arm-none-eabi/lib/armv7e-m/fpu\libc.a(lib_a-reent.o)
 .debug_abbrev  0x000053c6       0xe7 c:/bin/gcc-arm-none-eabi-4_8-131228/bin/../lib/gcc/arm-none-eabi/4.8.3/../../../../arm-none-eabi/lib/armv7e-m/fpu\libm.a(lib_a-s_ceil.o)
 .debug_abbrev  0x000054ad      0x158 c:/bin/gcc-arm-none-eabi-4_8-131228/bin/../lib/gcc/arm-none-eabi/4.8.3/../../../../arm-none-eabi/lib/armv7e-m/fpu\libm.a(lib_a-s_cos.o)
 .debug_abbrev  0x00005605       0xe7 c:/bin/gcc-arm-none-eabi-4_8-131228/bin/../lib/gcc/arm-none-eabi/4.8.3/../../../../arm-none-eabi/lib/armv7e-m/fpu\libm.a(lib_a-s_floor.o)
 .debug_abbrev  0x000056ec       0xe2 c:/bin/gcc-arm-none-eabi-4_8-131228/bin/../lib/gcc/arm-none-eabi/4.8.3/../../../../arm-none-eabi/lib/armv7e-m/fpu\libm.a(lib_a-s_lround.o)
 .debug_abbrev  0x000057ce       0xdc c:/bin/gcc-arm-none-eabi-4_8-131228/bin/../lib/gcc/arm-none-eabi/4.8.3/../../../../arm-none-eabi/lib/armv7e-m/fpu\libm.a(lib_a-s_round.o)
 .debug_abbrev  0x000058aa      0x163 c:/bin/gcc-arm-none-eabi-4_8-131228/bin/../lib/gcc/arm-none-eabi/4.8.3/../../../../arm-none-eabi/lib/armv7e-m/fpu\libm.a(lib_a-s_sin.o)
 .debug_abbrev  0x00005a0d       0xd3 c:/bin/gcc-arm-none-eabi-4_8-131228/bin/../lib/gcc/arm-none-eabi/4.8.3/../../../../arm-none-eabi/lib/armv7e-m/fpu\libm.a(lib_a-s_trunc.o)
 .debug_abbrev  0x00005ae0       0x87 c:/bin/gcc-arm-none-eabi-4_8-131228/bin/../lib/gcc/arm-none-eabi/4.8.3/../../../../arm-none-eabi/lib/armv7e-m/fpu\libm.a(lib_a-w_atan2.o)
 .debug_abbrev  0x00005b67      0x138 c:/bin/gcc-arm-none-eabi-4_8-131228/bin/../lib/gcc/arm-none-eabi/4.8.3/../../../../arm-none-eabi/lib/armv7e-m/fpu\libm.a(lib_a-w_sqrt.o)
 .debug_abbrev  0x00005c9f      0x14f c:/bin/gcc-arm-none-eabi-4_8-131228/bin/../lib/gcc/arm-none-eabi/4.8.3/../../../../arm-none-eabi/lib/armv7e-m/fpu\libm.a(lib_a-e_atan2.o)
 .debug_abbrev  0x00005dee      0x184 c:/bin/gcc-arm-none-eabi-4_8-131228/bin/../lib/gcc/arm-none-eabi/4.8.3/../../../../arm-none-eabi/lib/armv7e-m/fpu\libm.a(lib_a-e_rem_pio2.o)
 .debug_abbrev  0x00005f72      0x107 c:/bin/gcc-arm-none-eabi-4_8-131228/bin/../lib/gcc/arm-none-eabi/4.8.3/../../../../arm-none-eabi/lib/armv7e-m/fpu\libm.a(lib_a-e_sqrt.o)
 .debug_abbrev  0x00006079       0xe0 c:/bin/gcc-arm-none-eabi-4_8-131228/bin/../lib/gcc/arm-none-eabi/4.8.3/../../../../arm-none-eabi/lib/armv7e-m/fpu\libm.a(lib_a-k_cos.o)
 .debug_abbrev  0x00006159      0x156 c:/bin/gcc-arm-none-eabi-4_8-131228/bin/../lib/gcc/arm-none-eabi/4.8.3/../../../../arm-none-eabi/lib/armv7e-m/fpu\libm.a(lib_a-k_rem_pio2.o)
 .debug_abbrev  0x000062af       0xa1 c:/bin/gcc-arm-none-eabi-4_8-131228/bin/../lib/gcc/arm-none-eabi/4.8.3/../../../../arm-none-eabi/lib/armv7e-m/fpu\libm.a(lib_a-k_sin.o)
 .debug_abbrev  0x00006350      0x15c c:/bin/gcc-arm-none-eabi-4_8-131228/bin/../lib/gcc/arm-none-eabi/4.8.3/../../../../arm-none-eabi/lib/armv7e-m/fpu\libm.a(lib_a-s_atan.o)
 .debug_abbrev  0x000064ac       0xd3 c:/bin/gcc-arm-none-eabi-4_8-131228/bin/../lib/gcc/arm-none-eabi/4.8.3/../../../../arm-none-eabi/lib/armv7e-m/fpu\libm.a(lib_a-s_fabs.o)
 .debug_abbrev  0x0000657f       0x4d c:/bin/gcc-arm-none-eabi-4_8-131228/bin/../lib/gcc/arm-none-eabi/4.8.3/../../../../arm-none-eabi/lib/armv7e-m/fpu\libm.a(lib_a-s_lib_ver.o)
 .debug_abbrev  0x000065cc       0x98 c:/bin/gcc-arm-none-eabi-4_8-131228/bin/../lib/gcc/arm-none-eabi/4.8.3/../../../../arm-none-eabi/lib/armv7e-m/fpu\libm.a(lib_a-s_matherr.o)
 .debug_abbrev  0x00006664      0x136 c:/bin/gcc-arm-none-eabi-4_8-131228/bin/../lib/gcc/arm-none-eabi/4.8.3/../../../../arm-none-eabi/lib/armv7e-m/fpu\libm.a(lib_a-s_scalbn.o)
 .debug_abbrev  0x0000679a       0xe2 c:/bin/gcc-arm-none-eabi-4_8-131228/bin/../lib/gcc/arm-none-eabi/4.8.3/../../../../arm-none-eabi/lib/armv7e-m/fpu\libm.a(lib_a-s_copysign.o)
 .debug_abbrev  0x0000687c       0x14 c:/bin/gcc-arm-none-eabi-4_8-131228/bin/../lib/gcc/arm-none-eabi/4.8.3/armv7e-m/fpu\libgcc.a(_arm_addsubdf3.o)
 .debug_abbrev  0x00006890       0x14 c:/bin/gcc-arm-none-eabi-4_8-131228/bin/../lib/gcc/arm-none-eabi/4.8.3/armv7e-m/fpu\libgcc.a(_arm_muldivdf3.o)
 .debug_abbrev  0x000068a4       0x14 c:/bin/gcc-arm-none-eabi-4_8-131228/bin/../lib/gcc/arm-none-eabi/4.8.3/armv7e-m/fpu\libgcc.a(_arm_cmpdf2.o)
 .debug_abbrev  0x000068b8       0x14 c:/bin/gcc-arm-none-eabi-4_8-131228/bin/../lib/gcc/arm-none-eabi/4.8.3/armv7e-m/fpu\libgcc.a(_arm_fixdfsi.o)
 .debug_abbrev  0x000068cc       0x14 c:/bin/gcc-arm-none-eabi-4_8-131228/bin/../lib/gcc/arm-none-eabi/4.8.3/armv7e-m/fpu\libgcc.a(_arm_fixunsdfsi.o)
 .debug_abbrev  0x000068e0       0x14 c:/bin/gcc-arm-none-eabi-4_8-131228/bin/../lib/gcc/arm-none-eabi/4.8.3/armv7e-m/fpu\libgcc.a(_arm_truncdfsf2.o)
 .debug_abbrev  0x000068f4       0x14 c:/bin/gcc-arm-none-eabi-4_8-131228/bin/../lib/gcc/arm-none-eabi/4.8.3/armv7e-m/fpu\libgcc.a(_aeabi_uldivmod.o)
 .debug_abbrev  0x00006908       0xb5 c:/bin/gcc-arm-none-eabi-4_8-131228/bin/../lib/gcc/arm-none-eabi/4.8.3/armv7e-m/fpu\libgcc.a(bpabi.o)
 .debug_abbrev  0x000069bd       0x14 c:/bin/gcc-arm-none-eabi-4_8-131228/bin/../lib/gcc/arm-none-eabi/4.8.3/armv7e-m/fpu\libgcc.a(_dvmd_tls.o)
 .debug_abbrev  0x000069d1      0x15a c:/bin/gcc-arm-none-eabi-4_8-131228/bin/../lib/gcc/arm-none-eabi/4.8.3/armv7e-m/fpu\libgcc.a(_divdi3.o)
 .debug_abbrev  0x00006b2b      0x154 c:/bin/gcc-arm-none-eabi-4_8-131228/bin/../lib/gcc/arm-none-eabi/4.8.3/armv7e-m/fpu\libgcc.a(_udivdi3.o)
 .debug_abbrev  0x00006c7f       0x81 c:/bin/gcc-arm-none-eabi-4_8-131228/bin/../lib/gcc/arm-none-eabi/4.8.3/../../../../arm-none-eabi/lib/armv7e-m/fpu\libnosys.a(sbrk.o)
 .debug_abbrev  0x00006d00      0x132 c:/bin/gcc-arm-none-eabi-4_8-131228/bin/../lib/gcc/arm-none-eabi/4.8.3/../../../../arm-none-eabi/lib/armv7e-m/fpu\libc.a(lib_a-errno.o)

.debug_loc      0x00000000    0x14e21
 .debug_loc     0x00000000      0x60f ./motion_control.o
 .debug_loc     0x0000060f      0xaae ./gcode.o
 .debug_loc     0x000010bd       0xee ./spindle_control.o
 .debug_loc     0x000011ab       0x2c ./coolant_control.o
 .debug_loc     0x000011d7      0x131 ./protocol.o
 .debug_loc     0x00001308      0x3af ./stepper.o
 .debug_loc     0x000016b7      0x294 ./eeprom.o
 .debug_loc     0x0000194b      0x4a6 ./settings.o
 .debug_loc     0x00001df1      0x476 ./planner.o
 .debug_loc     0x00002267      0x344 ./nuts_bolts.o
 .debug_loc     0x000025ab      0x2a0 ./limits.o
 .debug_loc     0x0000284b      0x473 ./print.o
 .debug_loc     0x00002cbe      0x2f7 ./report.o
 .debug_loc     0x00002fb5      0x36a ./system.o
 .debug_loc     0x0000331f       0xa6 ./serial_stm32.o
 .debug_loc     0x000033c5       0x86 ./delay.o
 .debug_loc     0x0000344b      0x1e9 ./hw_control.o
 .debug_loc     0x00003634      0x372 ../libopencm3/lib\libopencm3_stm32f4.a(rcc.o)
 .debug_loc     0x000039a6       0x76 ../libopencm3/lib\libopencm3_stm32f4.a(gpio_common_all.o)
 .debug_loc     0x00003a1c      0x10b ../libopencm3/lib\libopencm3_stm32f4.a(gpio_common_f0234.o)
 .debug_loc     0x00003b27      0x52e ../libopencm3/lib\libopencm3_stm32f4.a(timer_common_all.o)
 .debug_loc     0x00004055      0x1ca ../libopencm3/lib\libopencm3_stm32f4.a(usart_common_all.o)
 .debug_loc     0x0000421f       0xd4 ../libopencm3/lib\libopencm3_stm32f4.a(usart_common_f124.o)
 .debug_loc     0x000042f3       0x3f ../libopencm3/lib\libopencm3_stm32f4.a(flash_common_f234.o)
 .debug_loc     0x00004332      0x2b5 ../libopencm3/lib\libopencm3_stm32f4.a(flash_common_f24.o)
 .debug_loc     0x000045e7      0x14a ../libopencm3/lib\libopencm3_stm32f4.a(rcc_common_all.o)
 .debug_loc     0x00004731       0xf5 ../libopencm3/lib\libopencm3_stm32f4.a(vector.o)
 .debug_loc     0x00004826      0x142 ../libopencm3/lib\libopencm3_stm32f4.a(nvic.o)
 .debug_loc     0x00004968      0x18b c:/bin/gcc-arm-none-eabi-4_8-131228/bin/../lib/gcc/arm-none-eabi/4.8.3/../../../../arm-none-eabi/lib/armv7e-m/fpu\libc.a(lib_a-memset.o)
 .debug_loc     0x00004af3       0x79 c:/bin/gcc-arm-none-eabi-4_8-131228/bin/../lib/gcc/arm-none-eabi/4.8.3/../../../../arm-none-eabi/lib/armv7e-m/fpu\libc.a(lib_a-sprintf.o)
 .debug_loc     0x00004b6c     0x2a40 c:/bin/gcc-arm-none-eabi-4_8-131228/bin/../lib/gcc/arm-none-eabi/4.8.3/../../../../arm-none-eabi/lib/armv7e-m/fpu\libc.a(lib_a-svfprintf.o)
 .debug_loc     0x000075ac     0x2b94 c:/bin/gcc-arm-none-eabi-4_8-131228/bin/../lib/gcc/arm-none-eabi/4.8.3/../../../../arm-none-eabi/lib/armv7e-m/fpu\libc.a(lib_a-dtoa.o)
 .debug_loc     0x0000a140      0x4f1 c:/bin/gcc-arm-none-eabi-4_8-131228/bin/../lib/gcc/arm-none-eabi/4.8.3/../../../../arm-none-eabi/lib/armv7e-m/fpu\libc.a(lib_a-freer.o)
 .debug_loc     0x0000a631       0xe7 c:/bin/gcc-arm-none-eabi-4_8-131228/bin/../lib/gcc/arm-none-eabi/4.8.3/../../../../arm-none-eabi/lib/armv7e-m/fpu\libc.a(lib_a-locale.o)
 .debug_loc     0x0000a718       0x58 c:/bin/gcc-arm-none-eabi-4_8-131228/bin/../lib/gcc/arm-none-eabi/4.8.3/../../../../arm-none-eabi/lib/armv7e-m/fpu\libc.a(lib_a-malloc.o)
 .debug_loc     0x0000a770      0xd01 c:/bin/gcc-arm-none-eabi-4_8-131228/bin/../lib/gcc/arm-none-eabi/4.8.3/../../../../arm-none-eabi/lib/armv7e-m/fpu\libc.a(lib_a-mallocr.o)
 .debug_loc     0x0000b471      0x17b c:/bin/gcc-arm-none-eabi-4_8-131228/bin/../lib/gcc/arm-none-eabi/4.8.3/../../../../arm-none-eabi/lib/armv7e-m/fpu\libc.a(lib_a-memchr-stub.o)
 .debug_loc     0x0000b5ec     0x1de4 c:/bin/gcc-arm-none-eabi-4_8-131228/bin/../lib/gcc/arm-none-eabi/4.8.3/../../../../arm-none-eabi/lib/armv7e-m/fpu\libc.a(lib_a-mprec.o)
 .debug_loc     0x0000d3d0      0x15d c:/bin/gcc-arm-none-eabi-4_8-131228/bin/../lib/gcc/arm-none-eabi/4.8.3/../../../../arm-none-eabi/lib/armv7e-m/fpu\libc.a(lib_a-s_frexp.o)
 .debug_loc     0x0000d52d       0x4d c:/bin/gcc-arm-none-eabi-4_8-131228/bin/../lib/gcc/arm-none-eabi/4.8.3/../../../../arm-none-eabi/lib/armv7e-m/fpu\libc.a(lib_a-sbrkr.o)
 .debug_loc     0x0000d57a       0x21 c:/bin/gcc-arm-none-eabi-4_8-131228/bin/../lib/gcc/arm-none-eabi/4.8.3/../../../../arm-none-eabi/lib/armv7e-m/fpu\libc.a(lib_a-strlen.o)