Archive member included because of file (symbol)

../libopencm3/lib\libopencm3_stm32f4.a(rcc.o)
                              ./stm_main.o (rcc_clock_setup_hse_3v3)
../libopencm3/lib\libopencm3_stm32f4.a(gpio_common_all.o)
                              ./hw_control.o (gpio_set)
../libopencm3/lib\libopencm3_stm32f4.a(gpio_common_f0234.o)
                              ./serial_stm32.o (gpio_mode_setup)
../libopencm3/lib\libopencm3_stm32f4.a(timer_common_all.o)
                              ./hw_control.o (timer_reset)
../libopencm3/lib\libopencm3_stm32f4.a(usart_common_all.o)
                              ./serial_stm32.o (usart_set_baudrate)
../libopencm3/lib\libopencm3_stm32f4.a(usart_common_f124.o)
                              ./serial_stm32.o (usart_send)
../libopencm3/lib\libopencm3_stm32f4.a(flash_common_f234.o)
                              ../libopencm3/lib\libopencm3_stm32f4.a(rcc.o) (flash_set_ws)
../libopencm3/lib\libopencm3_stm32f4.a(rcc_common_all.o)
                              ./serial_stm32.o (rcc_periph_clock_enable)
../libopencm3/lib\libopencm3_stm32f4.a(vector.o)
                              (reset_handler)
../libopencm3/lib\libopencm3_stm32f4.a(nvic.o)
                              ./serial_stm32.o (nvic_enable_irq)
../libopencm3/lib\libopencm3_stm32f4.a(assert.o)
                              ../libopencm3/lib\libopencm3_stm32f4.a(rcc.o) (cm3_assert_failed)
../libopencm3/lib\libopencm3_stm32f4.a(pwr.o)
                              ../libopencm3/lib\libopencm3_stm32f4.a(rcc.o) (pwr_set_vos_scale)
c:/bin/gcc-arm-none-eabi-4_8-131228/bin/../lib/gcc/arm-none-eabi/4.8.3/../../../../arm-none-eabi/lib/armv7e-m/fpu\libc.a(lib_a-memset.o)
                              ./gcode.o (memset)
c:/bin/gcc-arm-none-eabi-4_8-131228/bin/../lib/gcc/arm-none-eabi/4.8.3/../../../../arm-none-eabi/lib/armv7e-m/fpu\libc.a(lib_a-sprintf.o)
                              ./hw_control.o (sprintf)
c:/bin/gcc-arm-none-eabi-4_8-131228/bin/../lib/gcc/arm-none-eabi/4.8.3/../../../../arm-none-eabi/lib/armv7e-m/fpu\libc.a(lib_a-svfprintf.o)
                              c:/bin/gcc-arm-none-eabi-4_8-131228/bin/../lib/gcc/arm-none-eabi/4.8.3/../../../../arm-none-eabi/lib/armv7e-m/fpu\libc.a(lib_a-sprintf.o) (_svfprintf_r)
c:/bin/gcc-arm-none-eabi-4_8-131228/bin/../lib/gcc/arm-none-eabi/4.8.3/../../../../arm-none-eabi/lib/armv7e-m/fpu\libc.a(lib_a-dtoa.o)
                              c:/bin/gcc-arm-none-eabi-4_8-131228/bin/../lib/gcc/arm-none-eabi/4.8.3/../../../../arm-none-eabi/lib/armv7e-m/fpu\libc.a(lib_a-svfprintf.o) (_dtoa_r)
c:/bin/gcc-arm-none-eabi-4_8-131228/bin/../lib/gcc/arm-none-eabi/4.8.3/../../../../arm-none-eabi/lib/armv7e-m/fpu\libc.a(lib_a-freer.o)
                              c:/bin/gcc-arm-none-eabi-4_8-131228/bin/../lib/gcc/arm-none-eabi/4.8.3/../../../../arm-none-eabi/lib/armv7e-m/fpu\libc.a(lib_a-svfprintf.o) (_free_r)
c:/bin/gcc-arm-none-eabi-4_8-131228/bin/../lib/gcc/arm-none-eabi/4.8.3/../../../../arm-none-eabi/lib/armv7e-m/fpu\libc.a(lib_a-impure.o)
                              c:/bin/gcc-arm-none-eabi-4_8-131228/bin/../lib/gcc/arm-none-eabi/4.8.3/../../../../arm-none-eabi/lib/armv7e-m/fpu\libc.a(lib_a-sprintf.o) (_impure_ptr)
c:/bin/gcc-arm-none-eabi-4_8-131228/bin/../lib/gcc/arm-none-eabi/4.8.3/../../../../arm-none-eabi/lib/armv7e-m/fpu\libc.a(lib_a-locale.o)
                              c:/bin/gcc-arm-none-eabi-4_8-131228/bin/../lib/gcc/arm-none-eabi/4.8.3/../../../../arm-none-eabi/lib/armv7e-m/fpu\libc.a(lib_a-svfprintf.o) (_localeconv_r)
c:/bin/gcc-arm-none-eabi-4_8-131228/bin/../lib/gcc/arm-none-eabi/4.8.3/../../../../arm-none-eabi/lib/armv7e-m/fpu\libc.a(lib_a-malloc.o)
                              c:/bin/gcc-arm-none-eabi-4_8-131228/bin/../lib/gcc/arm-none-eabi/4.8.3/../../../../arm-none-eabi/lib/armv7e-m/fpu\libc.a(lib_a-dtoa.o) (malloc)
c:/bin/gcc-arm-none-eabi-4_8-131228/bin/../lib/gcc/arm-none-eabi/4.8.3/../../../../arm-none-eabi/lib/armv7e-m/fpu\libc.a(lib_a-mallocr.o)
                              c:/bin/gcc-arm-none-eabi-4_8-131228/bin/../lib/gcc/arm-none-eabi/4.8.3/../../../../arm-none-eabi/lib/armv7e-m/fpu\libc.a(lib_a-svfprintf.o) (_malloc_r)
c:/bin/gcc-arm-none-eabi-4_8-131228/bin/../lib/gcc/arm-none-eabi/4.8.3/../../../../arm-none-eabi/lib/armv7e-m/fpu\libc.a(lib_a-memchr-stub.o)
                              c:/bin/gcc-arm-none-eabi-4_8-131228/bin/../lib/gcc/arm-none-eabi/4.8.3/../../../../arm-none-eabi/lib/armv7e-m/fpu\libc.a(lib_a-svfprintf.o) (memchr)
c:/bin/gcc-arm-none-eabi-4_8-131228/bin/../lib/gcc/arm-none-eabi/4.8.3/../../../../arm-none-eabi/lib/armv7e-m/fpu\libc.a(lib_a-memcpy.o)
                              c:/bin/gcc-arm-none-eabi-4_8-131228/bin/../lib/gcc/arm-none-eabi/4.8.3/../../../../arm-none-eabi/lib/armv7e-m/fpu\libc.a(lib_a-dtoa.o) (memcpy)
c:/bin/gcc-arm-none-eabi-4_8-131228/bin/../lib/gcc/arm-none-eabi/4.8.3/../../../../arm-none-eabi/lib/armv7e-m/fpu\libc.a(lib_a-mlock.o)
[...]
Memory Configuration

Name             Origin             Length             Attributes
rom              0x08000000         0x00080000         xr
ram              0x20000000         0x00020000         xrw
*default*        0x00000000         0xffffffff

Linker script and memory map

LOAD ./motion_control.o
LOAD ./gcode.o
LOAD ./spindle_control.o
LOAD ./coolant_control.o
LOAD ./protocol.o
LOAD ./stepper.o
LOAD ./eeprom.o
LOAD ./settings.o
LOAD ./planner.o
LOAD ./nuts_bolts.o
LOAD ./limits.o
LOAD ./print.o
LOAD ./probe.o
LOAD ./report.o
LOAD ./system.o
LOAD ./stm_main.o
LOAD ./serial_stm32.o
LOAD ./delay.o
LOAD ./hw_control.o
LOAD ../libopencm3/lib\libopencm3_stm32f4.a
START GROUP
LOAD c:/bin/gcc-arm-none-eabi-4_8-131228/bin/../lib/gcc/arm-none-eabi/4.8.3/../../../../arm-none-eabi/lib/armv7e-m/fpu\libc.a
LOAD c:/bin/gcc-arm-none-eabi-4_8-131228/bin/../lib/gcc/arm-none-eabi/4.8.3/../../../../arm-none-eabi/lib/armv7e-m/fpu\libm.a
LOAD c:/bin/gcc-arm-none-eabi-4_8-131228/bin/../lib/gcc/arm-none-eabi/4.8.3/armv7e-m/fpu\libgcc.a
LOAD c:/bin/gcc-arm-none-eabi-4_8-131228/bin/../lib/gcc/arm-none-eabi/4.8.3/../../../../arm-none-eabi/lib/armv7e-m/fpu\libnosys.a
END GROUP
START GROUP
LOAD c:/bin/gcc-arm-none-eabi-4_8-131228/bin/../lib/gcc/arm-none-eabi/4.8.3/armv7e-m/fpu\libgcc.a
LOAD c:/bin/gcc-arm-none-eabi-4_8-131228/bin/../lib/gcc/arm-none-eabi/4.8.3/../../../../arm-none-eabi/lib/armv7e-m/fpu\libc.a
END GROUP

.text           0x08000000     0xc130
 *(.vectors)
 .vectors       0x08000000      0x1ac ../libopencm3/lib\libopencm3_stm32f4.a(vector.o)
                0x08000000                vector_table
 *(.text*)
 .text.mc_line  0x080001ac       0x5c ./motion_control.o
                0x080001ac                mc_line
 .text.mc_arc   0x08000208      0x310 ./motion_control.o
                0x08000208                mc_arc
 .text.mc_dwell
                0x08000518       0x8c ./motion_control.o
                0x08000518                mc_dwell
 .text.mc_homing_cycle
                0x080005a4       0x30 ./motion_control.o
                0x080005a4                mc_homing_cycle
 .text.mc_probe_cycle
                0x080005d4       0xd0 ./motion_control.o
                0x080005d4                mc_probe_cycle
 .text.mc_reset
                0x080006a4       0x48 ./motion_control.o
                0x080006a4                mc_reset
 .text.gc_init  0x080006ec       0x2c ./gcode.o
                0x080006ec                gc_init
 .text.gc_sync_position
                0x08000718       0x10 ./gcode.o
                0x08000718                gc_sync_position
 .text.gc_execute_line
                0x08000728      0xe88 ./gcode.o
                0x08000728                gc_execute_line
 .text.spindle_init
                0x080015b0        0x2 ./spindle_control.o
                0x080015b0                spindle_init
 .text.spindle_stop
                0x080015b2        0x2 ./spindle_control.o
                0x080015b2                spindle_stop
 .text.spindle_set_state
                0x080015b4        0x2 ./spindle_control.o
                0x080015b4                spindle_set_state
 *fill*         0x080015b6        0x2 
 .text.spindle_run
                0x080015b8       0x14 ./spindle_control.o
                0x080015b8                spindle_run
 .text.coolant_init
                0x080015cc        0x2 ./coolant_control.o
                0x080015cc                coolant_init
 .text.coolant_stop
                0x080015ce        0x2 ./coolant_control.o
                0x080015ce                coolant_stop
 .text.coolant_set_state
                0x080015d0        0x2 ./coolant_control.o
                0x080015d0                coolant_set_state
 *fill*         0x080015d2        0x2 
 .text.coolant_run
                0x080015d4       0x14 ./coolant_control.o
                0x080015d4                coolant_run
 .text.protocol_execute_realtime
                0x080015e8      0x1d4 ./protocol.o
                0x080015e8                protocol_execute_realtime
 .text.protocol_auto_cycle_start
                0x080017bc       0x10 ./protocol.o
                0x080017bc                protocol_auto_cycle_start
 .text.protocol_main_loop
                0x080017cc       0xec ./protocol.o
                0x080017cc                protocol_main_loop
 .text.protocol_buffer_synchronize
                0x080018b8       0x24 ./protocol.o
                0x080018b8                protocol_buffer_synchronize
 .text.st_wake_up
                0x080018dc       0x44 ./stepper.o
                0x080018dc                st_wake_up
 .text.st_go_idle
                0x08001920       0x38 ./stepper.o
                0x08001920                st_go_idle
 .text.main_step_isr
                0x08001958      0x188 ./stepper.o
                0x08001958                main_step_isr
 .text.st_generate_step_dir_invert_masks
                0x08001ae0       0x60 ./stepper.o
                0x08001ae0                st_generate_step_dir_invert_masks
 .text.st_reset
                0x08001b40       0x58 ./stepper.o
                0x08001b40                st_reset
 .text.stepper_init
                0x08001b98       0x12 ./stepper.o
                0x08001b98                stepper_init
 *fill*         0x08001baa        0x2 
 .text.st_update_plan_block_parameters
                0x08001bac       0x28 ./stepper.o
                0x08001bac                st_update_plan_block_parameters
 *fill*         0x08001bd4        0x4 
 .text.st_prep_buffer
                0x08001bd8      0x6a8 ./stepper.o
                0x08001bd8                st_prep_buffer
 .text.eeprom_get_char
                0x08002280        0x4 ./eeprom.o
                0x08002280                eeprom_get_char
 .text.eeprom_put_char
                0x08002284        0x2 ./eeprom.o
                0x08002284                eeprom_put_char
 .text.memcpy_to_eeprom_with_checksum
                0x08002286        0x2 ./eeprom.o
                0x08002286                memcpy_to_eeprom_with_checksum
 .text.memcpy_from_eeprom_with_checksum
                0x08002288       0x12 ./eeprom.o
                0x08002288                memcpy_from_eeprom_with_checksum
 .text.settings_store_startup_line
                0x0800229a       0x10 ./settings.o
                0x0800229a                settings_store_startup_line
 .text.settings_store_build_info
                0x080022aa        0xc ./settings.o
                0x080022aa                settings_store_build_info
 .text.settings_write_coord_data
                0x080022b6       0x10 ./settings.o
                0x080022b6                settings_write_coord_data
 *fill*         0x080022c6        0x2 
 .text.write_global_settings
                0x080022c8       0x1c ./settings.o
                0x080022c8                write_global_settings
 .text.settings_restore
                0x080022e4       0xd4 ./settings.o
                0x080022e4                settings_restore
 .text.settings_read_startup_line
                0x080023b8       0x2e ./settings.o
                0x080023b8                settings_read_startup_line
 .text.settings_read_build_info
                0x080023e6       0x22 ./settings.o
                0x080023e6                settings_read_build_info
 .text.settings_read_coord_data
                0x08002408       0x36 ./settings.o
                0x08002408                settings_read_coord_data
 *fill*         0x0800243e        0x2 
 .text.read_global_settings
                0x08002440       0x28 ./settings.o
                0x08002440                read_global_settings
 .text.settings_store_global_setting
                0x08002468      0x1dc ./settings.o
                0x08002468                settings_store_global_setting
 .text.settings_init
                0x08002644       0x14 ./settings.o
                0x08002644                settings_init
 .text.get_step_pin_mask
                0x08002658       0x10 ./settings.o
                0x08002658                get_step_pin_mask
 .text.get_direction_pin_mask
                0x08002668       0x10 ./settings.o
                0x08002668                get_direction_pin_mask
 .text.planner_recalculate
                0x08002678      0x158 ./planner.o
 .text.plan_reset
                0x080027d0       0x38 ./planner.o
                0x080027d0                plan_reset
 .text.plan_discard_current_block
                0x08002808       0x34 ./planner.o
                0x08002808                plan_discard_current_block
 .text.plan_get_current_block
                0x0800283c       0x28 ./planner.o
                0x0800283c                plan_get_current_block
 .text.plan_get_exec_block_exit_speed
                0x08002864       0x4c ./planner.o
                0x08002864                plan_get_exec_block_exit_speed
 .text.plan_check_full_buffer
                0x080028b0       0x18 ./planner.o
                0x080028b0                plan_check_full_buffer
 .text.plan_buffer_line
                0x080028c8      0x360 ./planner.o
                0x080028c8                plan_buffer_line
 .text.plan_sync_position
                0x08002c28       0x1c ./planner.o
                0x08002c28                plan_sync_position
 .text.plan_get_block_buffer_count
                0x08002c44       0x1c ./planner.o
                0x08002c44                plan_get_block_buffer_count
 .text.plan_cycle_reinitialize
                0x08002c60       0x20 ./planner.o
                0x08002c60                plan_cycle_reinitialize
 .text.read_float
                0x08002c80      0x110 ./nuts_bolts.o
                0x08002c80                read_float
 .text.hypot_f  0x08002d90       0x28 ./nuts_bolts.o
                0x08002d90                hypot_f
 .text.limit_isr
                0x08002db8       0x20 ./limits.o
                0x08002db8                limit_isr
 .text.limits_go_home
                0x08002dd8      0x204 ./limits.o
                0x08002dd8                limits_go_home
 .text.limits_soft_check
                0x08002fdc       0x98 ./limits.o
                0x08002fdc                limits_soft_check
 .text.printString
                0x08003074       0x12 ./print.o
                0x08003074                printString
 .text.printPgmString
                0x08003086       0x12 ./print.o
                0x08003086                printPgmString
 .text.print_unsigned_int8
                0x08003098       0x44 ./print.o
                0x08003098                print_unsigned_int8
 .text.print_uint8_base2
                0x080030dc        0x8 ./print.o
                0x080030dc                print_uint8_base2
 .text.print_uint8_base10
                0x080030e4       0x16 ./print.o
                0x080030e4                print_uint8_base10
 *fill*         0x080030fa        0x2 
 .text.printFloat
                0x080030fc       0xd0 ./print.o
                0x080030fc                printFloat
 *fill*         0x080031cc        0x4 
 .text.printFloat_CoordValue
                0x080031d0       0x48 ./print.o
                0x080031d0                printFloat_CoordValue
 .text.printFloat_RateValue
                0x08003218       0x48 ./print.o
                0x08003218                printFloat_RateValue
 .text.printFloat_SettingValue
                0x08003260        0x6 ./print.o
                0x08003260                printFloat_SettingValue
 .text.probe_init
                0x08003266        0x2 ./probe.o
                0x08003266                probe_init
 .text.probe_configure_invert_mask
                0x08003268       0x28 ./probe.o
                0x08003268                probe_configure_invert_mask
 .text.probe_get_state
                0x08003290        0x4 ./probe.o
                0x08003290                probe_get_state
 .text.probe_state_monitor
                0x08003294        0xc ./probe.o
                0x08003294                probe_state_monitor
 .text.report_status_message
                0x080032a0       0xcc ./report.o
                0x080032a0                report_status_message
 .text.report_alarm_message
                0x0800336c       0x60 ./report.o
                0x0800336c                report_alarm_message
 .text.report_feedback_message
                0x080033cc       0x70 ./report.o
                0x080033cc                report_feedback_message
 .text.report_init_message
                0x0800343c        0xc ./report.o
                0x0800343c                report_init_message
 .text.report_grbl_help
                0x08003448        0xc ./report.o
                0x08003448                report_grbl_help
 .text.report_grbl_settings
                0x08003454      0x2b0 ./report.o
                0x08003454                report_grbl_settings
 .text.report_probe_parameters
                0x08003704       0x5c ./report.o
                0x08003704                report_probe_parameters
 .text.report_ngc_parameters
                0x08003760       0xd8 ./report.o
                0x08003760                report_ngc_parameters
 .text.report_gcode_modes
                0x08003838      0x18c ./report.o
                0x08003838                report_gcode_modes
 .text.report_startup_line
                0x080039c4       0x34 ./report.o
                0x080039c4                report_startup_line
 .text.report_build_info
                0x080039f8       0x24 ./report.o
                0x080039f8                report_build_info
 .text.report_realtime_status
                0x08003a1c      0x19c ./report.o
                0x08003a1c                report_realtime_status
 .text.system_init
                0x08003bb8        0x2 ./system.o
                0x08003bb8                system_init
 .text.system_check_safety_door_ajar
                0x08003bba        0x4 ./system.o
                0x08003bba                system_check_safety_door_ajar
 .text.system_execute_startup
                0x08003bbe       0x30 ./system.o
                0x08003bbe                system_execute_startup
 *fill*         0x08003bee        0x2 
 .text.system_execute_line
                0x08003bf0      0x284 ./system.o
                0x08003bf0                system_execute_line
 .text.system_convert_axis_steps_to_mpos
                0x08003e74       0x20 ./system.o
                0x08003e74                system_convert_axis_steps_to_mpos
 .text.system_convert_array_steps_to_mpos
                0x08003e94       0x1c ./system.o
                0x08003e94                system_convert_array_steps_to_mpos
 .text.startup.main
                0x08003eb0       0x78 ./stm_main.o
                0x08003eb0                main
 .text.serial_get_rx_buffer_count
                0x08003f28       0x18 ./serial_stm32.o
                0x08003f28                serial_get_rx_buffer_count
 .text.serial_init
                0x08003f40       0xa4 ./serial_stm32.o
                0x08003f40                serial_init
 .text.serial_write
                0x08003fe4       0x44 ./serial_stm32.o
                0x08003fe4                serial_write
 .text.serial_txint
                0x08004028       0x48 ./serial_stm32.o
                0x08004028                serial_txint
 .text.serial_read
                0x08004070       0x30 ./serial_stm32.o
                0x08004070                serial_read
 .text.serial_rxint
                0x080040a0       0x84 ./serial_stm32.o
                0x080040a0                serial_rxint
 .text.usart2_isr
                0x08004124       0x3c ./serial_stm32.o
                0x08004124                usart2_isr
 .text.serial_reset_read_buffer
                0x08004160       0x14 ./serial_stm32.o
                0x08004160                serial_reset_read_buffer
 .text._delay_us
                0x08004174        0xe ./delay.o
                0x08004174                _delay_us
 .text._delay_ms
                0x08004182       0x14 ./delay.o
                0x08004182                _delay_ms
 *fill*         0x08004196        0x2 
 .text.init_step_timer
                0x08004198       0x90 ./hw_control.o
                0x08004198                init_step_timer
 .text.set_step_timer_period
                0x08004228        0xa ./hw_control.o
                0x08004228                set_step_timer_period
 *fill*         0x08004232        0x2 
 .text.enable_step_timer_isr
                0x08004234        0xc ./hw_control.o
                0x08004234                enable_step_timer_isr
 .text.disable_step_timer_isr
                0x08004240        0xc ./hw_control.o
                0x08004240                disable_step_timer_isr
 .text.init_step_pins
                0x0800424c       0x90 ./hw_control.o
                0x0800424c                init_step_pins
 .text.set_step_pins
                0x080042dc       0x50 ./hw_control.o
                0x080042dc                set_step_pins
 .text.set_dir_pins
                0x0800432c       0x50 ./hw_control.o
                0x0800432c                set_dir_pins
 .text.limits_get_state
                0x0800437c       0x38 ./hw_control.o
                0x0800437c                limits_get_state
 .text.limits_init
                0x080043b4       0x4c ./hw_control.o
                0x080043b4                limits_init
 .text.limits_disable
                0x08004400        0xc ./hw_control.o
                0x08004400                limits_disable
 .text.tim2_isr
                0x0800440c       0x40 ./hw_control.o
                0x0800440c                tim2_isr
 .text.spibytes
                0x0800444c       0xf4 ./hw_control.o
                0x0800444c                spibytes
 .text.init_steppers
                0x08004540      0x118 ./hw_control.o
                0x08004540                init_steppers
 .text.printstepperstatus
                0x08004658       0x58 ./hw_control.o
                0x08004658                printstepperstatus
 .text.dma1_stream6_isr
                0x080046b0       0x88 ./hw_control.o
                0x080046b0                dma1_stream6_isr
 .text.rcc_wait_for_osc_ready
                0x08004738       0x4c ../libopencm3/lib\libopencm3_stm32f4.a(rcc.o)
                0x08004738                rcc_wait_for_osc_ready
 .text.rcc_wait_for_sysclk_status
                0x08004784       0x38 ../libopencm3/lib\libopencm3_stm32f4.a(rcc.o)
                0x08004784                rcc_wait_for_sysclk_status
 .text.rcc_osc_on
                0x080047bc       0x44 ../libopencm3/lib\libopencm3_stm32f4.a(rcc.o)
                0x080047bc                rcc_osc_on
 .text.rcc_osc_off
                0x08004800       0x44 ../libopencm3/lib\libopencm3_stm32f4.a(rcc.o)
                0x08004800                rcc_osc_off
 .text.rcc_set_sysclk_source
                0x08004844       0x14 ../libopencm3/lib\libopencm3_stm32f4.a(rcc.o)
                0x08004844                rcc_set_sysclk_source
 .text.rcc_set_ppre2
                0x08004858       0x14 ../libopencm3/lib\libopencm3_stm32f4.a(rcc.o)
                0x08004858                rcc_set_ppre2
 .text.rcc_set_ppre1
                0x0800486c       0x14 ../libopencm3/lib\libopencm3_stm32f4.a(rcc.o)
                0x0800486c                rcc_set_ppre1
 .text.rcc_set_hpre
                0x08004880       0x14 ../libopencm3/lib\libopencm3_stm32f4.a(rcc.o)
                0x08004880                rcc_set_hpre
 .text.rcc_set_main_pll_hse
                0x08004894       0x20 ../libopencm3/lib\libopencm3_stm32f4.a(rcc.o)
                0x08004894                rcc_set_main_pll_hse
 .text.rcc_clock_setup_hse_3v3
                0x080048b4       0x90 ../libopencm3/lib\libopencm3_stm32f4.a(rcc.o)
                0x080048b4                rcc_clock_setup_hse_3v3
 .text.gpio_set
                0x08004944        0x4 ../libopencm3/lib\libopencm3_stm32f4.a(gpio_common_all.o)
                0x08004944                gpio_set
 .text.gpio_clear
                0x08004948        0x6 ../libopencm3/lib\libopencm3_stm32f4.a(gpio_common_all.o)
                0x08004948                gpio_clear
 .text.gpio_get
                0x0800494e        0x6 ../libopencm3/lib\libopencm3_stm32f4.a(gpio_common_all.o)
                0x0800494e                gpio_get
 .text.gpio_mode_setup
                0x08004954       0x44 ../libopencm3/lib\libopencm3_stm32f4.a(gpio_common_f0234.o)
                0x08004954                gpio_mode_setup
 .text.gpio_set_output_options
                0x08004998       0x34 ../libopencm3/lib\libopencm3_stm32f4.a(gpio_common_f0234.o)
                0x08004998                gpio_set_output_options
 .text.gpio_set_af
                0x080049cc       0x50 ../libopencm3/lib\libopencm3_stm32f4.a(gpio_common_f0234.o)
                0x080049cc                gpio_set_af
 .text.timer_reset
                0x08004a1c       0x80 ../libopencm3/lib\libopencm3_stm32f4.a(timer_common_all.o)
                0x08004a1c                timer_reset
 .text.timer_enable_irq
                0x08004a9c        0x8 ../libopencm3/lib\libopencm3_stm32f4.a(timer_common_all.o)
                0x08004a9c                timer_enable_irq
 .text.timer_get_flag
                0x08004aa4        0xc ../libopencm3/lib\libopencm3_stm32f4.a(timer_common_all.o)
                0x08004aa4                timer_get_flag
 .text.timer_clear_flag
                0x08004ab0        0x6 ../libopencm3/lib\libopencm3_stm32f4.a(timer_common_all.o)
                0x08004ab0                timer_clear_flag
 .text.timer_disable_preload
                0x08004ab6        0xa ../libopencm3/lib\libopencm3_stm32f4.a(timer_common_all.o)
                0x08004ab6                timer_disable_preload
 .text.timer_enable_update_event
                0x08004ac0        0xa ../libopencm3/lib\libopencm3_stm32f4.a(timer_common_all.o)
                0x08004ac0                timer_enable_update_event
 .text.timer_enable_counter
                0x08004aca        0xa ../libopencm3/lib\libopencm3_stm32f4.a(timer_common_all.o)
                0x08004aca                timer_enable_counter
 .text.timer_set_prescaler
                0x08004ad4        0x4 ../libopencm3/lib\libopencm3_stm32f4.a(timer_common_all.o)
                0x08004ad4                timer_set_prescaler
 .text.timer_set_period
                0x08004ad8        0x4 ../libopencm3/lib\libopencm3_stm32f4.a(timer_common_all.o)
                0x08004ad8                timer_set_period
 .text.timer_set_oc_value
                0x08004adc       0x20 ../libopencm3/lib\libopencm3_stm32f4.a(timer_common_all.o)
                0x08004adc                timer_set_oc_value
 .text.usart_set_baudrate
                0x08004afc       0x30 ../libopencm3/lib\libopencm3_stm32f4.a(usart_common_all.o)
                0x08004afc                usart_set_baudrate
 .text.usart_set_databits
                0x08004b2c       0x12 ../libopencm3/lib\libopencm3_stm32f4.a(usart_common_all.o)
                0x08004b2c                usart_set_databits
 .text.usart_set_stopbits
                0x08004b3e        0xc ../libopencm3/lib\libopencm3_stm32f4.a(usart_common_all.o)
                0x08004b3e                usart_set_stopbits
 .text.usart_set_parity
                0x08004b4a        0xc ../libopencm3/lib\libopencm3_stm32f4.a(usart_common_all.o)
                0x08004b4a                usart_set_parity
 .text.usart_set_mode
                0x08004b56        0xc ../libopencm3/lib\libopencm3_stm32f4.a(usart_common_all.o)
                0x08004b56                usart_set_mode
 .text.usart_set_flow_control
                0x08004b62        0xc ../libopencm3/lib\libopencm3_stm32f4.a(usart_common_all.o)
                0x08004b62                usart_set_flow_control
 .text.usart_enable
                0x08004b6e        0xa ../libopencm3/lib\libopencm3_stm32f4.a(usart_common_all.o)
                0x08004b6e                usart_enable
 .text.usart_enable_rx_interrupt
                0x08004b78        0xa ../libopencm3/lib\libopencm3_stm32f4.a(usart_common_all.o)
                0x08004b78                usart_enable_rx_interrupt
 .text.usart_enable_tx_interrupt
                0x08004b82        0xa ../libopencm3/lib\libopencm3_stm32f4.a(usart_common_all.o)
                0x08004b82                usart_enable_tx_interrupt
 .text.usart_disable_tx_interrupt
                0x08004b8c        0xa ../libopencm3/lib\libopencm3_stm32f4.a(usart_common_all.o)
                0x08004b8c                usart_disable_tx_interrupt
 .text.usart_send
                0x08004b96        0x8 ../libopencm3/lib\libopencm3_stm32f4.a(usart_common_f124.o)
                0x08004b96                usart_send
 .text.usart_recv
                0x08004b9e        0x8 ../libopencm3/lib\libopencm3_stm32f4.a(usart_common_f124.o)
                0x08004b9e                usart_recv
 *fill*         0x08004ba6        0x2 
 .text.flash_set_ws
                0x08004ba8       0x14 ../libopencm3/lib\libopencm3_stm32f4.a(flash_common_f234.o)
                0x08004ba8                flash_set_ws
 .text.rcc_periph_clock_enable
                0x08004bbc       0x1c ../libopencm3/lib\libopencm3_stm32f4.a(rcc_common_all.o)
                0x08004bbc                rcc_periph_clock_enable
 .text.rcc_periph_reset_pulse
                0x08004bd8       0x24 ../libopencm3/lib\libopencm3_stm32f4.a(rcc_common_all.o)
                0x08004bd8                rcc_periph_reset_pulse
 .text.blocking_handler
                0x08004bfc        0x2 ../libopencm3/lib\libopencm3_stm32f4.a(vector.o)
                0x08004bfc                dma2_stream1_isr
                0x08004bfc                tim8_brk_tim12_isr
                0x08004bfc                dma1_stream7_isr
                0x08004bfc                usart3_isr
                0x08004bfc                tim7_isr
                0x08004bfc                dma2d_isr
                0x08004bfc                uart8_isr
                0x08004bfc                dma1_stream2_isr
                0x08004bfc                otg_hs_isr
                0x08004bfc                blocking_handler
                0x08004bfc                tim5_isr
                0x08004bfc                rtc_wkup_isr
                0x08004bfc                otg_fs_isr
                0x08004bfc                spi1_isr
                0x08004bfc                i2c3_er_isr
                0x08004bfc                exti2_isr
                0x08004bfc                spi5_isr
                0x08004bfc                usb_fs_wkup_isr
                0x08004bfc                tamp_stamp_isr
                0x08004bfc                can1_rx1_isr
                0x08004bfc                dma2_stream0_isr
                0x08004bfc                usart1_isr
                0x08004bfc                i2c3_ev_isr
                0x08004bfc                usage_fault_handler
                0x08004bfc                can2_rx0_isr
                0x08004bfc                can2_rx1_isr
                0x08004bfc                can1_sce_isr
                0x08004bfc                tim1_cc_isr
                0x08004bfc                can1_tx_isr
                0x08004bfc                tim1_up_tim10_isr
                0x08004bfc                sdio_isr
                0x08004bfc                eth_isr
                0x08004bfc                spi6_isr
                0x08004bfc                dma2_stream5_isr
                0x08004bfc                pvd_isr
                0x08004bfc                can1_rx0_isr
                0x08004bfc                rcc_isr
                0x08004bfc                dma2_stream3_isr
                0x08004bfc                flash_isr
                0x08004bfc                uart4_isr
                0x08004bfc                lcd_tft_isr
                0x08004bfc                rtc_alarm_isr
                0x08004bfc                exti15_10_isr
                0x08004bfc                hash_rng_isr
                0x08004bfc                tim1_trg_com_tim11_isr
                0x08004bfc                hard_fault_handler
                0x08004bfc                exti1_isr
                0x08004bfc                i2c1_ev_isr
                0x08004bfc                usart6_isr
                0x08004bfc                spi2_isr
                0x08004bfc                cryp_isr
                0x08004bfc                nvic_wwdg_isr
                0x08004bfc                dma1_stream1_isr
                0x08004bfc                dma2_stream4_isr
                0x08004bfc                exti3_isr
                0x08004bfc                tim3_isr
                0x08004bfc                sai1_isr
                0x08004bfc                fpu_isr
                0x08004bfc                dma1_stream4_isr
                0x08004bfc                i2c2_er_isr
                0x08004bfc                i2c2_ev_isr
                0x08004bfc                uart5_isr
                0x08004bfc                dma2_stream6_isr
                0x08004bfc                spi4_isr
                0x08004bfc                adc_isr
                0x08004bfc                dma2_stream7_isr
                0x08004bfc                tim8_up_tim13_isr
                0x08004bfc                fsmc_isr
                0x08004bfc                exti4_isr
                0x08004bfc                tim6_dac_isr
                0x08004bfc                dma1_stream3_isr
                0x08004bfc                tim8_trg_com_tim14_isr
                0x08004bfc                mem_manage_handler
                0x08004bfc                lcd_tft_err_isr
                0x08004bfc                can2_tx_isr
                0x08004bfc                exti9_5_isr
                0x08004bfc                tim1_brk_tim9_isr
                0x08004bfc                uart7_isr
                0x08004bfc                can2_sce_isr
                0x08004bfc                tim4_isr
                0x08004bfc                otg_hs_wkup_isr
                0x08004bfc                i2c1_er_isr
                0x08004bfc                dma1_stream0_isr
                0x08004bfc                tim8_cc_isr
                0x08004bfc                dcmi_isr
                0x08004bfc                dma2_stream2_isr
                0x08004bfc                eth_wkup_isr
                0x08004bfc                bus_fault_handler
                0x08004bfc                otg_hs_ep1_out_isr
                0x08004bfc                spi3_isr
                0x08004bfc                dma1_stream5_isr
                0x08004bfc                otg_hs_ep1_in_isr
                0x08004bfc                exti0_isr
 .text.null_handler
                0x08004bfe        0x2 ../libopencm3/lib\libopencm3_stm32f4.a(vector.o)
                0x08004bfe                sv_call_handler
                0x08004bfe                pend_sv_handler
                0x08004bfe                debug_monitor_handler
                0x08004bfe                sys_tick_handler
                0x08004bfe                nmi_handler
                0x08004bfe                null_handler
 .text.reset_handler
                0x08004c00       0x90 ../libopencm3/lib\libopencm3_stm32f4.a(vector.o)
                0x08004c00                reset_handler
 .text.nvic_enable_irq
                0x08004c90       0x1c ../libopencm3/lib\libopencm3_stm32f4.a(nvic.o)
                0x08004c90                nvic_enable_irq
 .text.nvic_set_pending_irq
                0x08004cac       0x1c ../libopencm3/lib\libopencm3_stm32f4.a(nvic.o)
                0x08004cac                nvic_set_pending_irq
 .text.nvic_clear_pending_irq
                0x08004cc8       0x1c ../libopencm3/lib\libopencm3_stm32f4.a(nvic.o)
                0x08004cc8                nvic_clear_pending_irq
 .text.nvic_set_priority
                0x08004ce4       0x20 ../libopencm3/lib\libopencm3_stm32f4.a(nvic.o)
                0x08004ce4                nvic_set_priority
 .text.pwr_set_vos_scale
                0x08004d04       0x20 ../libopencm3/lib\libopencm3_stm32f4.a(pwr.o)
                0x08004d04                pwr_set_vos_scale
 .text.memset   0x08004d24       0x94 c:/bin/gcc-arm-none-eabi-4_8-131228/bin/../lib/gcc/arm-none-eabi/4.8.3/../../../../arm-none-eabi/lib/armv7e-m/fpu\libc.a(lib_a-memset.o)
                0x08004d24                memset
 .text.sprintf  0x08004db8       0x4c c:/bin/gcc-arm-none-eabi-4_8-131228/bin/../lib/gcc/arm-none-eabi/4.8.3/../../../../arm-none-eabi/lib/armv7e-m/fpu\libc.a(lib_a-sprintf.o)
                0x08004db8                sprintf
 *fill*         0x08004e04        0x4 
 .text._svfprintf_r
                0x08004e08     0x13c0 c:/bin/gcc-arm-none-eabi-4_8-131228/bin/../lib/gcc/arm-none-eabi/4.8.3/../../../../arm-none-eabi/lib/armv7e-m/fpu\libc.a(lib_a-svfprintf.o)
                0x08004e08                _svfprintf_r
 .text.quorem   0x080061c8      0x130 c:/bin/gcc-arm-none-eabi-4_8-131228/bin/../lib/gcc/arm-none-eabi/4.8.3/../../../../arm-none-eabi/lib/armv7e-m/fpu\libc.a(lib_a-dtoa.o)
 .text._dtoa_r  0x080062f8      0xe80 c:/bin/gcc-arm-none-eabi-4_8-131228/bin/../lib/gcc/arm-none-eabi/4.8.3/../../../../arm-none-eabi/lib/armv7e-m/fpu\libc.a(lib_a-dtoa.o)
                0x080062f8                _dtoa_r
 .text._malloc_trim_r
                0x08007178       0x9c c:/bin/gcc-arm-none-eabi-4_8-131228/bin/../lib/gcc/arm-none-eabi/4.8.3/../../../../arm-none-eabi/lib/armv7e-m/fpu\libc.a(lib_a-freer.o)
                0x08007178                _malloc_trim_r
 .text._free_r  0x08007214      0x19c c:/bin/gcc-arm-none-eabi-4_8-131228/bin/../lib/gcc/arm-none-eabi/4.8.3/../../../../arm-none-eabi/lib/armv7e-m/fpu\libc.a(lib_a-freer.o)
                0x08007214                _free_r
 .text._localeconv_r
                0x080073b0        0x8 c:/bin/gcc-arm-none-eabi-4_8-131228/bin/../lib/gcc/arm-none-eabi/4.8.3/../../../../arm-none-eabi/lib/armv7e-m/fpu\libc.a(lib_a-locale.o)
                0x080073b0                _localeconv_r
 .text.malloc   0x080073b8       0x10 c:/bin/gcc-arm-none-eabi-4_8-131228/bin/../lib/gcc/arm-none-eabi/4.8.3/../../../../arm-none-eabi/lib/armv7e-m/fpu\libc.a(lib_a-malloc.o)
                0x080073b8                malloc
 .text._malloc_r
                0x080073c8      0x538 c:/bin/gcc-arm-none-eabi-4_8-131228/bin/../lib/gcc/arm-none-eabi/4.8.3/../../../../arm-none-eabi/lib/armv7e-m/fpu\libc.a(lib_a-mallocr.o)
                0x080073c8                _malloc_r
 .text.memchr   0x08007900       0x90 c:/bin/gcc-arm-none-eabi-4_8-131228/bin/../lib/gcc/arm-none-eabi/4.8.3/../../../../arm-none-eabi/lib/armv7e-m/fpu\libc.a(lib_a-memchr-stub.o)
                0x08007900                memchr
 .text          0x08007990      0x134 c:/bin/gcc-arm-none-eabi-4_8-131228/bin/../lib/gcc/arm-none-eabi/4.8.3/../../../../arm-none-eabi/lib/armv7e-m/fpu\libc.a(lib_a-memcpy.o)
                0x08007990                memcpy
 .text.__malloc_lock
                0x08007ac4        0x4 c:/bin/gcc-arm-none-eabi-4_8-131228/bin/../lib/gcc/arm-none-eabi/4.8.3/../../../../arm-none-eabi/lib/armv7e-m/fpu\libc.a(lib_a-mlock.o)
                0x08007ac4                __malloc_lock
 .text.__malloc_unlock
                0x08007ac8        0x4 c:/bin/gcc-arm-none-eabi-4_8-131228/bin/../lib/gcc/arm-none-eabi/4.8.3/../../../../arm-none-eabi/lib/armv7e-m/fpu\libc.a(lib_a-mlock.o)
                0x08007ac8                __malloc_unlock
 .text._Balloc  0x08007acc       0x68 c:/bin/gcc-arm-none-eabi-4_8-131228/bin/../lib/gcc/arm-none-eabi/4.8.3/../../../../arm-none-eabi/lib/armv7e-m/fpu\libc.a(lib_a-mprec.o)
                0x08007acc                _Balloc
 .text._Bfree   0x08007b34       0x38 c:/bin/gcc-arm-none-eabi-4_8-131228/bin/../lib/gcc/arm-none-eabi/4.8.3/../../../../arm-none-eabi/lib/armv7e-m/fpu\libc.a(lib_a-mprec.o)
                0x08007b34                _Bfree
 .text.__multadd
                0x08007b6c       0x8c c:/bin/gcc-arm-none-eabi-4_8-131228/bin/../lib/gcc/arm-none-eabi/4.8.3/../../../../arm-none-eabi/lib/armv7e-m/fpu\libc.a(lib_a-mprec.o)
                0x08007b6c                __multadd
 .text.__hi0bits
                0x08007bf8       0x40 c:/bin/gcc-arm-none-eabi-4_8-131228/bin/../lib/gcc/arm-none-eabi/4.8.3/../../../../arm-none-eabi/lib/armv7e-m/fpu\libc.a(lib_a-mprec.o)
                0x08007bf8                __hi0bits
 .text.__lo0bits
                0x08007c38       0x5c c:/bin/gcc-arm-none-eabi-4_8-131228/bin/../lib/gcc/arm-none-eabi/4.8.3/../../../../arm-none-eabi/lib/armv7e-m/fpu\libc.a(lib_a-mprec.o)
                0x08007c38                __lo0bits
 .text.__i2b    0x08007c94       0x14 c:/bin/gcc-arm-none-eabi-4_8-131228/bin/../lib/gcc/arm-none-eabi/4.8.3/../../../../arm-none-eabi/lib/armv7e-m/fpu\libc.a(lib_a-mprec.o)
                0x08007c94                __i2b
 .text.__multiply
                0x08007ca8      0x13c c:/bin/gcc-arm-none-eabi-4_8-131228/bin/../lib/gcc/arm-none-eabi/4.8.3/../../../../arm-none-eabi/lib/armv7e-m/fpu\libc.a(lib_a-mprec.o)
                0x08007ca8                __multiply
 .text.__pow5mult
                0x08007de4       0xb8 c:/bin/gcc-arm-none-eabi-4_8-131228/bin/../lib/gcc/arm-none-eabi/4.8.3/../../../../arm-none-eabi/lib/armv7e-m/fpu\libc.a(lib_a-mprec.o)
                0x08007de4                __pow5mult
 .text.__lshift
                0x08007e9c       0xb8 c:/bin/gcc-arm-none-eabi-4_8-131228/bin/../lib/gcc/arm-none-eabi/4.8.3/../../../../arm-none-eabi/lib/armv7e-m/fpu\libc.a(lib_a-mprec.o)
                0x08007e9c                __lshift
 .text.__mcmp   0x08007f54       0x48 c:/bin/gcc-arm-none-eabi-4_8-131228/bin/../lib/gcc/arm-none-eabi/4.8.3/../../../../arm-none-eabi/lib/armv7e-m/fpu\libc.a(lib_a-mprec.o)
                0x08007f54                __mcmp
 .text.__mdiff  0x08007f9c       0xd4 c:/bin/gcc-arm-none-eabi-4_8-131228/bin/../lib/gcc/arm-none-eabi/4.8.3/../../../../arm-none-eabi/lib/armv7e-m/fpu\libc.a(lib_a-mprec.o)
                0x08007f9c                __mdiff
 .text.__d2b    0x08008070       0xb4 c:/bin/gcc-arm-none-eabi-4_8-131228/bin/../lib/gcc/arm-none-eabi/4.8.3/../../../../arm-none-eabi/lib/armv7e-m/fpu\libc.a(lib_a-mprec.o)
                0x08008070                __d2b
 .text.__fpclassifyd
                0x08008124       0x54 c:/bin/gcc-arm-none-eabi-4_8-131228/bin/../lib/gcc/arm-none-eabi/4.8.3/../../../../arm-none-eabi/lib/armv7e-m/fpu\libc.a(lib_a-s_fpclassify.o)
                0x08008124                __fpclassifyd
 .text.frexp    0x08008178       0x6c c:/bin/gcc-arm-none-eabi-4_8-131228/bin/../lib/gcc/arm-none-eabi/4.8.3/../../../../arm-none-eabi/lib/armv7e-m/fpu\libc.a(lib_a-s_frexp.o)
                0x08008178                frexp
 .text._sbrk_r  0x080081e4       0x24 c:/bin/gcc-arm-none-eabi-4_8-131228/bin/../lib/gcc/arm-none-eabi/4.8.3/../../../../arm-none-eabi/lib/armv7e-m/fpu\libc.a(lib_a-sbrkr.o)
                0x080081e4                _sbrk_r
 .text.strlen   0x08008208       0x60 c:/bin/gcc-arm-none-eabi-4_8-131228/bin/../lib/gcc/arm-none-eabi/4.8.3/../../../../arm-none-eabi/lib/armv7e-m/fpu\libc.a(lib_a-strlen.o)
                0x08008208                strlen
 .text.strncpy  0x08008268       0x64 c:/bin/gcc-arm-none-eabi-4_8-131228/bin/../lib/gcc/arm-none-eabi/4.8.3/../../../../arm-none-eabi/lib/armv7e-m/fpu\libc.a(lib_a-strncpy.o)
                0x08008268                strncpy
 .text.__ssputs_r
                0x080082cc       0xc8 c:/bin/gcc-arm-none-eabi-4_8-131228/bin/../lib/gcc/arm-none-eabi/4.8.3/../../../../arm-none-eabi/lib/armv7e-m/fpu\libc.a(lib_a-svfiprintf.o)
                0x080082cc                __ssputs_r
 .text._calloc_r
                0x08008394       0x60 c:/bin/gcc-arm-none-eabi-4_8-131228/bin/../lib/gcc/arm-none-eabi/4.8.3/../../../../arm-none-eabi/lib/armv7e-m/fpu\libc.a(lib_a-callocr.o)
                0x08008394                _calloc_r
 .text.memmove  0x080083f4       0xc0 c:/bin/gcc-arm-none-eabi-4_8-131228/bin/../lib/gcc/arm-none-eabi/4.8.3/../../../../arm-none-eabi/lib/armv7e-m/fpu\libc.a(lib_a-memmove.o)
                0x080083f4                memmove
 .text._realloc_r
                0x080084b4      0x3cc c:/bin/gcc-arm-none-eabi-4_8-131228/bin/../lib/gcc/arm-none-eabi/4.8.3/../../../../arm-none-eabi/lib/armv7e-m/fpu\libc.a(lib_a-reallocr.o)
                0x080084b4                _realloc_r
 .text.ceil     0x08008880      0x130 c:/bin/gcc-arm-none-eabi-4_8-131228/bin/../lib/gcc/arm-none-eabi/4.8.3/../../../../arm-none-eabi/lib/armv7e-m/fpu\libm.a(lib_a-s_ceil.o)
                0x08008880                ceil
 .text.cos      0x080089b0       0xa8 c:/bin/gcc-arm-none-eabi-4_8-131228/bin/../lib/gcc/arm-none-eabi/4.8.3/../../../../arm-none-eabi/lib/armv7e-m/fpu\libm.a(lib_a-s_cos.o)
                0x080089b0                cos
 .text.floor    0x08008a58      0x138 c:/bin/gcc-arm-none-eabi-4_8-131228/bin/../lib/gcc/arm-none-eabi/4.8.3/../../../../arm-none-eabi/lib/armv7e-m/fpu\libm.a(lib_a-s_floor.o)
                0x08008a58                floor
 .text.lround   0x08008b90       0x9c c:/bin/gcc-arm-none-eabi-4_8-131228/bin/../lib/gcc/arm-none-eabi/4.8.3/../../../../arm-none-eabi/lib/armv7e-m/fpu\libm.a(lib_a-s_lround.o)
                0x08008b90                lround
 .text.round    0x08008c2c       0x98 c:/bin/gcc-arm-none-eabi-4_8-131228/bin/../lib/gcc/arm-none-eabi/4.8.3/../../../../arm-none-eabi/lib/armv7e-m/fpu\libm.a(lib_a-s_round.o)
                0x08008c2c                round
 *fill*         0x08008cc4        0x4 
 .text.sin      0x08008cc8       0xb0 c:/bin/gcc-arm-none-eabi-4_8-131228/bin/../lib/gcc/arm-none-eabi/4.8.3/../../../../arm-none-eabi/lib/armv7e-m/fpu\libm.a(lib_a-s_sin.o)
                0x08008cc8                sin
 .text.trunc    0x08008d78       0x70 c:/bin/gcc-arm-none-eabi-4_8-131228/bin/../lib/gcc/arm-none-eabi/4.8.3/../../../../arm-none-eabi/lib/armv7e-m/fpu\libm.a(lib_a-s_trunc.o)
                0x08008d78                trunc
 .text.atan2    0x08008de8        0x4 c:/bin/gcc-arm-none-eabi-4_8-131228/bin/../lib/gcc/arm-none-eabi/4.8.3/../../../../arm-none-eabi/lib/armv7e-m/fpu\libm.a(lib_a-w_atan2.o)
                0x08008de8                atan2
 .text.sqrt     0x08008dec       0xbc c:/bin/gcc-arm-none-eabi-4_8-131228/bin/../lib/gcc/arm-none-eabi/4.8.3/../../../../arm-none-eabi/lib/armv7e-m/fpu\libm.a(lib_a-w_sqrt.o)
                0x08008dec                sqrt
 .text.__ieee754_atan2
                0x08008ea8      0x1e8 c:/bin/gcc-arm-none-eabi-4_8-131228/bin/../lib/gcc/arm-none-eabi/4.8.3/../../../../arm-none-eabi/lib/armv7e-m/fpu\libm.a(lib_a-e_atan2.o)
                0x08008ea8                __ieee754_atan2
 .text.__ieee754_rem_pio2
                0x08009090      0x450 c:/bin/gcc-arm-none-eabi-4_8-131228/bin/../lib/gcc/arm-none-eabi/4.8.3/../../../../arm-none-eabi/lib/armv7e-m/fpu\libm.a(lib_a-e_rem_pio2.o)
                0x08009090                __ieee754_rem_pio2
 .text.__ieee754_sqrt
                0x080094e0      0x198 c:/bin/gcc-arm-none-eabi-4_8-131228/bin/../lib/gcc/arm-none-eabi/4.8.3/../../../../arm-none-eabi/lib/armv7e-m/fpu\libm.a(lib_a-e_sqrt.o)
                0x080094e0                __ieee754_sqrt
 .text.__kernel_cos
                0x08009678      0x280 c:/bin/gcc-arm-none-eabi-4_8-131228/bin/../lib/gcc/arm-none-eabi/4.8.3/../../../../arm-none-eabi/lib/armv7e-m/fpu\libm.a(lib_a-k_cos.o)
                0x08009678                __kernel_cos
 .text.__kernel_rem_pio2
                0x080098f8      0x798 c:/bin/gcc-arm-none-eabi-4_8-131228/bin/../lib/gcc/arm-none-eabi/4.8.3/../../../../arm-none-eabi/lib/armv7e-m/fpu\libm.a(lib_a-k_rem_pio2.o)
                0x080098f8                __kernel_rem_pio2
 .text.__kernel_sin
                0x0800a090      0x190 c:/bin/gcc-arm-none-eabi-4_8-131228/bin/../lib/gcc/arm-none-eabi/4.8.3/../../../../arm-none-eabi/lib/armv7e-m/fpu\libm.a(lib_a-k_sin.o)
                0x0800a090                __kernel_sin
 .text.atan     0x0800a220      0x378 c:/bin/gcc-arm-none-eabi-4_8-131228/bin/../lib/gcc/arm-none-eabi/4.8.3/../../../../arm-none-eabi/lib/armv7e-m/fpu\libm.a(lib_a-s_atan.o)
                0x0800a220                atan
 .text.fabs     0x0800a598       0x14 c:/bin/gcc-arm-none-eabi-4_8-131228/bin/../lib/gcc/arm-none-eabi/4.8.3/../../../../arm-none-eabi/lib/armv7e-m/fpu\libm.a(lib_a-s_fabs.o)
                0x0800a598                fabs
 .text.matherr  0x0800a5ac        0x4 c:/bin/gcc-arm-none-eabi-4_8-131228/bin/../lib/gcc/arm-none-eabi/4.8.3/../../../../arm-none-eabi/lib/armv7e-m/fpu\libm.a(lib_a-s_matherr.o)
                0x0800a5ac                matherr
 .text.scalbn   0x0800a5b0      0x120 c:/bin/gcc-arm-none-eabi-4_8-131228/bin/../lib/gcc/arm-none-eabi/4.8.3/../../../../arm-none-eabi/lib/armv7e-m/fpu\libm.a(lib_a-s_scalbn.o)
                0x0800a5b0                scalbn
 .text.copysign
                0x0800a6d0       0x24 c:/bin/gcc-arm-none-eabi-4_8-131228/bin/../lib/gcc/arm-none-eabi/4.8.3/../../../../arm-none-eabi/lib/armv7e-m/fpu\libm.a(lib_a-s_copysign.o)
                0x0800a6d0                copysign
 .text          0x0800a6f4      0x370 c:/bin/gcc-arm-none-eabi-4_8-131228/bin/../lib/gcc/arm-none-eabi/4.8.3/armv7e-m/fpu\libgcc.a(_arm_addsubdf3.o)
                0x0800a6f4                __aeabi_drsub
                0x0800a6fc                __aeabi_dsub
                0x0800a6fc                __subdf3
                0x0800a700                __aeabi_dadd
                0x0800a700                __adddf3
                0x0800a978                __floatunsidf
                0x0800a978                __aeabi_ui2d
                0x0800a998                __floatsidf
                0x0800a998                __aeabi_i2d
                0x0800a9bc                __aeabi_f2d
                0x0800a9bc                __extendsfdf2
                0x0800a9f8                __floatundidf
                0x0800a9f8                __aeabi_ul2d
                0x0800aa08                __floatdidf
                0x0800aa08                __aeabi_l2d
 .text          0x0800aa64      0x424 c:/bin/gcc-arm-none-eabi-4_8-131228/bin/../lib/gcc/arm-none-eabi/4.8.3/armv7e-m/fpu\libgcc.a(_arm_muldivdf3.o)
                0x0800aa64                __aeabi_dmul
                0x0800aa64                __muldf3
                0x0800acb8                __divdf3
                0x0800acb8                __aeabi_ddiv
 .text          0x0800ae88      0x110 c:/bin/gcc-arm-none-eabi-4_8-131228/bin/../lib/gcc/arm-none-eabi/4.8.3/armv7e-m/fpu\libgcc.a(_arm_cmpdf2.o)
                0x0800ae88                __gtdf2
                0x0800ae88                __gedf2
                0x0800ae90                __ltdf2
                0x0800ae90                __ledf2
                0x0800ae98                __nedf2
                0x0800ae98                __eqdf2
                0x0800ae98                __cmpdf2
                0x0800af14                __aeabi_cdrcmple
                0x0800af24                __aeabi_cdcmpeq
                0x0800af24                __aeabi_cdcmple
                0x0800af34                __aeabi_dcmpeq
                0x0800af48                __aeabi_dcmplt
                0x0800af5c                __aeabi_dcmple
                0x0800af70                __aeabi_dcmpge
                0x0800af84                __aeabi_dcmpgt
 .text          0x0800af98       0x50 c:/bin/gcc-arm-none-eabi-4_8-131228/bin/../lib/gcc/arm-none-eabi/4.8.3/armv7e-m/fpu\libgcc.a(_arm_fixdfsi.o)
                0x0800af98                __aeabi_d2iz
                0x0800af98                __fixdfsi
 .text          0x0800afe8       0x40 c:/bin/gcc-arm-none-eabi-4_8-131228/bin/../lib/gcc/arm-none-eabi/4.8.3/armv7e-m/fpu\libgcc.a(_arm_fixunsdfsi.o)
                0x0800afe8                __aeabi_d2uiz
                0x0800afe8                __fixunsdfsi
 .text          0x0800b028       0xa0 c:/bin/gcc-arm-none-eabi-4_8-131228/bin/../lib/gcc/arm-none-eabi/4.8.3/armv7e-m/fpu\libgcc.a(_arm_truncdfsf2.o)
                0x0800b028                __truncdfsf2
                0x0800b028                __aeabi_d2f
 .text          0x0800b0c8       0x2c c:/bin/gcc-arm-none-eabi-4_8-131228/bin/../lib/gcc/arm-none-eabi/4.8.3/armv7e-m/fpu\libgcc.a(_aeabi_uldivmod.o)
                0x0800b0c8                __aeabi_uldivmod
 .text          0x0800b0f4       0x60 c:/bin/gcc-arm-none-eabi-4_8-131228/bin/../lib/gcc/arm-none-eabi/4.8.3/armv7e-m/fpu\libgcc.a(bpabi.o)
                0x0800b0f4                __gnu_ldivmod_helper
                0x0800b124                __gnu_uldivmod_helper
 .text          0x0800b154        0x4 c:/bin/gcc-arm-none-eabi-4_8-131228/bin/../lib/gcc/arm-none-eabi/4.8.3/armv7e-m/fpu\libgcc.a(_dvmd_tls.o)
                0x0800b154                __aeabi_idiv0
                0x0800b154                __aeabi_ldiv0
 .text          0x0800b158      0x298 c:/bin/gcc-arm-none-eabi-4_8-131228/bin/../lib/gcc/arm-none-eabi/4.8.3/armv7e-m/fpu\libgcc.a(_divdi3.o)
                0x0800b158                __divdi3
 .text          0x0800b3f0      0x284 c:/bin/gcc-arm-none-eabi-4_8-131228/bin/../lib/gcc/arm-none-eabi/4.8.3/armv7e-m/fpu\libgcc.a(_udivdi3.o)
                0x0800b3f0                __udivdi3
 .text._sbrk    0x0800b674       0x1c c:/bin/gcc-arm-none-eabi-4_8-131228/bin/../lib/gcc/arm-none-eabi/4.8.3/../../../../arm-none-eabi/lib/armv7e-m/fpu\libnosys.a(sbrk.o)
                0x0800b674                _sbrk
 .text.__errno  0x0800b690        0xc c:/bin/gcc-arm-none-eabi-4_8-131228/bin/../lib/gcc/arm-none-eabi/4.8.3/../../../../arm-none-eabi/lib/armv7e-m/fpu\libc.a(lib_a-errno.o)
                0x0800b690                __errno
                0x0800b69c                . = ALIGN (0x4)
 *(.rodata*)
 .rodata.str1.1
                0x0800b69c      0x6a6 ./report.o
                                0x6b5 (size before relaxing)
 *fill*         0x0800bd42        0x2 
 .rodata.hse_8mhz_3v3_100mhz
                0x0800bd44       0x18 ./stm_main.o
                0x0800bd44                hse_8mhz_3v3_100mhz
 .rodata.str1.1
                0x0800bd5c       0x29 ./hw_control.o
 *fill*         0x0800bd85        0x3 
 .rodata.zeroes.6774
                0x0800bd88       0x10 c:/bin/gcc-arm-none-eabi-4_8-131228/bin/../lib/gcc/arm-none-eabi/4.8.3/../../../../arm-none-eabi/lib/armv7e-m/fpu\libc.a(lib_a-svfprintf.o)
 .rodata.str1.4
                0x0800bd98       0x42 c:/bin/gcc-arm-none-eabi-4_8-131228/bin/../lib/gcc/arm-none-eabi/4.8.3/../../../../arm-none-eabi/lib/armv7e-m/fpu\libc.a(lib_a-svfprintf.o)
                                 0x44 (size before relaxing)
 *fill*         0x0800bdda        0x2 
 .rodata.blanks.6773
                0x0800bddc       0x10 c:/bin/gcc-arm-none-eabi-4_8-131228/bin/../lib/gcc/arm-none-eabi/4.8.3/../../../../arm-none-eabi/lib/armv7e-m/fpu\libc.a(lib_a-svfprintf.o)
 .rodata.str1.4
                0x0800bdec       0x10 c:/bin/gcc-arm-none-eabi-4_8-131228/bin/../lib/gcc/arm-none-eabi/4.8.3/../../../../arm-none-eabi/lib/armv7e-m/fpu\libc.a(lib_a-dtoa.o)
                                 0x14 (size before relaxing)
 .rodata.str1.4
                0x0800bdfc        0x2 c:/bin/gcc-arm-none-eabi-4_8-131228/bin/../lib/gcc/arm-none-eabi/4.8.3/../../../../arm-none-eabi/lib/armv7e-m/fpu\libc.a(lib_a-impure.o)
                                  0x4 (size before relaxing)
 *fill*         0x0800bdfe        0x2 
 .rodata.str1.4
                0x0800be00        0xa c:/bin/gcc-arm-none-eabi-4_8-131228/bin/../lib/gcc/arm-none-eabi/4.8.3/../../../../arm-none-eabi/lib/armv7e-m/fpu\libc.a(lib_a-locale.o)
                                 0x14 (size before relaxing)
 *fill*         0x0800be0a        0x6 
 .rodata.__mprec_tens
                0x0800be10       0xc8 c:/bin/gcc-arm-none-eabi-4_8-131228/bin/../lib/gcc/arm-none-eabi/4.8.3/../../../../arm-none-eabi/lib/armv7e-m/fpu\libc.a(lib_a-mprec.o)
                0x0800be10                __mprec_tens
 .rodata.__mprec_bigtens
                0x0800bed8       0x28 c:/bin/gcc-arm-none-eabi-4_8-131228/bin/../lib/gcc/arm-none-eabi/4.8.3/../../../../arm-none-eabi/lib/armv7e-m/fpu\libc.a(lib_a-mprec.o)
                0x0800bed8                __mprec_bigtens
 .rodata.p05.5277
                0x0800bf00        0xc c:/bin/gcc-arm-none-eabi-4_8-131228/bin/../lib/gcc/arm-none-eabi/4.8.3/../../../../arm-none-eabi/lib/armv7e-m/fpu\libc.a(lib_a-mprec.o)
 .rodata.str1.4
                0x0800bf0c        0x8 c:/bin/gcc-arm-none-eabi-4_8-131228/bin/../lib/gcc/arm-none-eabi/4.8.3/../../../../arm-none-eabi/lib/armv7e-m/fpu\libm.a(lib_a-w_sqrt.o)
 .rodata.npio2_hw
                0x0800bf14       0x80 c:/bin/gcc-arm-none-eabi-4_8-131228/bin/../lib/gcc/arm-none-eabi/4.8.3/../../../../arm-none-eabi/lib/armv7e-m/fpu\libm.a(lib_a-e_rem_pio2.o)
 .rodata.two_over_pi
                0x0800bf94      0x108 c:/bin/gcc-arm-none-eabi-4_8-131228/bin/../lib/gcc/arm-none-eabi/4.8.3/../../../../arm-none-eabi/lib/armv7e-m/fpu\libm.a(lib_a-e_rem_pio2.o)
 .rodata.init_jk
                0x0800c09c       0x10 c:/bin/gcc-arm-none-eabi-4_8-131228/bin/../lib/gcc/arm-none-eabi/4.8.3/../../../../arm-none-eabi/lib/armv7e-m/fpu\libm.a(lib_a-k_rem_pio2.o)
 *fill*         0x0800c0ac        0x4 
 .rodata.PIo2   0x0800c0b0       0x40 c:/bin/gcc-arm-none-eabi-4_8-131228/bin/../lib/gcc/arm-none-eabi/4.8.3/../../../../arm-none-eabi/lib/armv7e-m/fpu\libm.a(lib_a-k_rem_pio2.o)
 .rodata.atanlo
                0x0800c0f0       0x20 c:/bin/gcc-arm-none-eabi-4_8-131228/bin/../lib/gcc/arm-none-eabi/4.8.3/../../../../arm-none-eabi/lib/armv7e-m/fpu\libm.a(lib_a-s_atan.o)
 .rodata.atanhi
                0x0800c110       0x20 c:/bin/gcc-arm-none-eabi-4_8-131228/bin/../lib/gcc/arm-none-eabi/4.8.3/../../../../arm-none-eabi/lib/armv7e-m/fpu\libm.a(lib_a-s_atan.o)
                0x0800c130                . = ALIGN (0x4)

.glue_7         0x0800c130        0x0
 .glue_7        0x00000000        0x0 linker stubs

.glue_7t        0x0800c130        0x0
 .glue_7t       0x00000000        0x0 linker stubs

.vfp11_veneer   0x0800c130        0x0
 .vfp11_veneer  0x00000000        0x0 linker stubs

.v4_bx          0x0800c130        0x0
 .v4_bx         0x00000000        0x0 linker stubs

.iplt           0x0800c130        0x0
 .iplt          0x00000000        0x0 ./motion_control.o

.preinit_array  0x0800c130        0x0
                0x0800c130                . = ALIGN (0x4)
                0x0800c130                __preinit_array_start = .
 *(.preinit_array)
                0x0800c130                __preinit_array_end = .

.init_array     0x0800c130        0x0
                0x0800c130                . = ALIGN (0x4)
                0x0800c130                __init_array_start = .
 *(SORT(.init_array.*))
 *(.init_array)
                0x0800c130                __init_array_end = .

.fini_array     0x0800c130        0x0
                0x0800c130                . = ALIGN (0x4)
                0x0800c130                __fini_array_start = .
 *(.fini_array)
 *(SORT(.fini_array.*))
                0x0800c130                __fini_array_end = .

.ARM.extab
 *(.ARM.extab*)

.ARM.exidx      0x0800c130        0x8
                0x0800c130                __exidx_start = .
 *(.ARM.exidx*)
 .ARM.exidx     0x0800c130        0x8 c:/bin/gcc-arm-none-eabi-4_8-131228/bin/../lib/gcc/arm-none-eabi/4.8.3/armv7e-m/fpu\libgcc.a(_divdi3.o)
 .ARM.exidx     0x0800c138        0x0 c:/bin/gcc-arm-none-eabi-4_8-131228/bin/../lib/gcc/arm-none-eabi/4.8.3/armv7e-m/fpu\libgcc.a(_udivdi3.o)
                                  0x8 (size before relaxing)
                0x0800c138                __exidx_end = .

.rel.dyn        0x0800c138        0x0
 .rel.iplt      0x00000000        0x0 ./motion_control.o
                0x0800c138                . = ALIGN (0x4)
                0x0800c138                _etext = .

.data           0x20000000      0x4b8 load address 0x0800c138
                0x20000000                _data = .
 *(.data*)
 .data.rcc_apb1_frequency
                0x20000000        0x4 ../libopencm3/lib\libopencm3_stm32f4.a(rcc.o)
                0x20000000                rcc_apb1_frequency
 .data.rcc_apb2_frequency
                0x20000004        0x4 ../libopencm3/lib\libopencm3_stm32f4.a(rcc.o)
                0x20000004                rcc_apb2_frequency
 .data.impure_data
                0x20000008       0x60 c:/bin/gcc-arm-none-eabi-4_8-131228/bin/../lib/gcc/arm-none-eabi/4.8.3/../../../../arm-none-eabi/lib/armv7e-m/fpu\libc.a(lib_a-impure.o)
 .data._impure_ptr
                0x20000068        0x4 c:/bin/gcc-arm-none-eabi-4_8-131228/bin/../lib/gcc/arm-none-eabi/4.8.3/../../../../arm-none-eabi/lib/armv7e-m/fpu\libc.a(lib_a-impure.o)
                0x20000068                _impure_ptr
 .data.lconv    0x2000006c       0x38 c:/bin/gcc-arm-none-eabi-4_8-131228/bin/../lib/gcc/arm-none-eabi/4.8.3/../../../../arm-none-eabi/lib/armv7e-m/fpu\libc.a(lib_a-locale.o)
 .data.__malloc_av_
                0x200000a4      0x408 c:/bin/gcc-arm-none-eabi-4_8-131228/bin/../lib/gcc/arm-none-eabi/4.8.3/../../../../arm-none-eabi/lib/armv7e-m/fpu\libc.a(lib_a-mallocr.o)
                0x200000a4                __malloc_av_
 .data.__malloc_trim_threshold
                0x200004ac        0x4 c:/bin/gcc-arm-none-eabi-4_8-131228/bin/../lib/gcc/arm-none-eabi/4.8.3/../../../../arm-none-eabi/lib/armv7e-m/fpu\libc.a(lib_a-mallocr.o)
                0x200004ac                __malloc_trim_threshold
 .data.__malloc_sbrk_base
                0x200004b0        0x4 c:/bin/gcc-arm-none-eabi-4_8-131228/bin/../lib/gcc/arm-none-eabi/4.8.3/../../../../arm-none-eabi/lib/armv7e-m/fpu\libc.a(lib_a-mallocr.o)
                0x200004b0                __malloc_sbrk_base
 .data.__fdlib_version
                0x200004b4        0x1 c:/bin/gcc-arm-none-eabi-4_8-131228/bin/../lib/gcc/arm-none-eabi/4.8.3/../../../../arm-none-eabi/lib/armv7e-m/fpu\libm.a(lib_a-s_lib_ver.o)
                0x200004b4                __fdlib_version
                0x200004b8                . = ALIGN (0x4)
 *fill*         0x200004b5        0x3 
                0x200004b8                _edata = .
                0x0800c138                _data_loadaddr = LOADADDR (.data)

.igot.plt       0x200004b8        0x0 load address 0x0800c5f0
 .igot.plt      0x00000000        0x0 ./motion_control.o

.bss            0x200004b8      0xa2c load address 0x0800c5f0
 *(.bss*)
 .bss.gc_state  0x200004b8       0x44 ./gcode.o
                0x200004b8                gc_state
 .bss.gc_block  0x200004fc       0x40 ./gcode.o
                0x200004fc                gc_block
 .bss.line      0x2000053c       0x50 ./protocol.o
 .bss.segment_buffer
                0x2000058c       0x30 ./stepper.o
 .bss.step_port_invert_mask
                0x200005bc        0x1 ./stepper.o
 .bss.segment_next_head
                0x200005bd        0x1 ./stepper.o
 *fill*         0x200005be        0x2 
 .bss.st        0x200005c0       0x28 ./stepper.o
 .bss.prep      0x200005e8       0x30 ./stepper.o
 .bss.busy      0x20000618        0x1 ./stepper.o
 *fill*         0x20000619        0x3 
 .bss.pl_block  0x2000061c        0x4 ./stepper.o
 .bss.segment_buffer_tail
                0x20000620        0x1 ./stepper.o
 *fill*         0x20000621        0x3 
 .bss.st_prep_block
                0x20000624        0x4 ./stepper.o
 .bss.segment_buffer_head
                0x20000628        0x1 ./stepper.o
 .bss.dir_port_invert_mask
                0x20000629        0x1 ./stepper.o
 *fill*         0x2000062a        0x2 
 .bss.st_block_buffer
                0x2000062c       0x64 ./stepper.o
 .bss.settings  0x20000690       0x54 ./settings.o
                0x20000690                settings
 .bss.block_buffer_planned
                0x200006e4        0x1 ./planner.o
 .bss.block_buffer_head
                0x200006e5        0x1 ./planner.o
 *fill*         0x200006e6        0x2 
 .bss.block_buffer
                0x200006e8      0x318 ./planner.o
 .bss.pl        0x20000a00       0x1c ./planner.o
 .bss.next_buffer_head
                0x20000a1c        0x1 ./planner.o
 .bss.block_buffer_tail
                0x20000a1d        0x1 ./planner.o
 .bss.probe_invert_mask
                0x20000a1e        0x1 ./probe.o
                0x20000a1e                probe_invert_mask
 *fill*         0x20000a1f        0x1 
 .bss.sys       0x20000a20       0x28 ./stm_main.o
                0x20000a20                sys
 .bss.serial_tx_buffer_head
                0x20000a48        0x4 ./serial_stm32.o
                0x20000a48                serial_tx_buffer_head
 .bss.serial_rx_buffer_tail
                0x20000a4c        0x4 ./serial_stm32.o
                0x20000a4c                serial_rx_buffer_tail
 .bss.serial_tx_buffer
                0x20000a50       0x40 ./serial_stm32.o
                0x20000a50                serial_tx_buffer
 .bss.serial_rx_buffer_head
                0x20000a90        0x4 ./serial_stm32.o
                0x20000a90                serial_rx_buffer_head
 .bss.serial_rx_buffer
                0x20000a94      0x400 ./serial_stm32.o
                0x20000a94                serial_rx_buffer
 .bss.serial_tx_buffer_tail
                0x20000e94        0x4 ./serial_stm32.o
                0x20000e94                serial_tx_buffer_tail
 .bss.newlimits
                0x20000e98        0x1 ./hw_control.o
                0x20000e98                newlimits
 *fill*         0x20000e99        0x3 
 .bss.limits_enabled
                0x20000e9c        0x4 ./hw_control.o
                0x20000e9c                limits_enabled
 .bss.oldlimits
                0x20000ea0        0x1 ./hw_control.o
                0x20000ea0                oldlimits
 *fill*         0x20000ea1        0x3 
 .bss.timerrunning
                0x20000ea4        0x4 ./hw_control.o
                0x20000ea4                timerrunning
 .bss.__malloc_max_total_mem
                0x20000ea8        0x4 c:/bin/gcc-arm-none-eabi-4_8-131228/bin/../lib/gcc/arm-none-eabi/4.8.3/../../../../arm-none-eabi/lib/armv7e-m/fpu\libc.a(lib_a-mallocr.o)
                0x20000ea8                __malloc_max_total_mem
 .bss.__malloc_max_sbrked_mem
                0x20000eac        0x4 c:/bin/gcc-arm-none-eabi-4_8-131228/bin/../lib/gcc/arm-none-eabi/4.8.3/../../../../arm-none-eabi/lib/armv7e-m/fpu\libc.a(lib_a-mallocr.o)
                0x20000eac                __malloc_max_sbrked_mem
 .bss.__malloc_top_pad
                0x20000eb0        0x4 c:/bin/gcc-arm-none-eabi-4_8-131228/bin/../lib/gcc/arm-none-eabi/4.8.3/../../../../arm-none-eabi/lib/armv7e-m/fpu\libc.a(lib_a-mallocr.o)
                0x20000eb0                __malloc_top_pad
 .bss.__malloc_current_mallinfo
                0x20000eb4       0x28 c:/bin/gcc-arm-none-eabi-4_8-131228/bin/../lib/gcc/arm-none-eabi/4.8.3/../../../../arm-none-eabi/lib/armv7e-m/fpu\libc.a(lib_a-mallocr.o)
                0x20000eb4                __malloc_current_mallinfo
 .bss.heap_end.4061
                0x20000edc        0x4 c:/bin/gcc-arm-none-eabi-4_8-131228/bin/../lib/gcc/arm-none-eabi/4.8.3/../../../../arm-none-eabi/lib/armv7e-m/fpu\libnosys.a(sbrk.o)
 *(COMMON)
 COMMON         0x20000ee0        0x4 c:/bin/gcc-arm-none-eabi-4_8-131228/bin/../lib/gcc/arm-none-eabi/4.8.3/../../../../arm-none-eabi/lib/armv7e-m/fpu\libc.a(lib_a-reent.o)
                0x20000ee0                errno
                0x20000ee4                . = ALIGN (0x4)
                0x20000ee4                _ebss = .

/DISCARD/
 *(.eh_frame)
                0x20000ee4                . = ALIGN (0x4)
                0x20000ee4                end = .
                0x20020000                PROVIDE (_stack, (ORIGIN (ram) + 0x20000))
OUTPUT(stm_main.elf elf32-littlearm)

.debug_info     0x00000000    0x1bf11
 .debug_info    0x00000000      0x8ed ./motion_control.o
 .debug_info    0x000008ed      0xa47 ./gcode.o
 .debug_info    0x00001334      0x21b ./spindle_control.o
 .debug_info    0x0000154f      0x1f9 ./coolant_control.o
 .debug_info    0x00001748      0x6e1 ./protocol.o
 .debug_info    0x00001e29      0xa5d ./stepper.o
 .debug_info    0x00002886      0x16d ./eeprom.o
 .debug_info    0x000029f3      0x7b5 ./settings.o
 .debug_info    0x000031a8      0x80f ./planner.o
 .debug_info    0x000039b7      0x1f5 ./nuts_bolts.o
 .debug_info    0x00003bac      0x569 ./limits.o
 .debug_info    0x00004115      0x52b ./print.o
 .debug_info    0x00004640      0x2e9 ./probe.o
 .debug_info    0x00004929     0x103f ./report.o
 .debug_info    0x00005968      0x789 ./system.o
 .debug_info    0x000060f1      0x550 ./stm_main.o
 .debug_info    0x00006641      0xb34 ./serial_stm32.o
 .debug_info    0x00007175       0x96 ./delay.o
 .debug_info    0x0000720b     0x1520 ./hw_control.o
 .debug_info    0x0000872b      0x7f3 ../libopencm3/lib\libopencm3_stm32f4.a(rcc.o)
 .debug_info    0x00008f1e      0x22c ../libopencm3/lib\libopencm3_stm32f4.a(gpio_common_all.o)
 .debug_info    0x0000914a      0x1eb ../libopencm3/lib\libopencm3_stm32f4.a(gpio_common_f0234.o)
 .debug_info    0x00009335     0x11d5 ../libopencm3/lib\libopencm3_stm32f4.a(timer_common_all.o)
 .debug_info    0x0000a50a      0x4cf ../libopencm3/lib\libopencm3_stm32f4.a(usart_common_all.o)
 .debug_info    0x0000a9d9      0x1bb ../libopencm3/lib\libopencm3_stm32f4.a(usart_common_f124.o)
 .debug_info    0x0000ab94      0x11f ../libopencm3/lib\libopencm3_stm32f4.a(flash_common_f234.o)
 .debug_info    0x0000acb3      0x7cc ../libopencm3/lib\libopencm3_stm32f4.a(rcc_common_all.o)
 .debug_info    0x0000b47f      0x2b3 ../libopencm3/lib\libopencm3_stm32f4.a(vector.o)
 .debug_info    0x0000b732      0x214 ../libopencm3/lib\libopencm3_stm32f4.a(nvic.o)
 .debug_info    0x0000b946       0xc5 ../libopencm3/lib\libopencm3_stm32f4.a(pwr.o)
 .debug_info    0x0000ba0b      0x113 c:/bin/gcc-arm-none-eabi-4_8-131228/bin/../lib/gcc/arm-none-eabi/4.8.3/../../../../arm-none-eabi/lib/armv7e-m/fpu\libc.a(lib_a-memset.o)
 .debug_info    0x0000bb1e      0x89a c:/bin/gcc-arm-none-eabi-4_8-131228/bin/../lib/gcc/arm-none-eabi/4.8.3/../../../../arm-none-eabi/lib/armv7e-m/fpu\libc.a(lib_a-sprintf.o)
 .debug_info    0x0000c3b8     0x1813 c:/bin/gcc-arm-none-eabi-4_8-131228/bin/../lib/gcc/arm-none-eabi/4.8.3/../../../../arm-none-eabi/lib/armv7e-m/fpu\libc.a(lib_a-svfprintf.o)
 .debug_info    0x0000dbcb     0x125b c:/bin/gcc-arm-none-eabi-4_8-131228/bin/../lib/gcc/arm-none-eabi/4.8.3/../../../../arm-none-eabi/lib/armv7e-m/fpu\libc.a(lib_a-dtoa.o)
 .debug_info    0x0000ee26      0xac6 c:/bin/gcc-arm-none-eabi-4_8-131228/bin/../lib/gcc/arm-none-eabi/4.8.3/../../../../arm-none-eabi/lib/armv7e-m/fpu\libc.a(lib_a-freer.o)
 .debug_info    0x0000f8ec      0x7cf c:/bin/gcc-arm-none-eabi-4_8-131228/bin/../lib/gcc/arm-none-eabi/4.8.3/../../../../arm-none-eabi/lib/armv7e-m/fpu\libc.a(lib_a-impure.o)
 .debug_info    0x000100bb      0xa91 c:/bin/gcc-arm-none-eabi-4_8-131228/bin/../lib/gcc/arm-none-eabi/4.8.3/../../../../arm-none-eabi/lib/armv7e-m/fpu\libc.a(lib_a-locale.o)
 .debug_info    0x00010b4c      0x7bd c:/bin/gcc-arm-none-eabi-4_8-131228/bin/../lib/gcc/arm-none-eabi/4.8.3/../../../../arm-none-eabi/lib/armv7e-m/fpu\libc.a(lib_a-malloc.o)
 .debug_info    0x00011309      0xc2d c:/bin/gcc-arm-none-eabi-4_8-131228/bin/../lib/gcc/arm-none-eabi/4.8.3/../../../../arm-none-eabi/lib/armv7e-m/fpu\libc.a(lib_a-mallocr.o)
 .debug_info    0x00011f36      0x125 c:/bin/gcc-arm-none-eabi-4_8-131228/bin/../lib/gcc/arm-none-eabi/4.8.3/../../../../arm-none-eabi/lib/armv7e-m/fpu\libc.a(lib_a-memchr-stub.o)
 .debug_info    0x0001205b       0xef c:/bin/gcc-arm-none-eabi-4_8-131228/bin/../lib/gcc/arm-none-eabi/4.8.3/../../../../arm-none-eabi/lib/armv7e-m/fpu\libc.a(lib_a-memcpy.o)
 .debug_info    0x0001214a      0x75c c:/bin/gcc-arm-none-eabi-4_8-131228/bin/../lib/gcc/arm-none-eabi/4.8.3/../../../../arm-none-eabi/lib/armv7e-m/fpu\libc.a(lib_a-mlock.o)
 .debug_info    0x000128a6     0x15ce c:/bin/gcc-arm-none-eabi-4_8-131228/bin/../lib/gcc/arm-none-eabi/4.8.3/../../../../arm-none-eabi/lib/armv7e-m/fpu\libc.a(lib_a-mprec.o)
 .debug_info    0x00013e74      0x146 c:/bin/gcc-arm-none-eabi-4_8-131228/bin/../lib/gcc/arm-none-eabi/4.8.3/../../../../arm-none-eabi/lib/armv7e-m/fpu\libc.a(lib_a-s_fpclassify.o)
 .debug_info    0x00013fba      0x1b9 c:/bin/gcc-arm-none-eabi-4_8-131228/bin/../lib/gcc/arm-none-eabi/4.8.3/../../../../arm-none-eabi/lib/armv7e-m/fpu\libc.a(lib_a-s_frexp.o)
 .debug_info    0x00014173      0x79c c:/bin/gcc-arm-none-eabi-4_8-131228/bin/../lib/gcc/arm-none-eabi/4.8.3/../../../../arm-none-eabi/lib/armv7e-m/fpu\libc.a(lib_a-sbrkr.o)
 .debug_info    0x0001490f       0xb1 c:/bin/gcc-arm-none-eabi-4_8-131228/bin/../lib/gcc/arm-none-eabi/4.8.3/../../../../arm-none-eabi/lib/armv7e-m/fpu\libc.a(lib_a-strlen.o)
 .debug_info    0x000149c0      0x124 c:/bin/gcc-arm-none-eabi-4_8-131228/bin/../lib/gcc/arm-none-eabi/4.8.3/../../../../arm-none-eabi/lib/armv7e-m/fpu\libc.a(lib_a-strncpy.o)
 .debug_info    0x00014ae4     0x117a c:/bin/gcc-arm-none-eabi-4_8-131228/bin/../lib/gcc/arm-none-eabi/4.8.3/../../../../arm-none-eabi/lib/armv7e-m/fpu\libc.a(lib_a-svfiprintf.o)
 .debug_info    0x00015c5e      0x88c c:/bin/gcc-arm-none-eabi-4_8-131228/bin/../lib/gcc/arm-none-eabi/4.8.3/../../../../arm-none-eabi/lib/armv7e-m/fpu\libc.a(lib_a-callocr.o)
 .debug_info    0x000164ea      0x12d c:/bin/gcc-arm-none-eabi-4_8-131228/bin/../lib/gcc/arm-none-eabi/4.8.3/../../../../arm-none-eabi/lib/armv7e-m/fpu\libc.a(lib_a-memmove.o)
 .debug_info    0x00016617      0xb6a c:/bin/gcc-arm-none-eabi-4_8-131228/bin/../lib/gcc/arm-none-eabi/4.8.3/../../../../arm-none-eabi/lib/armv7e-m/fpu\libc.a(lib_a-reallocr.o)
 .debug_info    0x00017181      0x8f7 c:/bin/gcc-arm-none-eabi-4_8-131228/bin/../lib/gcc/arm-none-eabi/4.8.3/../../../../arm-none-eabi/lib/armv7e-m/fpu\libc.a(lib_a-reent.o)
 .debug_info    0x00017a78      0x1a5 c:/bin/gcc-arm-none-eabi-4_8-131228/bin/../lib/gcc/arm-none-eabi/4.8.3/../../../../arm-none-eabi/lib/armv7e-m/fpu\libm.a(lib_a-s_ceil.o)
 .debug_info    0x00017c1d      0x23b c:/bin/gcc-arm-none-eabi-4_8-131228/bin/../lib/gcc/arm-none-eabi/4.8.3/../../../../arm-none-eabi/lib/armv7e-m/fpu\libm.a(lib_a-s_cos.o)
 .debug_info    0x00017e58      0x1a5 c:/bin/gcc-arm-none-eabi-4_8-131228/bin/../lib/gcc/arm-none-eabi/4.8.3/../../../../arm-none-eabi/lib/armv7e-m/fpu\libm.a(lib_a-s_floor.o)
 .debug_info    0x00017ffd      0x196 c:/bin/gcc-arm-none-eabi-4_8-131228/bin/../lib/gcc/arm-none-eabi/4.8.3/../../../../arm-none-eabi/lib/armv7e-m/fpu\libm.a(lib_a-s_lround.o)
 .debug_info    0x00018193      0x1bb c:/bin/gcc-arm-none-eabi-4_8-131228/bin/../lib/gcc/arm-none-eabi/4.8.3/../../../../arm-none-eabi/lib/armv7e-m/fpu\libm.a(lib_a-s_round.o)
 .debug_info    0x0001834e      0x246 c:/bin/gcc-arm-none-eabi-4_8-131228/bin/../lib/gcc/arm-none-eabi/4.8.3/../../../../arm-none-eabi/lib/armv7e-m/fpu\libm.a(lib_a-s_sin.o)
 .debug_info    0x00018594      0x1b8 c:/bin/gcc-arm-none-eabi-4_8-131228/bin/../lib/gcc/arm-none-eabi/4.8.3/../../../../arm-none-eabi/lib/armv7e-m/fpu\libm.a(lib_a-s_trunc.o)
 .debug_info    0x0001874c       0xff c:/bin/gcc-arm-none-eabi-4_8-131228/bin/../lib/gcc/arm-none-eabi/4.8.3/../../../../arm-none-eabi/lib/armv7e-m/fpu\libm.a(lib_a-w_atan2.o)
 .debug_info    0x0001884b      0x217 c:/bin/gcc-arm-none-eabi-4_8-131228/bin/../lib/gcc/arm-none-eabi/4.8.3/../../../../arm-none-eabi/lib/armv7e-m/fpu\libm.a(lib_a-w_sqrt.o)
 .debug_info    0x00018a62      0x2ca c:/bin/gcc-arm-none-eabi-4_8-131228/bin/../lib/gcc/arm-none-eabi/4.8.3/../../../../arm-none-eabi/lib/armv7e-m/fpu\libm.a(lib_a-e_atan2.o)
 .debug_info    0x00018d2c      0x3fb c:/bin/gcc-arm-none-eabi-4_8-131228/bin/../lib/gcc/arm-none-eabi/4.8.3/../../../../arm-none-eabi/lib/armv7e-m/fpu\libm.a(lib_a-e_rem_pio2.o)
 .debug_info    0x00019127      0x22d c:/bin/gcc-arm-none-eabi-4_8-131228/bin/../lib/gcc/arm-none-eabi/4.8.3/../../../../arm-none-eabi/lib/armv7e-m/fpu\libm.a(lib_a-e_sqrt.o)
 .debug_info    0x00019354      0x21c c:/bin/gcc-arm-none-eabi-4_8-131228/bin/../lib/gcc/arm-none-eabi/4.8.3/../../../../arm-none-eabi/lib/armv7e-m/fpu\libm.a(lib_a-k_cos.o)
 .debug_info    0x00019570      0x3a6 c:/bin/gcc-arm-none-eabi-4_8-131228/bin/../lib/gcc/arm-none-eabi/4.8.3/../../../../arm-none-eabi/lib/armv7e-m/fpu\libm.a(lib_a-k_rem_pio2.o)
 .debug_info    0x00019916      0x194 c:/bin/gcc-arm-none-eabi-4_8-131228/bin/../lib/gcc/arm-none-eabi/4.8.3/../../../../arm-none-eabi/lib/armv7e-m/fpu\libm.a(lib_a-k_sin.o)
 .debug_info    0x00019aaa      0x24c c:/bin/gcc-arm-none-eabi-4_8-131228/bin/../lib/gcc/arm-none-eabi/4.8.3/../../../../arm-none-eabi/lib/armv7e-m/fpu\libm.a(lib_a-s_atan.o)
 .debug_info    0x00019cf6      0x151 c:/bin/gcc-arm-none-eabi-4_8-131228/bin/../lib/gcc/arm-none-eabi/4.8.3/../../../../arm-none-eabi/lib/armv7e-m/fpu\libm.a(lib_a-s_fabs.o)
 .debug_info    0x00019e47       0xba c:/bin/gcc-arm-none-eabi-4_8-131228/bin/../lib/gcc/arm-none-eabi/4.8.3/../../../../arm-none-eabi/lib/armv7e-m/fpu\libm.a(lib_a-s_lib_ver.o)
 .debug_info    0x00019f01      0x125 c:/bin/gcc-arm-none-eabi-4_8-131228/bin/../lib/gcc/arm-none-eabi/4.8.3/../../../../arm-none-eabi/lib/armv7e-m/fpu\libm.a(lib_a-s_matherr.o)
 .debug_info    0x0001a026      0x265 c:/bin/gcc-arm-none-eabi-4_8-131228/bin/../lib/gcc/arm-none-eabi/4.8.3/../../../../arm-none-eabi/lib/armv7e-m/fpu\libm.a(lib_a-s_scalbn.o)
 .debug_info    0x0001a28b      0x18d c:/bin/gcc-arm-none-eabi-4_8-131228/bin/../lib/gcc/arm-none-eabi/4.8.3/../../../../arm-none-eabi/lib/armv7e-m/fpu\libm.a(lib_a-s_copysign.o)
 .debug_info    0x0001a418       0xd5 c:/bin/gcc-arm-none-eabi-4_8-131228/bin/../lib/gcc/arm-none-eabi/4.8.3/armv7e-m/fpu\libgcc.a(_arm_addsubdf3.o)
 .debug_info    0x0001a4ed       0xd5 c:/bin/gcc-arm-none-eabi-4_8-131228/bin/../lib/gcc/arm-none-eabi/4.8.3/armv7e-m/fpu\libgcc.a(_arm_muldivdf3.o)
 .debug_info    0x0001a5c2       0xd5 c:/bin/gcc-arm-none-eabi-4_8-131228/bin/../lib/gcc/arm-none-eabi/4.8.3/armv7e-m/fpu\libgcc.a(_arm_cmpdf2.o)
 .debug_info    0x0001a697       0xd5 c:/bin/gcc-arm-none-eabi-4_8-131228/bin/../lib/gcc/arm-none-eabi/4.8.3/armv7e-m/fpu\libgcc.a(_arm_fixdfsi.o)
 .debug_info    0x0001a76c       0xd5 c:/bin/gcc-arm-none-eabi-4_8-131228/bin/../lib/gcc/arm-none-eabi/4.8.3/armv7e-m/fpu\libgcc.a(_arm_fixunsdfsi.o)
 .debug_info    0x0001a841       0xd5 c:/bin/gcc-arm-none-eabi-4_8-131228/bin/../lib/gcc/arm-none-eabi/4.8.3/armv7e-m/fpu\libgcc.a(_arm_truncdfsf2.o)
 .debug_info    0x0001a916       0xd0 c:/bin/gcc-arm-none-eabi-4_8-131228/bin/../lib/gcc/arm-none-eabi/4.8.3/armv7e-m/fpu\libgcc.a(_aeabi_uldivmod.o)
 .debug_info    0x0001a9e6      0x160 c:/bin/gcc-arm-none-eabi-4_8-131228/bin/../lib/gcc/arm-none-eabi/4.8.3/armv7e-m/fpu\libgcc.a(bpabi.o)
 .debug_info    0x0001ab46       0xd4 c:/bin/gcc-arm-none-eabi-4_8-131228/bin/../lib/gcc/arm-none-eabi/4.8.3/armv7e-m/fpu\libgcc.a(_dvmd_tls.o)
 .debug_info    0x0001ac1a      0x5b3 c:/bin/gcc-arm-none-eabi-4_8-131228/bin/../lib/gcc/arm-none-eabi/4.8.3/armv7e-m/fpu\libgcc.a(_divdi3.o)
 .debug_info    0x0001b1cd      0x57e c:/bin/gcc-arm-none-eabi-4_8-131228/bin/../lib/gcc/arm-none-eabi/4.8.3/armv7e-m/fpu\libgcc.a(_udivdi3.o)
 .debug_info    0x0001b74b       0x95 c:/bin/gcc-arm-none-eabi-4_8-131228/bin/../lib/gcc/arm-none-eabi/4.8.3/../../../../arm-none-eabi/lib/armv7e-m/fpu\libnosys.a(sbrk.o)
 .debug_info    0x0001b7e0      0x731 c:/bin/gcc-arm-none-eabi-4_8-131228/bin/../lib/gcc/arm-none-eabi/4.8.3/../../../../arm-none-eabi/lib/armv7e-m/fpu\libc.a(lib_a-errno.o)

.debug_abbrev   0x00000000     0x6b75
 .debug_abbrev  0x00000000      0x243 ./motion_control.o
 .debug_abbrev  0x00000243      0x266 ./gcode.o
 .debug_abbrev  0x000004a9      0x154 ./spindle_control.o
 .debug_abbrev  0x000005fd      0x138 ./coolant_control.o
 .debug_abbrev  0x00000735      0x1da ./protocol.o
 .debug_abbrev  0x0000090f      0x221 ./stepper.o
 .debug_abbrev  0x00000b30       0xfc ./eeprom.o
 .debug_abbrev  0x00000c2c      0x267 ./settings.o
 .debug_abbrev  0x00000e93      0x2f4 ./planner.o
 .debug_abbrev  0x00001187       0xbd ./nuts_bolts.o
 .debug_abbrev  0x00001244      0x1e9 ./limits.o
 .debug_abbrev  0x0000142d      0x18c ./print.o
 .debug_abbrev  0x000015b9       0xff ./probe.o
 .debug_abbrev  0x000016b8      0x23d ./report.o
 .debug_abbrev  0x000018f5      0x246 ./system.o
 .debug_abbrev  0x00001b3b      0x1c3 ./stm_main.o
 .debug_abbrev  0x00001cfe      0x1df ./serial_stm32.o
 .debug_abbrev  0x00001edd       0x91 ./delay.o
 .debug_abbrev  0x00001f6e      0x233 ./hw_control.o
 .debug_abbrev  0x000021a1      0x289 ../libopencm3/lib\libopencm3_stm32f4.a(rcc.o)
 .debug_abbrev  0x0000242a      0x10e ../libopencm3/lib\libopencm3_stm32f4.a(gpio_common_all.o)
 .debug_abbrev  0x00002538       0xb7 ../libopencm3/lib\libopencm3_stm32f4.a(gpio_common_f0234.o)
 .debug_abbrev  0x000025ef      0x15c ../libopencm3/lib\libopencm3_stm32f4.a(timer_common_all.o)
 .debug_abbrev  0x0000274b      0x12b ../libopencm3/lib\libopencm3_stm32f4.a(usart_common_all.o)
 .debug_abbrev  0x00002876       0xb7 ../libopencm3/lib\libopencm3_stm32f4.a(usart_common_f124.o)
 .debug_abbrev  0x0000292d       0x8a ../libopencm3/lib\libopencm3_stm32f4.a(flash_common_f234.o)
 .debug_abbrev  0x000029b7       0xc1 ../libopencm3/lib\libopencm3_stm32f4.a(rcc_common_all.o)
 .debug_abbrev  0x00002a78      0x13a ../libopencm3/lib\libopencm3_stm32f4.a(vector.o)
 .debug_abbrev  0x00002bb2       0xa6 ../libopencm3/lib\libopencm3_stm32f4.a(nvic.o)
 .debug_abbrev  0x00002c58       0x77 ../libopencm3/lib\libopencm3_stm32f4.a(pwr.o)
 .debug_abbrev  0x00002ccf       0x9d c:/bin/gcc-arm-none-eabi-4_8-131228/bin/../lib/gcc/arm-none-eabi/4.8.3/../../../../arm-none-eabi/lib/armv7e-m/fpu\libc.a(lib_a-memset.o)
 .debug_abbrev  0x00002d6c      0x1bd c:/bin/gcc-arm-none-eabi-4_8-131228/bin/../lib/gcc/arm-none-eabi/4.8.3/../../../../arm-none-eabi/lib/armv7e-m/fpu\libc.a(lib_a-sprintf.o)
 .debug_abbrev  0x00002f29      0x330 c:/bin/gcc-arm-none-eabi-4_8-131228/bin/../lib/gcc/arm-none-eabi/4.8.3/../../../../arm-none-eabi/lib/armv7e-m/fpu\libc.a(lib_a-svfprintf.o)
 .debug_abbrev  0x00003259      0x288 c:/bin/gcc-arm-none-eabi-4_8-131228/bin/../lib/gcc/arm-none-eabi/4.8.3/../../../../arm-none-eabi/lib/armv7e-m/fpu\libc.a(lib_a-dtoa.o)
 .debug_abbrev  0x000034e1      0x220 c:/bin/gcc-arm-none-eabi-4_8-131228/bin/../lib/gcc/arm-none-eabi/4.8.3/../../../../arm-none-eabi/lib/armv7e-m/fpu\libc.a(lib_a-freer.o)
 .debug_abbrev  0x00003701      0x134 c:/bin/gcc-arm-none-eabi-4_8-131228/bin/../lib/gcc/arm-none-eabi/4.8.3/../../../../arm-none-eabi/lib/armv7e-m/fpu\libc.a(lib_a-impure.o)
 .debug_abbrev  0x00003835      0x248 c:/bin/gcc-arm-none-eabi-4_8-131228/bin/../lib/gcc/arm-none-eabi/4.8.3/../../../../arm-none-eabi/lib/armv7e-m/fpu\libc.a(lib_a-locale.o)
 .debug_abbrev  0x00003a7d      0x19d c:/bin/gcc-arm-none-eabi-4_8-131228/bin/../lib/gcc/arm-none-eabi/4.8.3/../../../../arm-none-eabi/lib/armv7e-m/fpu\libc.a(lib_a-malloc.o)
 .debug_abbrev  0x00003c1a      0x238 c:/bin/gcc-arm-none-eabi-4_8-131228/bin/../lib/gcc/arm-none-eabi/4.8.3/../../../../arm-none-eabi/lib/armv7e-m/fpu\libc.a(lib_a-mallocr.o)
 .debug_abbrev  0x00003e52       0xb8 c:/bin/gcc-arm-none-eabi-4_8-131228/bin/../lib/gcc/arm-none-eabi/4.8.3/../../../../arm-none-eabi/lib/armv7e-m/fpu\libc.a(lib_a-memchr-stub.o)
 .debug_abbrev  0x00003f0a       0x14 c:/bin/gcc-arm-none-eabi-4_8-131228/bin/../lib/gcc/arm-none-eabi/4.8.3/../../../../arm-none-eabi/lib/armv7e-m/fpu\libc.a(lib_a-memcpy.o)
 .debug_abbrev  0x00003f1e      0x13d c:/bin/gcc-arm-none-eabi-4_8-131228/bin/../lib/gcc/arm-none-eabi/4.8.3/../../../../arm-none-eabi/lib/armv7e-m/fpu\libc.a(lib_a-mlock.o)
 .debug_abbrev  0x0000405b      0x346 c:/bin/gcc-arm-none-eabi-4_8-131228/bin/../lib/gcc/arm-none-eabi/4.8.3/../../../../arm-none-eabi/lib/armv7e-m/fpu\libc.a(lib_a-mprec.o)
 .debug_abbrev  0x000043a1       0xc8 c:/bin/gcc-arm-none-eabi-4_8-131228/bin/../lib/gcc/arm-none-eabi/4.8.3/../../../../arm-none-eabi/lib/armv7e-m/fpu\libc.a(lib_a-s_fpclassify.o)
 .debug_abbrev  0x00004469       0xff c:/bin/gcc-arm-none-eabi-4_8-131228/bin/../lib/gcc/arm-none-eabi/4.8.3/../../../../arm-none-eabi/lib/armv7e-m/fpu\libc.a(lib_a-s_frexp.o)
 .debug_abbrev  0x00004568      0x1a0 c:/bin/gcc-arm-none-eabi-4_8-131228/bin/../lib/gcc/arm-none-eabi/4.8.3/../../../../arm-none-eabi/lib/armv7e-m/fpu\libc.a(lib_a-sbrkr.o)
 .debug_abbrev  0x00004708       0x6e c:/bin/gcc-arm-none-eabi-4_8-131228/bin/../lib/gcc/arm-none-eabi/4.8.3/../../../../arm-none-eabi/lib/armv7e-m/fpu\libc.a(lib_a-strlen.o)
 .debug_abbrev  0x00004776       0x9d c:/bin/gcc-arm-none-eabi-4_8-131228/bin/../lib/gcc/arm-none-eabi/4.8.3/../../../../arm-none-eabi/lib/armv7e-m/fpu\libc.a(lib_a-strncpy.o)
 .debug_abbrev  0x00004813      0x2b3 c:/bin/gcc-arm-none-eabi-4_8-131228/bin/../lib/gcc/arm-none-eabi/4.8.3/../../../../arm-none-eabi/lib/armv7e-m/fpu\libc.a(lib_a-svfiprintf.o)
 .debug_abbrev  0x00004ac6      0x1a9 c:/bin/gcc-arm-none-eabi-4_8-131228/bin/../lib/gcc/arm-none-eabi/4.8.3/../../../../arm-none-eabi/lib/armv7e-m/fpu\libc.a(lib_a-callocr.o)
 .debug_abbrev  0x00004c6f       0xa9 c:/bin/gcc-arm-none-eabi-4_8-131228/bin/../lib/gcc/arm-none-eabi/4.8.3/../../../../arm-none-eabi/lib/armv7e-m/fpu\libc.a(lib_a-memmove.o)
 .debug_abbrev  0x00004d18      0x1f6 c:/bin/gcc-arm-none-eabi-4_8-131228/bin/../lib/gcc/arm-none-eabi/4.8.3/../../../../arm-none-eabi/lib/armv7e-m/fpu\libc.a(lib_a-reallocr.o)
 .debug_abbrev  0x00004f0e      0x1fb c:/bin/gcc-arm-none-eabi-4_8-131228/bin/../lib/gcc/arm-none-eabi/4.8.3/../../../../arm-none-eabi/lib/armv7e-m/fpu\libc.a(lib_a-reent.o)
 .debug_abbrev  0x00005109       0xe7 c:/bin/gcc-arm-none-eabi-4_8-131228/bin/../lib/gcc/arm-none-eabi/4.8.3/../../../../arm-none-eabi/lib/armv7e-m/fpu\libm.a(lib_a-s_ceil.o)
 .debug_abbrev  0x000051f0      0x158 c:/bin/gcc-arm-none-eabi-4_8-131228/bin/../lib/gcc/arm-none-eabi/4.8.3/../../../../arm-none-eabi/lib/armv7e-m/fpu\libm.a(lib_a-s_cos.o)
 .debug_abbrev  0x00005348       0xe7 c:/bin/gcc-arm-none-eabi-4_8-131228/bin/../lib/gcc/arm-none-eabi/4.8.3/../../../../arm-none-eabi/lib/armv7e-m/fpu\libm.a(lib_a-s_floor.o)
 .debug_abbrev  0x0000542f       0xe2 c:/bin/gcc-arm-none-eabi-4_8-131228/bin/../lib/gcc/arm-none-eabi/4.8.3/../../../../arm-none-eabi/lib/armv7e-m/fpu\libm.a(lib_a-s_lround.o)
 .debug_abbrev  0x00005511       0xdc c:/bin/gcc-arm-none-eabi-4_8-131228/bin/../lib/gcc/arm-none-eabi/4.8.3/../../../../arm-none-eabi/lib/armv7e-m/fpu\libm.a(lib_a-s_round.o)
 .debug_abbrev  0x000055ed      0x163 c:/bin/gcc-arm-none-eabi-4_8-131228/bin/../lib/gcc/arm-none-eabi/4.8.3/../../../../arm-none-eabi/lib/armv7e-m/fpu\libm.a(lib_a-s_sin.o)
 .debug_abbrev  0x00005750       0xd3 c:/bin/gcc-arm-none-eabi-4_8-131228/bin/../lib/gcc/arm-none-eabi/4.8.3/../../../../arm-none-eabi/lib/armv7e-m/fpu\libm.a(lib_a-s_trunc.o)
 .debug_abbrev  0x00005823       0x87 c:/bin/gcc-arm-none-eabi-4_8-131228/bin/../lib/gcc/arm-none-eabi/4.8.3/../../../../arm-none-eabi/lib/armv7e-m/fpu\libm.a(lib_a-w_atan2.o)
 .debug_abbrev  0x000058aa      0x138 c:/bin/gcc-arm-none-eabi-4_8-131228/bin/../lib/gcc/arm-none-eabi/4.8.3/../../../../arm-none-eabi/lib/armv7e-m/fpu\libm.a(lib_a-w_sqrt.o)
 .debug_abbrev  0x000059e2      0x14f c:/bin/gcc-arm-none-eabi-4_8-131228/bin/../lib/gcc/arm-none-eabi/4.8.3/../../../../arm-none-eabi/lib/armv7e-m/fpu\libm.a(lib_a-e_atan2.o)
 .debug_abbrev  0x00005b31      0x184 c:/bin/gcc-arm-none-eabi-4_8-131228/bin/../lib/gcc/arm-none-eabi/4.8.3/../../../../arm-none-eabi/lib/armv7e-m/fpu\libm.a(lib_a-e_rem_pio2.o)
 .debug_abbrev  0x00005cb5      0x107 c:/bin/gcc-arm-none-eabi-4_8-131228/bin/../lib/gcc/arm-none-eabi/4.8.3/../../../../arm-none-eabi/lib/armv7e-m/fpu\libm.a(lib_a-e_sqrt.o)
 .debug_abbrev  0x00005dbc       0xe0 c:/bin/gcc-arm-none-eabi-4_8-131228/bin/../lib/gcc/arm-none-eabi/4.8.3/../../../../arm-none-eabi/lib/armv7e-m/fpu\libm.a(lib_a-k_cos.o)
 .debug_abbrev  0x00005e9c      0x156 c:/bin/gcc-arm-none-eabi-4_8-131228/bin/../lib/gcc/arm-none-eabi/4.8.3/../../../../arm-none-eabi/lib/armv7e-m/fpu\libm.a(lib_a-k_rem_pio2.o)
 .debug_abbrev  0x00005ff2       0xa1 c:/bin/gcc-arm-none-eabi-4_8-131228/bin/../lib/gcc/arm-none-eabi/4.8.3/../../../../arm-none-eabi/lib/armv7e-m/fpu\libm.a(lib_a-k_sin.o)
 .debug_abbrev  0x00006093      0x15c c:/bin/gcc-arm-none-eabi-4_8-131228/bin/../lib/gcc/arm-none-eabi/4.8.3/../../../../arm-none-eabi/lib/armv7e-m/fpu\libm.a(lib_a-s_atan.o)
 .debug_abbrev  0x000061ef       0xd3 c:/bin/gcc-arm-none-eabi-4_8-131228/bin/../lib/gcc/arm-none-eabi/4.8.3/../../../../arm-none-eabi/lib/armv7e-m/fpu\libm.a(lib_a-s_fabs.o)
 .debug_abbrev  0x000062c2       0x4d c:/bin/gcc-arm-none-eabi-4_8-131228/bin/../lib/gcc/arm-none-eabi/4.8.3/../../../../arm-none-eabi/lib/armv7e-m/fpu\libm.a(lib_a-s_lib_ver.o)
 .debug_abbrev  0x0000630f       0x98 c:/bin/gcc-arm-none-eabi-4_8-131228/bin/../lib/gcc/arm-none-eabi/4.8.3/../../../../arm-none-eabi/lib/armv7e-m/fpu\libm.a(lib_a-s_matherr.o)
 .debug_abbrev  0x000063a7      0x136 c:/bin/gcc-arm-none-eabi-4_8-131228/bin/../lib/gcc/arm-none-eabi/4.8.3/../../../../arm-none-eabi/lib/armv7e-m/fpu\libm.a(lib_a-s_scalbn.o)
 .debug_abbrev  0x000064dd       0xe2 c:/bin/gcc-arm-none-eabi-4_8-131228/bin/../lib/gcc/arm-none-eabi/4.8.3/../../../../arm-none-eabi/lib/armv7e-m/fpu\libm.a(lib_a-s_copysign.o)
 .debug_abbrev  0x000065bf       0x14 c:/bin/gcc-arm-none-eabi-4_8-131228/bin/../lib/gcc/arm-none-eabi/4.8.3/armv7e-m/fpu\libgcc.a(_arm_addsubdf3.o)
 .debug_abbrev  0x000065d3       0x14 c:/bin/gcc-arm-none-eabi-4_8-131228/bin/../lib/gcc/arm-none-eabi/4.8.3/armv7e-m/fpu\libgcc.a(_arm_muldivdf3.o)
 .debug_abbrev  0x000065e7       0x14 c:/bin/gcc-arm-none-eabi-4_8-131228/bin/../lib/gcc/arm-none-eabi/4.8.3/armv7e-m/fpu\libgcc.a(_arm_cmpdf2.o)
 .debug_abbrev  0x000065fb       0x14 c:/bin/gcc-arm-none-eabi-4_8-131228/bin/../lib/gcc/arm-none-eabi/4.8.3/armv7e-m/fpu\libgcc.a(_arm_fixdfsi.o)
 .debug_abbrev  0x0000660f       0x14 c:/bin/gcc-arm-none-eabi-4_8-131228/bin/../lib/gcc/arm-none-eabi/4.8.3/armv7e-m/fpu\libgcc.a(_arm_fixunsdfsi.o)
 .debug_abbrev  0x00006623       0x14 c:/bin/gcc-arm-none-eabi-4_8-131228/bin/../lib/gcc/arm-none-eabi/4.8.3/armv7e-m/fpu\libgcc.a(_arm_truncdfsf2.o)
 .debug_abbrev  0x00006637       0x14 c:/bin/gcc-arm-none-eabi-4_8-131228/bin/../lib/gcc/arm-none-eabi/4.8.3/armv7e-m/fpu\libgcc.a(_aeabi_uldivmod.o)
 .debug_abbrev  0x0000664b       0xb5 c:/bin/gcc-arm-none-eabi-4_8-131228/bin/../lib/gcc/arm-none-eabi/4.8.3/armv7e-m/fpu\libgcc.a(bpabi.o)
 .debug_abbrev  0x00006700       0x14 c:/bin/gcc-arm-none-eabi-4_8-131228/bin/../lib/gcc/arm-none-eabi/4.8.3/armv7e-m/fpu\libgcc.a(_dvmd_tls.o)
 .debug_abbrev  0x00006714      0x15a c:/bin/gcc-arm-none-eabi-4_8-131228/bin/../lib/gcc/arm-none-eabi/4.8.3/armv7e-m/fpu\libgcc.a(_divdi3.o)
 .debug_abbrev  0x0000686e      0x154 c:/bin/gcc-arm-none-eabi-4_8-131228/bin/../lib/gcc/arm-none-eabi/4.8.3/armv7e-m/fpu\libgcc.a(_udivdi3.o)
 .debug_abbrev  0x000069c2       0x81 c:/bin/gcc-arm-none-eabi-4_8-131228/bin/../lib/gcc/arm-none-eabi/4.8.3/../../../../arm-none-eabi/lib/armv7e-m/fpu\libnosys.a(sbrk.o)
 .debug_abbrev  0x00006a43      0x132 c:/bin/gcc-arm-none-eabi-4_8-131228/bin/../lib/gcc/arm-none-eabi/4.8.3/../../../../arm-none-eabi/lib/armv7e-m/fpu\libc.a(lib_a-errno.o)

.debug_loc      0x00000000    0x148d1
 .debug_loc     0x00000000      0x60f ./motion_control.o
 .debug_loc     0x0000060f      0xaae ./gcode.o
 .debug_loc     0x000010bd       0x5c ./spindle_control.o
 .debug_loc     0x00001119       0x2c ./coolant_control.o
 .debug_loc     0x00001145      0x131 ./protocol.o
 .debug_loc     0x00001276      0x3af ./stepper.o
 .debug_loc     0x00001625       0x8b ./eeprom.o
 .debug_loc     0x000016b0      0x4a6 ./settings.o
 .debug_loc     0x00001b56      0x476 ./planner.o
 .debug_loc     0x00001fcc      0x344 ./nuts_bolts.o
 .debug_loc     0x00002310      0x2a0 ./limits.o
 .debug_loc     0x000025b0      0x473 ./print.o
 .debug_loc     0x00002a23      0x2f7 ./report.o
 .debug_loc     0x00002d1a      0x36a ./system.o
 .debug_loc     0x00003084       0xa6 ./serial_stm32.o
 .debug_loc     0x0000312a       0x86 ./delay.o
 .debug_loc     0x000031b0      0x1e9 ./hw_control.o
 .debug_loc     0x00003399      0x372 ../libopencm3/lib\libopencm3_stm32f4.a(rcc.o)
 .debug_loc     0x0000370b       0x76 ../libopencm3/lib\libopencm3_stm32f4.a(gpio_common_all.o)
 .debug_loc     0x00003781      0x10b ../libopencm3/lib\libopencm3_stm32f4.a(gpio_common_f0234.o)
 .debug_loc     0x0000388c      0x52e ../libopencm3/lib\libopencm3_stm32f4.a(timer_common_all.o)
 .debug_loc     0x00003dba      0x1ca ../libopencm3/lib\libopencm3_stm32f4.a(usart_common_all.o)
 .debug_loc     0x00003f84       0xd4 ../libopencm3/lib\libopencm3_stm32f4.a(usart_common_f124.o)
 .debug_loc     0x00004058       0x3f ../libopencm3/lib\libopencm3_stm32f4.a(flash_common_f234.o)
 .debug_loc     0x00004097      0x14a ../libopencm3/lib\libopencm3_stm32f4.a(rcc_common_all.o)
 .debug_loc     0x000041e1       0xf5 ../libopencm3/lib\libopencm3_stm32f4.a(vector.o)
 .debug_loc     0x000042d6      0x142 ../libopencm3/lib\libopencm3_stm32f4.a(nvic.o)
 .debug_loc     0x00004418      0x18b c:/bin/gcc-arm-none-eabi-4_8-131228/bin/../lib/gcc/arm-none-eabi/4.8.3/../../../../arm-none-eabi/lib/armv7e-m/fpu\libc.a(lib_a-memset.o)
 .debug_loc     0x000045a3       0x79 c:/bin/gcc-arm-none-eabi-4_8-131228/bin/../lib/gcc/arm-none-eabi/4.8.3/../../../../arm-none-eabi/lib/armv7e-m/fpu\libc.a(lib_a-sprintf.o)
 .debug_loc     0x0000461c     0x2a40 c:/bin/gcc-arm-none-eabi-4_8-131228/bin/../lib/gcc/arm-none-eabi/4.8.3/../../../../arm-none-eabi/lib/armv7e-m/fpu\libc.a(lib_a-svfprintf.o)
 .debug_loc     0x0000705c     0x2b94 c:/bin/gcc-arm-none-eabi-4_8-131228/bin/../lib/gcc/arm-none-eabi/4.8.3/../../../../arm-none-eabi/lib/armv7e-m/fpu\libc.a(lib_a-dtoa.o)
 .debug_loc     0x00009bf0      0x4f1 c:/bin/gcc-arm-none-eabi-4_8-131228/bin/../lib/gcc/arm-none-eabi/4.8.3/../../../../arm-none-eabi/lib/armv7e-m/fpu\libc.a(lib_a-freer.o)
 .debug_loc     0x0000a0e1       0xe7 c:/bin/gcc-arm-none-eabi-4_8-131228/bin/../lib/gcc/arm-none-eabi/4.8.3/../../../../arm-none-eabi/lib/armv7e-m/fpu\libc.a(lib_a-locale.o)
 .debug_loc     0x0000a1c8       0x58 c:/bin/gcc-arm-none-eabi-4_8-131228/bin/../lib/gcc/arm-none-eabi/4.8.3/../../../../arm-none-eabi/lib/armv7e-m/fpu\libc.a(lib_a-malloc.o)
 .debug_loc     0x0000a220      0xd01 c:/bin/gcc-arm-none-eabi-4_8-131228/bin/../lib/gcc/arm-none-eabi/4.8.3/../../../../arm-none-eabi/lib/armv7e-m/fpu\libc.a(lib_a-mallocr.o)
 .debug_loc     0x0000af21      0x17b c:/bin/gcc-arm-none-eabi-4_8-131228/bin/../lib/gcc/arm-none-eabi/4.8.3/../../../../arm-none-eabi/lib/armv7e-m/fpu\libc.a(lib_a-memchr-stub.o)
 .debug_loc     0x0000b09c     0x1de4 c:/bin/gcc-arm-none-eabi-4_8-131228/bin/../lib/gcc/arm-none-eabi/4.8.3/../../../../arm-none-eabi/lib/armv7e-m/fpu\libc.a(lib_a-mprec.o)
 .debug_loc     0x0000ce80      0x15d c:/bin/gcc-arm-none-eabi-4_8-131228/bin/../lib/gcc/arm-none-eabi/4.8.3/../../../../arm-none-eabi/lib/armv7e-m/fpu\libc.a(lib_a-s_frexp.o)
 .debug_loc     0x0000cfdd       0x4d c:/bin/gcc-arm-none-eabi-4_8-131228/bin/../lib/gcc/arm-none-eabi/4.8.3/../../../../arm-none-eabi/lib/armv7e-m/fpu\libc.a(lib_a-sbrkr.o)
 .debug_loc     0x0000d02a       0x21 c:/bin/gcc-arm-none-eabi-4_8-131228/bin/../lib/gcc/arm-none-eabi/4.8.3/../../../../arm-none-eabi/lib/armv7e-m/fpu\libc.a(lib_a-strlen.o)
 .debug_loc     0x0000d04b      0x145 c:/bin/gcc-arm-none-eabi-4_8-131228/bin/../lib/gcc/arm-none-eabi/4.8.3/../../../../arm-none-eabi/lib/armv7e-m/fpu\libc.a(lib_a-strncpy.o)
 .debug_loc     0x0000d190     0x1284 c:/bin/gcc-arm-none-eabi-4_8-131228/bin/../lib/gcc/arm-none-eabi/4.8.3/../../../../arm-none-eabi/lib/armv7e-m/fpu\libc.a(lib_a-svfiprintf.o)
 .debug_loc     0x0000e414      0x231 c:/bin/gcc-arm-none-eabi-4_8-131228/bin/../lib/gcc/arm-none-eabi/4.8.3/../../../../arm-none-eabi/lib/armv7e-m/fpu\libc.a(lib_a-callocr.o)
 .debug_loc     0x0000e645      0x2a5 c:/bin/gcc-arm-none-eabi-4_8-131228/bin/../lib/gcc/arm-none-eabi/4.8.3/../../../../arm-none-eabi/lib/armv7e-m/fpu\libc.a(lib_a-memmove.o)
 .debug_loc     0x0000e8ea     0x1340 c:/bin/gcc-arm-none-eabi-4_8-131228/bin/../lib/gcc/arm-none-eabi/4.8.3/../../../../arm-none-eabi/lib/armv7e-m/fpu\libc.a(lib_a-reallocr.o)
 .debug_loc     0x0000fc2a       0xff c:/bin/gcc-arm-none-eabi-4_8-131228/bin/../lib/gcc/arm-none-eabi/4.8.3/../../../../arm-none-eabi/lib/armv7e-m/fpu\libc.a(lib_a-reent.o)
 .debug_loc     0x0000fd29      0x191 c:/bin/gcc-arm-none-eabi-4_8-131228/bin/../lib/gcc/arm-none-eabi/4.8.3/../../../../arm-none-eabi/lib/armv7e-m/fpu\libm.a(lib_a-s_ceil.o)
 .debug_loc     0x0000feba       0xcd c:/bin/gcc-arm-none-eabi-4_8-131228/bin/../lib/gcc/arm-none-eabi/4.8.3/../../../../arm-none-eabi/lib/armv7e-m/fpu\libm.a(lib_a-s_cos.o)
 .debug_loc     0x0000ff87      0x1f9 c:/bin/gcc-arm-none-eabi-4_8-131228/bin/../lib/gcc/arm-none-eabi/4.8.3/../../../../arm-none-eabi/lib/armv7e-m/fpu\libm.a(lib_a-s_floor.o)
 .debug_loc     0x00010180      0x21d c:/bin/gcc-arm-none-eabi-4_8-131228/bin/../lib/gcc/arm-none-eabi/4.8.3/../../../../arm-none-eabi/lib/armv7e-m/fpu\libm.a(lib_a-s_lround.o)
 .debug_loc     0x0001039d      0x280 c:/bin/gcc-arm-none-eabi-4_8-131228/bin/../lib/gcc/arm-none-eabi/4.8.3/../../../../arm-none-eabi/lib/armv7e-m/fpu\libm.a(lib_a-s_round.o)
 .debug_loc     0x0001061d       0xcd c:/bin/gcc-arm-none-eabi-4_8-131228/bin/../lib/gcc/arm-none-eabi/4.8.3/../../../../arm-none-eabi/lib/armv7e-m/fpu\libm.a(lib_a-s_sin.o)
 .debug_loc     0x000106ea      0x1ec c:/bin/gcc-arm-none-eabi-4_8-131228/bin/../lib/gcc/arm-none-eabi/4.8.3/../../../../arm-none-eabi/lib/armv7e-m/fpu\libm.a(lib_a-s_trunc.o)
 .debug_loc     0x000108d6       0x54 c:/bin/gcc-arm-none-eabi-4_8-131228/bin/../lib/gcc/arm-none-eabi/4.8.3/../../../../arm-none-eabi/lib/armv7e-m/fpu\libm.a(lib_a-w_atan2.o)
 .debug_loc     0x0001092a       0xd2 c:/bin/gcc-arm-none-eabi-4_8-131228/bin/../lib/gcc/arm-none-eabi/4.8.3/../../../../arm-none-eabi/lib/armv7e-m/fpu\libm.a(lib_a-w_sqrt.o)
 .debug_loc     0x000109fc      0x570 c:/bin/gcc-arm-none-eabi-4_8-131228/bin/../lib/gcc/arm-none-eabi/4.8.3/../../../../arm-none-eabi/lib/armv7e-m/fpu\libm.a(lib_a-e_atan2.o)
 .debug_loc     0x00010f6c      0x5db c:/bin/gcc-arm-none-eabi-4_8-131228/bin/../lib/gcc/arm-none-eabi/4.8.3/../../../../arm-none-eabi/lib/armv7e-m/fpu\libm.a(lib_a-e_rem_pio2.o)
 .debug_loc     0x00011547      0x51e c:/bin/gcc-arm-none-eabi-4_8-131228/bin/../lib/gcc/arm-none-eabi/4.8.3/../../../../arm-none-eabi/lib/armv7e-m/fpu\libm.a(lib_a-e_sqrt.o)
 .debug_loc     0x00011a65      0x23f c:/bin/gcc-arm-none-eabi-4_8-131228/bin/../lib/gcc/arm-none-eabi/4.8.3/../../../../arm-none-eabi/lib/armv7e-m/fpu\libm.a(lib_a-k_cos.o)
 .debug_loc     0x00011ca4      0xa71 c:/bin/gcc-arm-none-eabi-4_8-131228/bin/../lib/gcc/arm-none-eabi/4.8.3/../../../../arm-none-eabi/lib/armv7e-m/fpu\libm.a(lib_a-k_rem_pio2.o)