Globals
Labels
Macros
?
Functions
Variables
system_init
control_isr
system_check_safety_door_ajar
system_execute_startup
system_execute_line
system_convert_axis_steps_to_mpos
system_convert_array_steps_to_mpos
sys
hse_8mhz_3v3_100mhz
clock_setup
main
DT_SEGMENT
REQ_MM_INCREMENT_SCALAR
RAMP_ACCEL
RAMP_CRUISE
RAMP_DECEL
MAX_AMASS_LEVEL
AMASS_LEVEL1
AMASS_LEVEL2
AMASS_LEVEL3
tag4DFD910F1
direction_bits [s	tag4DFD910F1]
steps [s	tag4DFD910F1]
step_event_count [s	tag4DFD910F1]
st_block_t
st_block_buffer
tag4DFD910F2
n_step [s	tag4DFD910F2]
st_block_index [s	tag4DFD910F2]
cycles_per_tick [s	tag4DFD910F2]
amass_level [s	tag4DFD910F2]
prescaler [s	tag4DFD910F2]
segment_t
segment_buffer
tag4DFD910F3
counter_x [s	tag4DFD910F3]
counter_y [s	tag4DFD910F3]
counter_z [s	tag4DFD910F3]
step_bits [s	tag4DFD910F3]
execute_step [s	tag4DFD910F3]
step_pulse_time [s	tag4DFD910F3]
step_outbits [s	tag4DFD910F3]
dir_outbits [s	tag4DFD910F3]
steps [s	tag4DFD910F3]
step_count [s	tag4DFD910F3]
exec_block_index [s	tag4DFD910F3]
exec_block [s	tag4DFD910F3]
exec_segment [s	tag4DFD910F3]
stepper_t
st
segment_buffer_tail
segment_buffer_head
segment_next_head
step_port_invert_mask
dir_port_invert_mask
busy
pl_block
st_prep_block
tag4DFD910F4
st_block_index [s	tag4DFD910F4]
flag_partial_block [s	tag4DFD910F4]
steps_remaining [s	tag4DFD910F4]
step_per_mm [s	tag4DFD910F4]
req_mm_increment [s	tag4DFD910F4]
dt_remainder [s	tag4DFD910F4]
ramp_type [s	tag4DFD910F4]
mm_complete [s	tag4DFD910F4]
current_speed [s	tag4DFD910F4]
maximum_speed [s	tag4DFD910F4]
exit_speed [s	tag4DFD910F4]
accelerate_until [s	tag4DFD910F4]
decelerate_after [s	tag4DFD910F4]
st_prep_t
prep
st_wake_up
st_go_idle
main_step_isr
st_generate_step_dir_invert_masks
st_reset
stepper_init
st_update_plan_block_parameters
st_prep_buffer
st_get_realtime_rate
spindle_init
spindle_stop
spindle_set_state
spindle_run
settings
settings_store_startup_line
settings_store_build_info
settings_write_coord_data
write_global_settings
settings_restore
settings_read_startup_line
settings_read_build_info
settings_read_coord_data
read_global_settings
settings_store_global_setting
settings_init
get_step_pin_mask
get_direction_pin_mask
get_limit_pin_mask
serial_rxint
serial_txint
serial_rx_buffer
serial_rx_buffer_head
serial_rx_buffer_tail
serial_tx_buffer
serial_tx_buffer_head
serial_tx_buffer_tail
flow_ctrl
serial_get_rx_buffer_count
serial_get_tx_buffer_count
serial_init
serial_write
usart2_isr
serial_txint
serial_read
serial_rxint
serial_reset_read_buffer
report_status_message
report_alarm_message
report_feedback_message
report_init_message
report_grbl_help
report_grbl_settings
report_probe_parameters
report_ngc_parameters
report_gcode_modes
report_startup_line
report_build_info
report_echo_line_received
report_realtime_status
COMMENT_NONE
COMMENT_TYPE_PARENTHESES
COMMENT_TYPE_SEMICOLON
line
protocol_execute_line
protocol_main_loop
protocol_execute_realtime
protocol_buffer_synchronize
protocol_auto_cycle_start
probe_state_monitor
printString
printPgmString
print_unsigned_int8
print_uint8_base2
print_uint8_base10
print_uint32_base10
printInteger
printFloat
printFloat_CoordValue
printFloat_RateValue
printFloat_SettingValue
SOME_LARGE_VALUE
block_buffer
block_buffer_tail
block_buffer_head
next_buffer_head
block_buffer_planned
tagC96DE94F1
position [s	tagC96DE94F1]
previous_unit_vec [s	tagC96DE94F1]
previous_nominal_speed_sqr [s	tagC96DE94F1]
planner_t
pl
plan_next_block_index
plan_prev_block_index
planner_recalculate
plan_reset
plan_discard_current_block
plan_get_current_block
plan_get_exec_block_exit_speed
plan_check_full_buffer
plan_buffer_line
plan_sync_position
plan_get_block_buffer_count
plan_cycle_reinitialize
MAX_INT_DIGITS
read_float
hypot_f
mc_line
mc_arc
mc_dwell
mc_homing_cycle
mc_probe_cycle
mc_reset
HOMING_AXIS_SEARCH_SCALAR
HOMING_AXIS_LOCATE_SCALAR
limit_isr
limits_go_home
limits_soft_check
timerrunning
init_step_timer
set_step_timer_period
enable_step_timer_isr
disable_step_timer_isr
init_step_pins
init_spindle
spibytes
init_steppers
printstepperstatus
set_step_pins
set_dir_pins
limits_enabled
oldlimits
newlimits
limits_init
limits_get_state
limits_disable
main_step_isr
limit_isr
dma1_stream6_isr
tim2_isr
SPI1SCK
SPI1NSS
SPI1MOSI
SPI1MISO
spibytes
probe_invert_mask
probe_init
probe_configure_invert_mask
probe_get_state
MAX_LINE_NUMBER
AXIS_COMMAND_NONE
AXIS_COMMAND_NON_MODAL
AXIS_COMMAND_MOTION_MODE
AXIS_COMMAND_TOOL_LENGTH_OFFSET
gc_state
gc_block
FAIL
gc_init
gc_sync_position
gc_check_same_position
gc_execute_line
__floatunsisf
EEPE
EEMPE
EEPM1
EEPM0
EEPROM_IGNORE_SELFPROG
eeprom_get_char
eeprom_put_char
memcpy_to_eeprom_with_checksum
memcpy_from_eeprom_with_checksum
COUNTS_PER_MICROSECOND
_delay_us
_delay_ms
_delay_us
_delay_ms
coolant_init
coolant_stop
coolant_set_state
coolant_run
system_h
EXEC_STATUS_REPORT
EXEC_CYCLE_START
EXEC_CYCLE_STOP
EXEC_FEED_HOLD
EXEC_RESET
EXEC_SAFETY_DOOR
EXEC_MOTION_CANCEL
EXEC_CRITICAL_EVENT
EXEC_ALARM_HARD_LIMIT
EXEC_ALARM_SOFT_LIMIT
EXEC_ALARM_ABORT_CYCLE
EXEC_ALARM_PROBE_FAIL
EXEC_ALARM_HOMING_FAIL
STATE_IDLE
STATE_ALARM
STATE_CHECK_MODE
STATE_HOMING
STATE_CYCLE
STATE_HOLD
STATE_SAFETY_DOOR
STATE_MOTION_CANCEL
SUSPEND_DISABLE
SUSPEND_ENABLE_HOLD
SUSPEND_ENABLE_READY
SUSPEND_ENERGIZE
SUSPEND_MOTION_CANCEL
tagEE4D716D1
abort [s	tagEE4D716D1]
state [s	tagEE4D716D1]
suspend [s	tagEE4D716D1]
rt_exec_state [s	tagEE4D716D1]
rt_exec_alarm [s	tagEE4D716D1]
position [s	tagEE4D716D1]
homing_axis_lock [s	tagEE4D716D1]
probe_state [s	tagEE4D716D1]
probe_position [s	tagEE4D716D1]
probe_succeeded [s	tagEE4D716D1]
system_t
system_init
system_check_safety_door_ajar
system_execute_line
system_execute_startup
system_convert_axis_steps_to_mpos
system_convert_array_steps_to_mpos
stepper_h
SEGMENT_BUFFER_SIZE
stepper_init
st_wake_up
st_go_idle
st_generate_step_dir_invert_masks
st_reset
st_prep_buffer
st_update_plan_block_parameters
st_get_realtime_rate
spindle_control_h
spindle_init
spindle_run
spindle_set_state
spindle_stop
settings_h
SETTINGS_VERSION
BITFLAG_REPORT_INCHES
BITFLAG_INVERT_ST_ENABLE
BITFLAG_HARD_LIMIT_ENABLE
BITFLAG_HOMING_ENABLE
BITFLAG_SOFT_LIMIT_ENABLE
BITFLAG_INVERT_LIMIT_PINS
BITFLAG_INVERT_PROBE_PIN
BITFLAG_RT_STATUS_MACHINE_POSITION
BITFLAG_RT_STATUS_WORK_POSITION
BITFLAG_RT_STATUS_PLANNER_BUFFER
BITFLAG_RT_STATUS_SERIAL_RX
BITFLAG_RT_STATUS_LIMIT_PINS
SETTINGS_RESTORE_ALL
SETTINGS_RESTORE_DEFAULTS
SETTINGS_RESTORE_PARAMETERS
SETTINGS_RESTORE_STARTUP_LINES
SETTINGS_RESTORE_BUILD_INFO
EEPROM_ADDR_GLOBAL
EEPROM_ADDR_PARAMETERS
EEPROM_ADDR_STARTUP_BLOCK
EEPROM_ADDR_BUILD_INFO
N_COORDINATE_SYSTEM
SETTING_INDEX_NCOORD
SETTING_INDEX_G28
SETTING_INDEX_G30
AXIS_N_SETTINGS
AXIS_SETTINGS_START_VAL
AXIS_SETTINGS_INCREMENT
tag390303BA1
steps_per_mm [s	tag390303BA1]
max_rate [s	tag390303BA1]
acceleration [s	tag390303BA1]
max_travel [s	tag390303BA1]
pulse_microseconds [s	tag390303BA1]
step_invert_mask [s	tag390303BA1]
dir_invert_mask [s	tag390303BA1]
stepper_idle_lock_time [s	tag390303BA1]
status_report_mask [s	tag390303BA1]
junction_deviation [s	tag390303BA1]
arc_tolerance [s	tag390303BA1]
flags [s	tag390303BA1]
homing_dir_mask [s	tag390303BA1]
homing_feed_rate [s	tag390303BA1]
homing_seek_rate [s	tag390303BA1]
homing_debounce_delay [s	tag390303BA1]
homing_pulloff [s	tag390303BA1]
settings_t
settings_init
settings_restore
settings_store_global_setting
settings_store_startup_line
settings_read_startup_line
settings_store_build_info
settings_read_build_info
settings_write_coord_data
settings_read_coord_data
get_step_pin_mask
get_direction_pin_mask
get_limit_pin_mask
serial_h
RX_BUFFER_SIZE
TX_BUFFER_SIZE
SERIAL_NO_DATA
RX_BUFFER_FULL
RX_BUFFER_LOW
SEND_XOFF
SEND_XON
XOFF_SENT
XON_SENT
XOFF_CHAR
XON_CHAR
serial_init
serial_write
serial_read
serial_reset_read_buffer
serial_get_rx_buffer_count
serial_get_tx_buffer_count
report_h
STATUS_OK
STATUS_EXPECTED_COMMAND_LETTER
STATUS_BAD_NUMBER_FORMAT
STATUS_INVALID_STATEMENT
STATUS_NEGATIVE_VALUE
STATUS_SETTING_DISABLED
STATUS_SETTING_STEP_PULSE_MIN
STATUS_SETTING_READ_FAIL
STATUS_IDLE_ERROR
STATUS_ALARM_LOCK
STATUS_SOFT_LIMIT_ERROR
STATUS_OVERFLOW
STATUS_MAX_STEP_RATE_EXCEEDED
STATUS_GCODE_UNSUPPORTED_COMMAND
STATUS_GCODE_MODAL_GROUP_VIOLATION
STATUS_GCODE_UNDEFINED_FEED_RATE
STATUS_GCODE_COMMAND_VALUE_NOT_INTEGER
STATUS_GCODE_AXIS_COMMAND_CONFLICT
STATUS_GCODE_WORD_REPEATED
STATUS_GCODE_NO_AXIS_WORDS
STATUS_GCODE_INVALID_LINE_NUMBER
STATUS_GCODE_VALUE_WORD_MISSING
STATUS_GCODE_UNSUPPORTED_COORD_SYS
STATUS_GCODE_G53_INVALID_MOTION_MODE
STATUS_GCODE_AXIS_WORDS_EXIST
STATUS_GCODE_NO_AXIS_WORDS_IN_PLANE
STATUS_GCODE_INVALID_TARGET
STATUS_GCODE_ARC_RADIUS_ERROR
STATUS_GCODE_NO_OFFSETS_IN_PLANE
STATUS_GCODE_UNUSED_WORDS
STATUS_GCODE_G43_DYNAMIC_AXIS_ERROR
ALARM_HARD_LIMIT_ERROR
ALARM_SOFT_LIMIT_ERROR
ALARM_ABORT_CYCLE
ALARM_PROBE_FAIL
ALARM_HOMING_FAIL
MESSAGE_CRITICAL_EVENT
MESSAGE_ALARM_LOCK
MESSAGE_ALARM_UNLOCK
MESSAGE_ENABLED
MESSAGE_DISABLED
MESSAGE_SAFETY_DOOR_AJAR
MESSAGE_PROGRAM_END
MESSAGE_RESTORE_DEFAULTS
report_status_message
report_alarm_message
report_feedback_message
report_init_message
report_grbl_help
report_grbl_settings
report_echo_line_received
report_realtime_status
report_probe_parameters
report_ngc_parameters
report_gcode_modes
report_startup_line
report_build_info
protocol_h
LINE_BUFFER_SIZE
protocol_main_loop
protocol_execute_realtime
protocol_auto_cycle_start
protocol_buffer_synchronize
probe_h
PROBE_OFF
PROBE_ACTIVE
probe_init
probe_configure_invert_mask
probe_get_state
probe_state_monitor
print_h
printString
printPgmString
printInteger
print_uint32_base10
print_unsigned_int8
print_uint8_base2
print_uint8_base10
printFloat
printFloat_CoordValue
printFloat_RateValue
printFloat_SettingValue
printFreeMemory
planner_h
BLOCK_BUFFER_SIZE
BLOCK_BUFFER_SIZE
tag5EBF30C71
direction_bits [s	tag5EBF30C71]
steps [s	tag5EBF30C71]
step_event_count [s	tag5EBF30C71]
entry_speed_sqr [s	tag5EBF30C71]
max_entry_speed_sqr [s	tag5EBF30C71]
max_junction_speed_sqr [s	tag5EBF30C71]
nominal_speed_sqr [s	tag5EBF30C71]
acceleration [s	tag5EBF30C71]
millimeters [s	tag5EBF30C71]
line_number [s	tag5EBF30C71]
plan_block_t
plan_reset
plan_buffer_line
plan_buffer_line
plan_discard_current_block
plan_get_current_block
plan_next_block_index
plan_get_exec_block_exit_speed
plan_sync_position
plan_cycle_reinitialize
plan_get_block_buffer_count
plan_check_full_buffer
nuts_bolts_h
false
true
N_AXIS
X_AXIS
Y_AXIS
Z_AXIS
A_MOTOR
B_MOTOR
MM_PER_INCH
INCH_PER_MM
TICKS_PER_MICROSECOND
clear_vector
clear_vector_float
max
min
bit
bit_true_atomic
bit_false_atomic
bit_toggle_atomic
bit_true
bit_false
bit_istrue
bit_isfalse
read_float
hypot_f
motion_control_h
HOMING_CYCLE_LINE_NUMBER
mc_line
mc_line
mc_arc
mc_arc
mc_dwell
mc_homing_cycle
mc_probe_cycle
mc_probe_cycle
mc_reset
limits_h
limits_go_home
limits_soft_check
init_step_timer
set_step_timer_period
enable_step_timer_isr
disable_step_timer_isr
init_step_pins
init_steppers
set_step_pins
set_dir_pins
limits_init
limits_get_state
limits_disable
grbl_h
F_CPU
PSTR
pgm_read_byte_near
GRBL_VERSION
GRBL_VERSION_BUILD
gcode_h
MODAL_GROUP_G0
MODAL_GROUP_G1
MODAL_GROUP_G2
MODAL_GROUP_G3
MODAL_GROUP_G4
MODAL_GROUP_G5
MODAL_GROUP_G6
MODAL_GROUP_G7
MODAL_GROUP_G8
MODAL_GROUP_G12
MODAL_GROUP_G13
MODAL_GROUP_M4
MODAL_GROUP_M7
MODAL_GROUP_M8
NON_MODAL_NO_ACTION
NON_MODAL_DWELL
NON_MODAL_SET_COORDINATE_DATA
NON_MODAL_GO_HOME_0
NON_MODAL_SET_HOME_0
NON_MODAL_GO_HOME_1
NON_MODAL_SET_HOME_1
NON_MODAL_ABSOLUTE_OVERRIDE
NON_MODAL_SET_COORDINATE_OFFSET
NON_MODAL_RESET_COORDINATE_OFFSET
MOTION_MODE_SEEK
MOTION_MODE_LINEAR
MOTION_MODE_CW_ARC
MOTION_MODE_CCW_ARC
MOTION_MODE_PROBE_TOWARD
MOTION_MODE_PROBE_TOWARD_NO_ERROR
MOTION_MODE_PROBE_AWAY
MOTION_MODE_PROBE_AWAY_NO_ERROR
MOTION_MODE_NONE
PLANE_SELECT_XY
PLANE_SELECT_ZX
PLANE_SELECT_YZ
DISTANCE_MODE_ABSOLUTE
DISTANCE_MODE_INCREMENTAL
DISTANCE_ARC_MODE_INCREMENTAL
PROGRAM_FLOW_RUNNING
PROGRAM_FLOW_PAUSED
PROGRAM_FLOW_COMPLETED
FEED_RATE_MODE_UNITS_PER_MIN
FEED_RATE_MODE_INVERSE_TIME
UNITS_MODE_MM
UNITS_MODE_INCHES
CUTTER_COMP_DISABLE
CONTROL_MODE_EXACT_PATH
SPINDLE_DISABLE
SPINDLE_ENABLE_CW
SPINDLE_ENABLE_CCW
COOLANT_DISABLE
COOLANT_MIST_ENABLE
COOLANT_FLOOD_ENABLE
TOOL_LENGTH_OFFSET_CANCEL
TOOL_LENGTH_OFFSET_ENABLE_DYNAMIC
WORD_F
WORD_I
WORD_J
WORD_K
WORD_L
WORD_N
WORD_P
WORD_R
WORD_S
WORD_T
WORD_X
WORD_Y
WORD_Z
tagC32E0D351
motion [s	tagC32E0D351]
feed_rate [s	tagC32E0D351]
units [s	tagC32E0D351]
distance [s	tagC32E0D351]
plane_select [s	tagC32E0D351]
tool_length [s	tagC32E0D351]
coord_select [s	tagC32E0D351]
program_flow [s	tagC32E0D351]
coolant [s	tagC32E0D351]
spindle [s	tagC32E0D351]
gc_modal_t
tagC32E0D352
f [s	tagC32E0D352]
ijk [s	tagC32E0D352]
l [s	tagC32E0D352]
n [s	tagC32E0D352]
p [s	tagC32E0D352]
r [s	tagC32E0D352]
s [s	tagC32E0D352]
t [s	tagC32E0D352]
xyz [s	tagC32E0D352]
gc_values_t
tagC32E0D353
modal [s	tagC32E0D353]
spindle_speed [s	tagC32E0D353]
feed_rate [s	tagC32E0D353]
tool [s	tagC32E0D353]
line_number [s	tagC32E0D353]
position [s	tagC32E0D353]
coord_system [s	tagC32E0D353]
coord_offset [s	tagC32E0D353]
tool_length_offset [s	tagC32E0D353]
parser_state_t
tagC32E0D354
non_modal_command [s	tagC32E0D354]
modal [s	tagC32E0D354]
values [s	tagC32E0D354]
parser_block_t
gc_init
gc_execute_line
gc_sync_position
eeprom_h
eeprom_get_char
eeprom_put_char
memcpy_to_eeprom_with_checksum
memcpy_from_eeprom_with_checksum
delay_h
_delay_ms
_delay_us
defaults_h
DEFAULT_X_STEPS_PER_MM
DEFAULT_Y_STEPS_PER_MM
DEFAULT_Z_STEPS_PER_MM
DEFAULT_X_MAX_RATE
DEFAULT_Y_MAX_RATE
DEFAULT_Z_MAX_RATE
DEFAULT_X_ACCELERATION
DEFAULT_Y_ACCELERATION
DEFAULT_Z_ACCELERATION
DEFAULT_X_MAX_TRAVEL
DEFAULT_Y_MAX_TRAVEL
DEFAULT_Z_MAX_TRAVEL
DEFAULT_STEP_PULSE_MICROSECONDS
DEFAULT_STEPPING_INVERT_MASK
DEFAULT_DIRECTION_INVERT_MASK
DEFAULT_STEPPER_IDLE_LOCK_TIME
DEFAULT_STATUS_REPORT_MASK
DEFAULT_JUNCTION_DEVIATION
DEFAULT_ARC_TOLERANCE
DEFAULT_REPORT_INCHES
DEFAULT_INVERT_ST_ENABLE
DEFAULT_INVERT_LIMIT_PINS
DEFAULT_SOFT_LIMIT_ENABLE
DEFAULT_HARD_LIMIT_ENABLE
DEFAULT_HOMING_ENABLE
DEFAULT_HOMING_DIR_MASK
DEFAULT_HOMING_FEED_RATE
DEFAULT_HOMING_SEEK_RATE
DEFAULT_HOMING_DEBOUNCE_DELAY
DEFAULT_HOMING_PULLOFF
cpu_map_h
X_STEP_BIT
Y_STEP_BIT
Z_STEP_BIT
STEP_MASK
X_DIRECTION_BIT
Y_DIRECTION_BIT
Z_DIRECTION_BIT
DIRECTION_MASK
X_LIMIT_BIT
Y_LIMIT_BIT
Z_LIMIT_BIT
Z_LIMIT_BIT
LIMIT_MASK
PROBE_BIT
PROBE_MASK
coolant_control_h
coolant_init
coolant_stop
coolant_set_state
coolant_run
config_h
DEFAULTS_GENERIC
BAUD_RATE
CPU_MAP_ATMEGA328P
CMD_STATUS_REPORT
CMD_FEED_HOLD
CMD_CYCLE_START
CMD_RESET
CMD_SAFETY_DOOR
HOMING_INIT_LOCK
HOMING_CYCLE_0
HOMING_CYCLE_1
N_HOMING_LOCATE_CYCLE
HOMING_FORCE_SET_ORIGIN
N_STARTUP_LINE
N_DECIMAL_COORDVALUE_INCH
N_DECIMAL_COORDVALUE_MM
N_DECIMAL_RATEVALUE_INCH
N_DECIMAL_RATEVALUE_MM
N_DECIMAL_SETTINGVALUE
MESSAGE_PROBE_COORDINATES
SAFETY_DOOR_SPINDLE_DELAY
SAFETY_DOOR_COOLANT_DELAY
ACCELERATION_TICKS_PER_SECOND
ADAPTIVE_MULTI_AXIS_STEP_SMOOTHING
TOOL_LENGTH_OFFSET_AXIS
VARIABLE_SPINDLE
SPINDLE_MAX_RPM
SPINDLE_MIN_RPM
MINIMUM_JUNCTION_SPEED
MINIMUM_FEED_RATE
N_ARC_CORRECTION
ARC_ANGULAR_TRAVEL_EPSILON
DWELL_TIME_STEP
RX_BUFFER_SIZE
